25-12-21 18:37:32.926 : 【Channel】: Built awgn channel, SNR 0 dB
25-12-21 18:37:33.213 : Start from timestep 252 with SNR from -4.394049644470215 to 3.999884605407715
25-12-21 18:37:33.213 : 【Config】: Retransmission Mode: oracle, Value: 0.2
25-12-21 18:37:35.433 : Batch 1: Phase 1 (Initial Reconstruction)...
25-12-21 18:38:51.396 :   -> Phase 1 PSNR: 20.77dB
25-12-21 18:38:51.411 :   -> [Diagnosis] Phase 1 JSCC PSNR: 22.82dB
25-12-21 18:38:51.411 : Batch 1: Processing Pixel-based Retransmission...
25-12-21 18:38:51.434 :   -> Retransmission Ratio: 20.00% (Target=0.2)
25-12-21 18:38:51.462 :   -> [Diagnosis] JSCC/Patched Gain: +7.84dB (PSNR: 22.82dB -> 30.65dB)
25-12-21 18:38:51.463 :   -> [Diagnosis] Patching successful.
25-12-21 18:38:51.463 :   -> Effective CBR: 0.0208 -> 0.0250
25-12-21 18:38:51.463 : Batch 1: Phase 2 (Refinement)...
25-12-21 18:40:08.826 :   -> Phase 2 PSNR: 22.56dB (+1.79)
25-12-21 18:40:09.019 : --------------------------------------------
25-12-21 18:40:09.036 : Batch 2: Phase 1 (Initial Reconstruction)...
25-12-21 18:41:26.634 :   -> Phase 1 PSNR: 20.71dB
25-12-21 18:41:26.651 :   -> [Diagnosis] Phase 1 JSCC PSNR: 23.17dB
25-12-21 18:41:26.651 : Batch 2: Processing Pixel-based Retransmission...
25-12-21 18:41:26.658 :   -> Retransmission Ratio: 20.00% (Target=0.2)
25-12-21 18:41:26.675 :   -> [Diagnosis] JSCC/Patched Gain: +5.48dB (PSNR: 23.17dB -> 28.65dB)
25-12-21 18:41:26.675 :   -> [Diagnosis] Patching successful.
25-12-21 18:41:26.675 :   -> Effective CBR: 0.0208 -> 0.0250
25-12-21 18:41:26.675 : Batch 2: Phase 2 (Refinement)...
