25-12-21 18:25:19.583 : 【Channel】: Built awgn channel, SNR 0 dB
25-12-21 18:25:19.821 : Start from timestep 252 with SNR from -4.394049644470215 to 3.999884605407715
25-12-21 18:25:19.822 : 【Config】: Retransmission Mode: oracle, Value: 0.2
25-12-21 18:25:22.130 : Batch 1: Phase 1 (Initial Reconstruction)...
25-12-21 18:26:36.402 :   -> Phase 1 PSNR: 20.77dB
25-12-21 18:26:36.417 :   -> [Diagnosis] Phase 1 JSCC PSNR: 22.82dB
25-12-21 18:26:36.417 : Batch 1: Processing Retransmission...
25-12-21 18:26:36.538 :   -> [Debug] Correlation between y_clean and y_dirty: 0.7032
25-12-21 18:26:36.539 :   -> [Warning] Correlation is suspiciously low! Check indices or scaling.
25-12-21 18:26:36.559 :   -> Retransmission Ratio: 20.00% (Target=0.2)
25-12-21 18:26:36.586 :   -> [Diagnosis] JSCC Decoder Only Gain: +-0.93dB (PSNR: 22.82dB -> 21.89dB)
25-12-21 18:26:36.586 :   -> [Diagnosis] Warning: Low JSCC gain. Even retransmission didn't help much.
25-12-21 18:26:36.586 :   -> Effective CBR: 0.0208 -> 0.0250
25-12-21 18:26:36.586 : Batch 1: Phase 2 (Refinement)...
25-12-21 18:27:54.743 :   -> Phase 2 PSNR: 21.97dB (+1.20)
25-12-21 18:27:54.902 : --------------------------------------------
25-12-21 18:27:54.919 : Batch 2: Phase 1 (Initial Reconstruction)...
25-12-21 18:29:15.143 :   -> Phase 1 PSNR: 20.71dB
25-12-21 18:29:15.161 :   -> [Diagnosis] Phase 1 JSCC PSNR: 23.17dB
25-12-21 18:29:15.161 : Batch 2: Processing Retransmission...
25-12-21 18:29:15.167 :   -> [Debug] Correlation between y_clean and y_dirty: 0.7092
25-12-21 18:29:15.167 :   -> [Warning] Correlation is suspiciously low! Check indices or scaling.
25-12-21 18:29:15.185 :   -> Retransmission Ratio: 20.00% (Target=0.2)
25-12-21 18:29:15.215 :   -> [Diagnosis] JSCC Decoder Only Gain: +-0.76dB (PSNR: 23.17dB -> 22.41dB)
25-12-21 18:29:15.215 :   -> [Diagnosis] Warning: Low JSCC gain. Even retransmission didn't help much.
25-12-21 18:29:15.215 :   -> Effective CBR: 0.0208 -> 0.0250
25-12-21 18:29:15.215 : Batch 2: Phase 2 (Refinement)...
25-12-21 18:30:32.637 :   -> Phase 2 PSNR: 22.36dB (+1.66)
25-12-21 18:30:32.815 : --------------------------------------------
25-12-21 18:30:32.831 : Batch 3: Phase 1 (Initial Reconstruction)...
25-12-21 18:31:51.311 :   -> Phase 1 PSNR: 23.04dB
25-12-21 18:31:51.327 :   -> [Diagnosis] Phase 1 JSCC PSNR: 24.97dB
25-12-21 18:31:51.327 : Batch 3: Processing Retransmission...
25-12-21 18:31:51.332 :   -> [Debug] Correlation between y_clean and y_dirty: 0.7041
25-12-21 18:31:51.332 :   -> [Warning] Correlation is suspiciously low! Check indices or scaling.
25-12-21 18:31:51.342 :   -> Retransmission Ratio: 20.00% (Target=0.2)
25-12-21 18:31:51.369 :   -> [Diagnosis] JSCC Decoder Only Gain: +-0.60dB (PSNR: 24.97dB -> 24.37dB)
25-12-21 18:31:51.369 :   -> [Diagnosis] Warning: Low JSCC gain. Even retransmission didn't help much.
25-12-21 18:31:51.369 :   -> Effective CBR: 0.0208 -> 0.0250
25-12-21 18:31:51.369 : Batch 3: Phase 2 (Refinement)...
25-12-21 18:33:08.948 :   -> Phase 2 PSNR: 25.24dB (+2.20)
25-12-21 18:33:09.107 : --------------------------------------------
25-12-21 18:33:09.123 : Batch 4: Phase 1 (Initial Reconstruction)...
25-12-21 18:34:27.487 :   -> Phase 1 PSNR: 23.04dB
25-12-21 18:34:27.503 :   -> [Diagnosis] Phase 1 JSCC PSNR: 25.19dB
25-12-21 18:34:27.503 : Batch 4: Processing Retransmission...
25-12-21 18:34:27.509 :   -> [Debug] Correlation between y_clean and y_dirty: 0.7180
25-12-21 18:34:27.509 :   -> [Warning] Correlation is suspiciously low! Check indices or scaling.
25-12-21 18:34:27.518 :   -> Retransmission Ratio: 20.00% (Target=0.2)
25-12-21 18:34:27.547 :   -> [Diagnosis] JSCC Decoder Only Gain: +-0.24dB (PSNR: 25.19dB -> 24.95dB)
25-12-21 18:34:27.547 :   -> [Diagnosis] Warning: Low JSCC gain. Even retransmission didn't help much.
25-12-21 18:34:27.547 :   -> Effective CBR: 0.0208 -> 0.0250
25-12-21 18:34:27.547 : Batch 4: Phase 2 (Refinement)...
25-12-21 18:35:44.350 :   -> Phase 2 PSNR: 25.07dB (+2.03)
25-12-21 18:35:44.521 : --------------------------------------------
25-12-21 18:35:44.539 : Batch 5: Phase 1 (Initial Reconstruction)...
25-12-21 18:37:03.289 :   -> Phase 1 PSNR: 21.85dB
25-12-21 18:37:03.316 :   -> [Diagnosis] Phase 1 JSCC PSNR: 23.90dB
25-12-21 18:37:03.317 : Batch 5: Processing Retransmission...
25-12-21 18:37:03.326 :   -> [Debug] Correlation between y_clean and y_dirty: 0.7121
25-12-21 18:37:03.326 :   -> [Warning] Correlation is suspiciously low! Check indices or scaling.
25-12-21 18:37:03.338 :   -> Retransmission Ratio: 20.00% (Target=0.2)
25-12-21 18:37:03.365 :   -> [Diagnosis] JSCC Decoder Only Gain: +-0.10dB (PSNR: 23.90dB -> 23.80dB)
25-12-21 18:37:03.365 :   -> [Diagnosis] Warning: Low JSCC gain. Even retransmission didn't help much.
25-12-21 18:37:03.365 :   -> Effective CBR: 0.0208 -> 0.0250
25-12-21 18:37:03.365 : Batch 5: Phase 2 (Refinement)...
