25-12-17 15:57:05.891 : Start from timestep 999 with SNR from -4.394049644470215 to 3.999884605407715
25-12-17 15:57:05.891 : 【Config】: model_name: ffhq_10m
25-12-17 15:57:05.891 : 【Config】: testset_name: ffhq_demo
25-12-17 15:57:05.891 : 【Config】: conditioning_method: blind_diffcom
25-12-17 15:57:05.891 : 【Config】: lr_schedule: constant
25-12-17 15:57:05.891 : 【Config】: learning_rate: 1.0
25-12-17 15:57:05.891 : 【Config】: zeta: 1.0
25-12-17 15:57:05.891 : 【Config】: gamma: 0.0
25-12-17 15:57:05.891 : 【Config】: h_lr: 0.2
25-12-17 15:57:05.891 : 【Config】: channel_type: ofdm_tdl
25-12-17 15:57:05.892 : 【Config】: CSNR: 10
25-12-17 15:57:05.892 : 【Config】: LMMSE channel estimation
25-12-17 15:57:05.892 : 【Config】: MMSE equalization
25-12-17 15:57:05.892 : 【Config】: 【BLIND MODE】
25-12-17 15:57:08.692 : batch---1--> 【Baseline】CBR: 0.0208,PSNR: 10.85dB, LPIPS: 0.7899, DISTS: 0.4615, MSSSIM: 0.1112
25-12-17 15:57:42.006 : batch---1--> 【Recon】H_Loss: 1.9287,L_m: 122.4030,L_c: 0.0000,PSNR: 7.14dB, LPIPS: 1.5254, DISTS: 0.6248, MSSSIM: 0.0521
25-12-17 15:57:42.007 : --------------------------------------------
25-12-17 15:57:42.097 : batch---2--> 【Baseline】CBR: 0.0208,PSNR: 8.52dB, LPIPS: 0.8554, DISTS: 0.4916, MSSSIM: 0.0000
25-12-17 15:58:15.610 : batch---2--> 【Recon】H_Loss: 2.1350,L_m: 116.2486,L_c: 0.0000,PSNR: 6.37dB, LPIPS: 1.5549, DISTS: 0.6197, MSSSIM: 0.0500
25-12-17 15:58:15.611 : --------------------------------------------
25-12-17 15:58:15.667 : batch---3--> 【Baseline】CBR: 0.0208,PSNR: 10.33dB, LPIPS: 0.7779, DISTS: 0.4462, MSSSIM: 0.0000
25-12-17 15:58:49.242 : batch---3--> 【Recon】H_Loss: 1.6432,L_m: 116.3394,L_c: 0.0000,PSNR: 7.55dB, LPIPS: 1.5513, DISTS: 0.6238, MSSSIM: 0.0558
25-12-17 15:58:49.242 : --------------------------------------------
25-12-17 15:58:49.299 : batch---4--> 【Baseline】CBR: 0.0208,PSNR: 9.17dB, LPIPS: 0.7933, DISTS: 0.5085, MSSSIM: 0.0000
25-12-17 15:59:24.004 : batch---4--> 【Recon】H_Loss: 1.8862,L_m: 115.0491,L_c: 0.0000,PSNR: 7.17dB, LPIPS: 1.5386, DISTS: 0.6263, MSSSIM: 0.0493
25-12-17 15:59:24.004 : --------------------------------------------
25-12-17 15:59:24.009 : -----------> Method: blind_diffcom
25-12-17 15:59:24.009 : -----------> Average PSNR (RGB) of (ffhq_demo), SNR: (10): 9.16972900845762 -> 7.058995967987464
25-12-17 15:59:24.009 : -----------> Average LPIPS of (ffhq_demo), SNR: (10): 0.7933226823806763 -> 1.5425582528114319
25-12-17 15:59:24.009 : -----------> Average DISTS of (ffhq_demo), SNR: (10): 0.5084784030914307 -> 0.6236559003591537
25-12-17 15:59:24.009 : -----------> Average MSSSIM of (ffhq_demo), SNR: (10): 0.0 -> 0.05178934242576361
25-12-17 15:59:24.009 : -----------> Average H_Loss of (ffhq_demo), SNR: (10): 1.8982873558998108
25-12-17 15:59:24.009 : -----------> Average Measurement Loss L_m of ffhq_demo, SNR: 10dB: 117.51003646850586
25-12-17 15:59:24.009 : -----------> Average Confirming Loss L_c of ffhq_demo, SNR: 10dB: 0.0
25-12-17 15:59:24.009 : -----------> Results Save to /home/naaa/diffcom/results/ffhq_demo/blind_diffcom/djscc_2/ofdm_tdl_10dB/zeta1.0_seed22_gamma0.0_BLIND_h_lr0.2__NFE1000_ffhq_10m
25-12-17 16:00:23.861 : Start from timestep 999 with SNR from -4.394049644470215 to 3.999884605407715
25-12-17 16:00:23.862 : 【Config】: model_name: ffhq_10m
25-12-17 16:00:23.862 : 【Config】: testset_name: ffhq_demo
25-12-17 16:00:23.862 : 【Config】: conditioning_method: blind_diffcom
25-12-17 16:00:23.862 : 【Config】: lr_schedule: constant
25-12-17 16:00:23.862 : 【Config】: learning_rate: 1.0
25-12-17 16:00:23.862 : 【Config】: zeta: 1.0
25-12-17 16:00:23.862 : 【Config】: gamma: 0.0
25-12-17 16:00:23.862 : 【Config】: h_lr: 0.2
25-12-17 16:00:23.862 : 【Config】: channel_type: ofdm_tdl
25-12-17 16:00:23.862 : 【Config】: CSNR: 10
25-12-17 16:00:23.862 : 【Config】: LMMSE channel estimation
25-12-17 16:00:23.862 : 【Config】: MMSE equalization
25-12-17 16:00:23.862 : 【Config】: 【BLIND MODE】
25-12-17 16:00:26.226 : batch---1--> 【Baseline】CBR: 0.0208,PSNR: 10.85dB, LPIPS: 0.7899, DISTS: 0.4615, MSSSIM: 0.1112
25-12-17 16:05:33.507 : batch---1--> 【Recon】H_Loss: 0.7799,L_m: 96.4881,L_c: 0.0000,PSNR: 6.10dB, LPIPS: 0.7434, DISTS: 0.5744, MSSSIM: 0.1586
25-12-17 16:05:33.507 : --------------------------------------------
25-12-17 16:05:33.628 : batch---2--> 【Baseline】CBR: 0.0208,PSNR: 8.64dB, LPIPS: 0.8334, DISTS: 0.4958, MSSSIM: 0.0000
25-12-17 16:10:42.471 : batch---2--> 【Recon】H_Loss: 1.8798,L_m: 100.2207,L_c: 0.0000,PSNR: 3.47dB, LPIPS: 0.7966, DISTS: 0.4428, MSSSIM: 0.1555
25-12-17 16:10:42.471 : --------------------------------------------
25-12-17 16:10:42.533 : batch---3--> 【Baseline】CBR: 0.0208,PSNR: 10.27dB, LPIPS: 0.7685, DISTS: 0.4434, MSSSIM: 0.0000
25-12-17 16:12:13.618 : Start from timestep 999 with SNR from -4.394049644470215 to 3.999884605407715
25-12-17 16:12:13.618 : 【Config】: model_name: ffhq_10m
25-12-17 16:12:13.619 : 【Config】: testset_name: ffhq_demo
25-12-17 16:12:13.619 : 【Config】: conditioning_method: blind_diffcom
25-12-17 16:12:13.619 : 【Config】: lr_schedule: constant
25-12-17 16:12:13.619 : 【Config】: learning_rate: 1.0
25-12-17 16:12:13.619 : 【Config】: zeta: 1.0
25-12-17 16:12:13.619 : 【Config】: gamma: 0.0
25-12-17 16:12:13.619 : 【Config】: h_lr: 0.2
25-12-17 16:12:13.619 : 【Config】: channel_type: ofdm_tdl
25-12-17 16:12:13.619 : 【Config】: CSNR: 10
25-12-17 16:12:13.619 : 【Config】: LMMSE channel estimation
25-12-17 16:12:13.619 : 【Config】: MMSE equalization
25-12-17 16:12:13.619 : 【Config】: 【BLIND MODE】
25-12-17 16:12:16.086 : batch---1--> 【Baseline】CBR: 0.0208,PSNR: 10.85dB, LPIPS: 0.7899, DISTS: 0.4615, MSSSIM: 0.1112
25-12-17 16:17:30.433 : batch---1--> 【Recon】H_Loss: 0.0911,L_m: 73.4502,L_c: 0.0000,PSNR: 7.64dB, LPIPS: 0.4624, DISTS: 0.3371, MSSSIM: 0.5303
25-12-17 16:17:30.433 : --------------------------------------------
25-12-17 16:17:30.541 : batch---2--> 【Baseline】CBR: 0.0208,PSNR: 8.64dB, LPIPS: 0.8334, DISTS: 0.4958, MSSSIM: 0.0000
25-12-17 16:22:48.748 : batch---2--> 【Recon】H_Loss: 2.1972,L_m: 70.8931,L_c: 0.0000,PSNR: 5.11dB, LPIPS: 0.6516, DISTS: 0.4722, MSSSIM: 0.0000
25-12-17 16:22:48.748 : --------------------------------------------
25-12-17 16:22:48.805 : batch---3--> 【Baseline】CBR: 0.0208,PSNR: 10.27dB, LPIPS: 0.7685, DISTS: 0.4434, MSSSIM: 0.0000
25-12-17 16:27:58.994 : batch---3--> 【Recon】H_Loss: 1.8805,L_m: 98.9736,L_c: 0.0000,PSNR: 5.44dB, LPIPS: 0.6911, DISTS: 0.4386, MSSSIM: 0.1013
25-12-17 16:27:58.994 : --------------------------------------------
25-12-17 16:27:59.084 : batch---4--> 【Baseline】CBR: 0.0208,PSNR: 9.27dB, LPIPS: 0.8020, DISTS: 0.5024, MSSSIM: 0.0000
25-12-17 16:33:13.643 : batch---4--> 【Recon】H_Loss: 0.0976,L_m: 59.9592,L_c: 0.0000,PSNR: 25.57dB, LPIPS: 0.1379, DISTS: 0.1655, MSSSIM: 0.8871
25-12-17 16:33:13.643 : --------------------------------------------
25-12-17 16:33:13.648 : -----------> Method: blind_diffcom
25-12-17 16:33:13.648 : -----------> Average PSNR (RGB) of (ffhq_demo), SNR: (10): 9.270497537446529 -> 10.941040609723412
25-12-17 16:33:13.648 : -----------> Average LPIPS of (ffhq_demo), SNR: (10): 0.8019612431526184 -> 0.4857679605484009
25-12-17 16:33:13.648 : -----------> Average DISTS of (ffhq_demo), SNR: (10): 0.5023915767669678 -> 0.3533618599176407
25-12-17 16:33:13.648 : -----------> Average MSSSIM of (ffhq_demo), SNR: (10): 0.0 -> 0.37966688722372055
25-12-17 16:33:13.648 : -----------> Average H_Loss of (ffhq_demo), SNR: (10): 1.0666011329740286
25-12-17 16:33:13.649 : -----------> Average Measurement Loss L_m of ffhq_demo, SNR: 10dB: 75.8190336227417
25-12-17 16:33:13.649 : -----------> Average Confirming Loss L_c of ffhq_demo, SNR: 10dB: 0.0
25-12-17 16:33:13.649 : -----------> Results Save to /home/naaa/diffcom/results/ffhq_demo/blind_diffcom/djscc_2/ofdm_tdl_10dB/zeta1.0_seed22_gamma0.0_BLIND_h_lr0.2__NFE1000_ffhq_10m
25-12-17 17:59:14.397 : Start from timestep 999 with SNR from -4.394049644470215 to 3.999884605407715
25-12-17 17:59:14.397 : 【Config】: model_name: ffhq_10m
25-12-17 17:59:14.398 : 【Config】: testset_name: ffhq_demo
25-12-17 17:59:14.398 : 【Config】: conditioning_method: blind_diffcom
25-12-17 17:59:14.398 : 【Config】: lr_schedule: constant
25-12-17 17:59:14.398 : 【Config】: learning_rate: 1.0
25-12-17 17:59:14.398 : 【Config】: zeta: 1.0
25-12-17 17:59:14.398 : 【Config】: gamma: 0.0
25-12-17 17:59:14.398 : 【Config】: h_lr: 0.2
25-12-17 17:59:14.398 : 【Config】: channel_type: ofdm_tdl
25-12-17 17:59:14.398 : 【Config】: CSNR: 10
25-12-17 17:59:14.398 : 【Config】: LMMSE channel estimation
25-12-17 17:59:14.398 : 【Config】: MMSE equalization
25-12-17 17:59:14.398 : 【Config】: 【BLIND MODE】
25-12-17 17:59:17.589 : batch---1--> 【Baseline】CBR: 0.0208,PSNR: 10.85dB, LPIPS: 0.7899, DISTS: 0.4615, MSSSIM: 0.1112
25-12-17 18:02:07.470 : batch---1--> 【Recon】H_Loss: 0.0384,L_m: 49.5421,L_c: 0.0000,PSNR: 18.07dB, LPIPS: 0.1326, DISTS: 0.1434, MSSSIM: 0.8909
25-12-17 18:02:07.617 : Batch 0: Uncertainty-Error Correlation = -0.0907
25-12-17 18:02:07.617 : Warning: Low correlation (-0.0907) in batch 0. Check uncertainty calculation.
25-12-17 18:02:07.618 : --------------------------------------------
25-12-17 18:02:07.804 : batch---2--> 【Baseline】CBR: 0.0208,PSNR: 8.60dB, LPIPS: 0.8366, DISTS: 0.4931, MSSSIM: 0.0000
25-12-17 18:04:54.527 : batch---2--> 【Recon】H_Loss: 1.8306,L_m: 108.2423,L_c: 0.0000,PSNR: 3.27dB, LPIPS: 0.8412, DISTS: 0.4777, MSSSIM: 0.2040
25-12-17 18:04:54.534 : Batch 1: Uncertainty-Error Correlation = 0.1694
25-12-17 18:04:54.534 : --------------------------------------------
25-12-17 18:04:54.666 : batch---3--> 【Baseline】CBR: 0.0208,PSNR: 10.36dB, LPIPS: 0.7750, DISTS: 0.4461, MSSSIM: 0.0000
25-12-17 18:07:40.441 : batch---3--> 【Recon】H_Loss: 1.6698,L_m: 110.4902,L_c: 0.0000,PSNR: 4.90dB, LPIPS: 0.7876, DISTS: 0.4561, MSSSIM: 0.2589
25-12-17 18:07:40.448 : Batch 2: Uncertainty-Error Correlation = 0.1005
25-12-17 18:07:40.448 : --------------------------------------------
25-12-17 18:07:40.552 : batch---4--> 【Baseline】CBR: 0.0208,PSNR: 9.18dB, LPIPS: 0.8057, DISTS: 0.5050, MSSSIM: 0.0000
25-12-17 18:10:26.600 : batch---4--> 【Recon】H_Loss: 1.4909,L_m: 115.0241,L_c: 0.0000,PSNR: 3.82dB, LPIPS: 0.9839, DISTS: 0.6406, MSSSIM: 0.1401
25-12-17 18:10:26.607 : Batch 3: Uncertainty-Error Correlation = -0.0334
25-12-17 18:10:26.608 : Warning: Low correlation (-0.0334) in batch 3. Check uncertainty calculation.
25-12-17 18:10:26.608 : --------------------------------------------
25-12-17 18:10:26.614 : -----------> Method: blind_diffcom
25-12-17 18:10:26.615 : -----------> Average PSNR (RGB) of (ffhq_demo), SNR: (10): 9.184047427014544 -> 7.515625294076948
25-12-17 18:10:26.615 : -----------> Average LPIPS of (ffhq_demo), SNR: (10): 0.8056765794754028 -> 0.6862978413701057
25-12-17 18:10:26.615 : -----------> Average DISTS of (ffhq_demo), SNR: (10): 0.5050026774406433 -> 0.4294450879096985
25-12-17 18:10:26.615 : -----------> Average MSSSIM of (ffhq_demo), SNR: (10): 0.0 -> 0.3734770119190216
25-12-17 18:10:26.615 : -----------> Average H_Loss of (ffhq_demo), SNR: (10): 1.2574352454394102
25-12-17 18:10:26.615 : -----------> Average Measurement Loss L_m of ffhq_demo, SNR: 10dB: 95.82467555999756
25-12-17 18:10:26.615 : -----------> Average Confirming Loss L_c of ffhq_demo, SNR: 10dB: 0.0
25-12-17 18:10:26.615 : -----------> Results Save to /home/naaa/diffcom/results/ffhq_demo/blind_diffcom/djscc_2/ofdm_tdl_10dB/zeta1.0_seed22_gamma0.0_BLIND_h_lr0.2__NFE1000_ffhq_10m
25-12-17 18:33:26.731 : Start from timestep 999 with SNR from -4.394049644470215 to 3.999884605407715
25-12-17 18:33:26.732 : 【Config】: model_name: ffhq_10m
25-12-17 18:33:26.732 : 【Config】: testset_name: ffhq_demo
25-12-17 18:33:26.732 : 【Config】: conditioning_method: blind_diffcom
25-12-17 18:33:26.732 : 【Config】: lr_schedule: constant
25-12-17 18:33:26.733 : 【Config】: learning_rate: 1.0
25-12-17 18:33:26.733 : 【Config】: zeta: 1.0
25-12-17 18:33:26.733 : 【Config】: gamma: 0.0
25-12-17 18:33:26.733 : 【Config】: h_lr: 0.2
25-12-17 18:33:26.733 : 【Config】: channel_type: ofdm_tdl
25-12-17 18:33:26.733 : 【Config】: CSNR: 10
25-12-17 18:33:26.734 : 【Config】: LMMSE channel estimation
25-12-17 18:33:26.734 : 【Config】: MMSE equalization
25-12-17 18:33:26.734 : 【Config】: 【BLIND MODE】
25-12-17 18:33:30.105 : batch---1--> 【Baseline】CBR: 0.0208,PSNR: 10.85dB, LPIPS: 0.7899, DISTS: 0.4615, MSSSIM: 0.1112
25-12-17 18:36:24.954 : batch---1--> 【Recon】H_Loss: 0.0462,L_m: 48.2581,L_c: 0.0000,PSNR: 22.34dB, LPIPS: 0.1168, DISTS: 0.1446, MSSSIM: 0.9087
25-12-17 18:36:25.093 : Batch 0: Uncertainty-Error Correlation = 0.0304
25-12-17 18:36:25.094 : Warning: Low correlation (0.0304) in batch 0. Check uncertainty calculation.
25-12-17 18:36:25.094 : --------------------------------------------
25-12-17 18:36:25.286 : batch---2--> 【Baseline】CBR: 0.0208,PSNR: 8.60dB, LPIPS: 0.8366, DISTS: 0.4931, MSSSIM: 0.0000
25-12-17 18:39:14.894 : batch---2--> 【Recon】H_Loss: 2.2062,L_m: 69.7401,L_c: 0.0000,PSNR: 5.11dB, LPIPS: 0.6288, DISTS: 0.4537, MSSSIM: 0.0000
25-12-17 18:39:14.901 : Batch 1: Uncertainty-Error Correlation = -0.2723
25-12-17 18:39:14.901 : Warning: Low correlation (-0.2723) in batch 1. Check uncertainty calculation.
25-12-17 18:39:14.901 : --------------------------------------------
25-12-17 18:39:15.060 : batch---3--> 【Baseline】CBR: 0.0208,PSNR: 10.36dB, LPIPS: 0.7750, DISTS: 0.4461, MSSSIM: 0.0000
25-12-17 18:42:14.096 : batch---3--> 【Recon】H_Loss: 1.8923,L_m: 106.1739,L_c: 0.0000,PSNR: 7.28dB, LPIPS: 0.7177, DISTS: 0.4592, MSSSIM: 0.2007
25-12-17 18:42:14.104 : Batch 2: Uncertainty-Error Correlation = 0.0239
25-12-17 18:42:14.104 : Warning: Low correlation (0.0239) in batch 2. Check uncertainty calculation.
25-12-17 18:42:14.104 : --------------------------------------------
25-12-17 18:42:14.217 : batch---4--> 【Baseline】CBR: 0.0208,PSNR: 9.18dB, LPIPS: 0.8057, DISTS: 0.5050, MSSSIM: 0.0000
25-12-17 18:45:14.533 : batch---4--> 【Recon】H_Loss: 1.3487,L_m: 114.1509,L_c: 0.0000,PSNR: 5.89dB, LPIPS: 0.9674, DISTS: 0.5926, MSSSIM: 0.1228
25-12-17 18:45:14.540 : Batch 3: Uncertainty-Error Correlation = -0.0282
25-12-17 18:45:14.541 : Warning: Low correlation (-0.0282) in batch 3. Check uncertainty calculation.
25-12-17 18:45:14.541 : --------------------------------------------
25-12-17 18:45:14.547 : -----------> Method: blind_diffcom
25-12-17 18:45:14.547 : -----------> Average PSNR (RGB) of (ffhq_demo), SNR: (10): 9.184047427014544 -> 10.156653815977773
25-12-17 18:45:14.547 : -----------> Average LPIPS of (ffhq_demo), SNR: (10): 0.8056765794754028 -> 0.6076553724706173
25-12-17 18:45:14.547 : -----------> Average DISTS of (ffhq_demo), SNR: (10): 0.5050026774406433 -> 0.41253770887851715
25-12-17 18:45:14.548 : -----------> Average MSSSIM of (ffhq_demo), SNR: (10): 0.0 -> 0.30804591439664364
25-12-17 18:45:14.548 : -----------> Average H_Loss of (ffhq_demo), SNR: (10): 1.3733504759147763
25-12-17 18:45:14.548 : -----------> Average Measurement Loss L_m of ffhq_demo, SNR: 10dB: 84.58074569702148
25-12-17 18:45:14.548 : -----------> Average Confirming Loss L_c of ffhq_demo, SNR: 10dB: 0.0
25-12-17 18:45:14.548 : -----------> Results Save to /home/naaa/diffcom/results/ffhq_demo/blind_diffcom/djscc_2/ofdm_tdl_10dB/zeta1.0_seed22_gamma0.0_BLIND_h_lr0.2__NFE1000_ffhq_10m
25-12-17 19:11:06.713 : Start from timestep 999 with SNR from -4.394049644470215 to 3.999884605407715
25-12-17 19:11:06.713 : 【Config】: model_name: ffhq_10m
25-12-17 19:11:06.713 : 【Config】: testset_name: ffhq_demo
25-12-17 19:11:06.713 : 【Config】: conditioning_method: blind_diffcom
25-12-17 19:11:06.714 : 【Config】: lr_schedule: constant
25-12-17 19:11:06.714 : 【Config】: learning_rate: 1.0
25-12-17 19:11:06.714 : 【Config】: zeta: 1.0
25-12-17 19:11:06.714 : 【Config】: gamma: 0.0
25-12-17 19:11:06.714 : 【Config】: h_lr: 0.2
25-12-17 19:11:06.714 : 【Config】: channel_type: ofdm_tdl
25-12-17 19:11:06.714 : 【Config】: CSNR: 10
25-12-17 19:11:06.714 : 【Config】: LMMSE channel estimation
25-12-17 19:11:06.714 : 【Config】: MMSE equalization
25-12-17 19:11:06.714 : 【Config】: 【BLIND MODE】
25-12-17 19:11:09.937 : batch---1--> 【Baseline】CBR: 0.0208,PSNR: 10.85dB, LPIPS: 0.7899, DISTS: 0.4615, MSSSIM: 0.1112
25-12-17 19:14:05.009 : batch---1--> 【Recon】H_Loss: 0.0460,L_m: 48.2551,L_c: 0.0000,PSNR: 22.43dB, LPIPS: 0.1166, DISTS: 0.1444, MSSSIM: 0.9090
25-12-17 19:52:00.284 : Start from timestep 999 with SNR from -4.394049644470215 to 3.999884605407715
25-12-17 19:52:00.285 : 【Config】: model_name: ffhq_10m
25-12-17 19:52:00.285 : 【Config】: testset_name: ffhq_demo
25-12-17 19:52:00.285 : 【Config】: conditioning_method: blind_diffcom
25-12-17 19:52:00.285 : 【Config】: lr_schedule: constant
25-12-17 19:52:00.286 : 【Config】: learning_rate: 1.0
25-12-17 19:52:00.286 : 【Config】: zeta: 1.0
25-12-17 19:52:00.286 : 【Config】: gamma: 0.0
25-12-17 19:52:00.286 : 【Config】: h_lr: 0.2
25-12-17 19:52:00.286 : 【Config】: channel_type: ofdm_tdl
25-12-17 19:52:00.286 : 【Config】: CSNR: 10
25-12-17 19:52:00.286 : 【Config】: LMMSE channel estimation
25-12-17 19:52:00.287 : 【Config】: MMSE equalization
25-12-17 19:52:00.287 : 【Config】: 【BLIND MODE】
25-12-17 19:52:03.548 : batch---1--> 【Baseline】CBR: 0.0208,PSNR: 10.85dB, LPIPS: 0.7899, DISTS: 0.4615, MSSSIM: 0.1112
25-12-17 19:55:00.160 : batch---1--> 【Recon】H_Loss: 0.0460,L_m: 48.2114,L_c: 0.0000,PSNR: 22.34dB, LPIPS: 0.1167, DISTS: 0.1442, MSSSIM: 0.9088
25-12-17 20:03:10.730 : Start from timestep 999 with SNR from -4.394049644470215 to 3.999884605407715
25-12-17 20:03:10.731 : 【Config】: model_name: ffhq_10m
25-12-17 20:03:10.731 : 【Config】: testset_name: ffhq_demo
25-12-17 20:03:10.732 : 【Config】: conditioning_method: blind_diffcom
25-12-17 20:03:10.732 : 【Config】: lr_schedule: constant
25-12-17 20:03:10.732 : 【Config】: learning_rate: 1.0
25-12-17 20:03:10.732 : 【Config】: zeta: 1.0
25-12-17 20:03:10.732 : 【Config】: gamma: 0.0
25-12-17 20:03:10.732 : 【Config】: h_lr: 0.2
25-12-17 20:03:10.733 : 【Config】: channel_type: ofdm_tdl
25-12-17 20:03:10.733 : 【Config】: CSNR: 10
25-12-17 20:03:10.733 : 【Config】: LMMSE channel estimation
25-12-17 20:03:10.733 : 【Config】: MMSE equalization
25-12-17 20:03:10.733 : 【Config】: 【BLIND MODE】
25-12-17 20:03:14.094 : batch---1--> 【Baseline】CBR: 0.0208,PSNR: 10.85dB, LPIPS: 0.7899, DISTS: 0.4615, MSSSIM: 0.1112
25-12-17 20:06:12.947 : batch---1--> 【Recon】H_Loss: 0.0462,L_m: 48.2152,L_c: 0.0000,PSNR: 22.36dB, LPIPS: 0.1166, DISTS: 0.1443, MSSSIM: 0.9088
25-12-17 20:06:13.054 : Batch 0: Uncertainty-LatentError Correlation = 0.2589
25-12-17 20:06:13.167 : --------------------------------------------
25-12-17 20:06:13.288 : batch---2--> 【Baseline】CBR: 0.0208,PSNR: 8.60dB, LPIPS: 0.8366, DISTS: 0.4931, MSSSIM: 0.0000
25-12-17 20:09:11.286 : batch---2--> 【Recon】H_Loss: 2.1366,L_m: 106.8463,L_c: 0.0000,PSNR: 8.29dB, LPIPS: 0.6969, DISTS: 0.4571, MSSSIM: 0.1011
25-12-17 20:09:11.307 : Batch 1: Uncertainty-LatentError Correlation = 0.1553
25-12-17 20:09:11.370 : --------------------------------------------
25-12-17 20:09:11.483 : batch---3--> 【Baseline】CBR: 0.0208,PSNR: 10.36dB, LPIPS: 0.7750, DISTS: 0.4461, MSSSIM: 0.0000
25-12-17 20:12:08.866 : batch---3--> 【Recon】H_Loss: 1.6254,L_m: 111.9561,L_c: 0.0000,PSNR: 4.77dB, LPIPS: 0.8038, DISTS: 0.4637, MSSSIM: 0.2568
25-12-17 20:12:08.876 : Batch 2: Uncertainty-LatentError Correlation = 0.2547
25-12-17 20:12:08.951 : --------------------------------------------
25-12-17 20:12:09.061 : batch---4--> 【Baseline】CBR: 0.0208,PSNR: 9.18dB, LPIPS: 0.8057, DISTS: 0.5050, MSSSIM: 0.0000
25-12-17 20:15:08.961 : batch---4--> 【Recon】H_Loss: 1.7332,L_m: 111.2714,L_c: 0.0000,PSNR: 4.44dB, LPIPS: 0.8034, DISTS: 0.4734, MSSSIM: 0.0247
25-12-17 20:15:08.984 : Batch 3: Uncertainty-LatentError Correlation = 0.1686
25-12-17 20:15:09.042 : --------------------------------------------
25-12-17 20:15:09.047 : -----------> Method: blind_diffcom
25-12-17 20:15:09.047 : -----------> Average PSNR (RGB) of (ffhq_demo), SNR: (10): 9.184047427014544 -> 9.964815227425259
25-12-17 20:15:09.047 : -----------> Average LPIPS of (ffhq_demo), SNR: (10): 0.8056765794754028 -> 0.6052026208490133
25-12-17 20:15:09.047 : -----------> Average DISTS of (ffhq_demo), SNR: (10): 0.5050026774406433 -> 0.3846443146467209
25-12-17 20:15:09.047 : -----------> Average MSSSIM of (ffhq_demo), SNR: (10): 0.0 -> 0.32282575173303485
25-12-17 20:15:09.047 : -----------> Average H_Loss of (ffhq_demo), SNR: (10): 1.3853439064696431
25-12-17 20:15:09.047 : -----------> Average Measurement Loss L_m of ffhq_demo, SNR: 10dB: 94.5722484588623
25-12-17 20:15:09.047 : -----------> Average Confirming Loss L_c of ffhq_demo, SNR: 10dB: 0.0
25-12-17 20:15:09.047 : -----------> Results Save to /home/naaa/diffcom/results/ffhq_demo/blind_diffcom/djscc_2/ofdm_tdl_10dB/zeta1.0_seed22_gamma0.0_BLIND_h_lr0.2__NFE1000_ffhq_10m
25-12-17 20:21:07.326 : Start from timestep 999 with SNR from -4.394049644470215 to 3.999884605407715
25-12-17 20:21:07.327 : 【Config】: model_name: ffhq_10m
25-12-17 20:21:07.327 : 【Config】: testset_name: ffhq_demo
25-12-17 20:21:07.327 : 【Config】: conditioning_method: blind_diffcom
25-12-17 20:21:07.327 : 【Config】: lr_schedule: constant
25-12-17 20:21:07.327 : 【Config】: learning_rate: 1.0
25-12-17 20:21:07.327 : 【Config】: zeta: 1.0
25-12-17 20:21:07.327 : 【Config】: gamma: 0.0
25-12-17 20:21:07.327 : 【Config】: h_lr: 0.2
25-12-17 20:21:07.327 : 【Config】: channel_type: ofdm_tdl
25-12-17 20:21:07.327 : 【Config】: CSNR: 10
25-12-17 20:21:07.327 : 【Config】: LMMSE channel estimation
25-12-17 20:21:07.327 : 【Config】: MMSE equalization
25-12-17 20:21:07.327 : 【Config】: 【BLIND MODE】
25-12-17 20:21:09.838 : batch---1--> 【Baseline】CBR: 0.0208,PSNR: 10.85dB, LPIPS: 0.7899, DISTS: 0.4615, MSSSIM: 0.1112
25-12-17 20:24:17.614 : batch---1--> 【Recon】H_Loss: 0.0435,L_m: 48.1411,L_c: 0.0000,PSNR: 22.53dB, LPIPS: 0.1123, DISTS: 0.1304, MSSSIM: 0.9110
25-12-17 20:24:17.647 : Batch 0: Uncertainty-LatentError Correlation = 0.2331
25-12-17 20:24:17.723 : --------------------------------------------
25-12-17 20:24:17.836 : batch---2--> 【Baseline】CBR: 0.0208,PSNR: 8.71dB, LPIPS: 0.8416, DISTS: 0.4905, MSSSIM: 0.0000
25-12-17 20:27:22.688 : batch---2--> 【Recon】H_Loss: 0.0518,L_m: 54.6052,L_c: 0.0000,PSNR: 25.81dB, LPIPS: 0.0938, DISTS: 0.1161, MSSSIM: 0.9168
25-12-17 20:27:22.713 : Batch 1: Uncertainty-LatentError Correlation = 0.2354
25-12-17 20:27:22.774 : --------------------------------------------
25-12-17 20:27:22.897 : batch---3--> 【Baseline】CBR: 0.0208,PSNR: 10.34dB, LPIPS: 0.7680, DISTS: 0.4474, MSSSIM: 0.0000
25-12-17 20:30:25.941 : batch---3--> 【Recon】H_Loss: 1.9160,L_m: 105.6035,L_c: 0.0000,PSNR: 7.38dB, LPIPS: 0.7214, DISTS: 0.4388, MSSSIM: 0.1724
25-12-17 20:30:25.967 : Batch 2: Uncertainty-LatentError Correlation = 0.3767
25-12-17 20:30:26.048 : --------------------------------------------
25-12-17 20:30:26.167 : batch---4--> 【Baseline】CBR: 0.0208,PSNR: 9.21dB, LPIPS: 0.7837, DISTS: 0.4987, MSSSIM: 0.0000
25-12-17 20:33:28.286 : batch---4--> 【Recon】H_Loss: 0.0977,L_m: 61.0184,L_c: 0.0000,PSNR: 25.74dB, LPIPS: 0.1511, DISTS: 0.1589, MSSSIM: 0.8909
25-12-17 20:33:28.310 : Batch 3: Uncertainty-LatentError Correlation = 0.2037
25-12-17 20:33:28.395 : --------------------------------------------
25-12-17 20:33:28.400 : -----------> Method: blind_diffcom
25-12-17 20:33:28.400 : -----------> Average PSNR (RGB) of (ffhq_demo), SNR: (10): 9.212539737863711 -> 20.366237837253557
25-12-17 20:33:28.401 : -----------> Average LPIPS of (ffhq_demo), SNR: (10): 0.7836644053459167 -> 0.26966959051787853
25-12-17 20:33:28.401 : -----------> Average DISTS of (ffhq_demo), SNR: (10): 0.49869322776794434 -> 0.21105816960334778
25-12-17 20:33:28.401 : -----------> Average MSSSIM of (ffhq_demo), SNR: (10): 0.0 -> 0.7227600924670696
25-12-17 20:33:28.401 : -----------> Average H_Loss of (ffhq_demo), SNR: (10): 0.5272402884438634
25-12-17 20:33:28.401 : -----------> Average Measurement Loss L_m of ffhq_demo, SNR: 10dB: 67.3420352935791
25-12-17 20:33:28.401 : -----------> Average Confirming Loss L_c of ffhq_demo, SNR: 10dB: 0.0
25-12-17 20:33:28.401 : -----------> Results Save to /home/naaa/diffcom/results/ffhq_demo/blind_diffcom/djscc_2/ofdm_tdl_10dB/zeta1.0_seed22_gamma0.0_BLIND_h_lr0.2__NFE1000_ffhq_10m
25-12-17 22:10:38.574 : Start from timestep 999 with SNR from -4.394049644470215 to 3.999884605407715
25-12-17 22:10:38.574 : 【Config】: model_name: ffhq_10m
25-12-17 22:10:38.575 : 【Config】: testset_name: ffhq_demo
25-12-17 22:10:38.575 : 【Config】: conditioning_method: blind_diffcom
25-12-17 22:10:38.575 : 【Config】: lr_schedule: constant
25-12-17 22:10:38.575 : 【Config】: learning_rate: 1.0
25-12-17 22:10:38.575 : 【Config】: zeta: 1.0
25-12-17 22:10:38.575 : 【Config】: gamma: 0.0
25-12-17 22:10:38.575 : 【Config】: h_lr: 0.2
25-12-17 22:10:38.575 : 【Config】: channel_type: ofdm_tdl
25-12-17 22:10:38.575 : 【Config】: CSNR: 10
25-12-17 22:10:38.575 : 【Config】: LMMSE channel estimation
25-12-17 22:10:38.575 : 【Config】: MMSE equalization
25-12-17 22:10:38.575 : 【Config】: 【BLIND MODE】
25-12-17 22:10:41.778 : batch---1--> 【Baseline】CBR: 0.0208,PSNR: 10.85dB, LPIPS: 0.7899, DISTS: 0.4615, MSSSIM: 0.1112
25-12-17 22:13:38.825 : batch---1--> 【Recon】H_Loss: 0.0482,L_m: 47.4732,L_c: 0.0000,PSNR: 22.40dB, LPIPS: 0.1139, DISTS: 0.1439, MSSSIM: 0.9103
25-12-17 22:13:38.929 : Batch 0: Uncertainty-LatentError Correlation = 0.2809
25-12-17 22:13:39.010 : --------------------------------------------
25-12-17 22:13:39.139 : batch---2--> 【Baseline】CBR: 0.0208,PSNR: 8.60dB, LPIPS: 0.8366, DISTS: 0.4931, MSSSIM: 0.0000
25-12-17 22:16:32.155 : batch---2--> 【Recon】H_Loss: 2.1959,L_m: 71.0136,L_c: 0.0000,PSNR: 5.09dB, LPIPS: 0.6345, DISTS: 0.4506, MSSSIM: 0.0000
25-12-17 22:16:32.176 : Batch 1: Uncertainty-LatentError Correlation = 0.3104
25-12-17 22:16:32.239 : --------------------------------------------
25-12-17 22:16:32.341 : batch---3--> 【Baseline】CBR: 0.0208,PSNR: 10.36dB, LPIPS: 0.7750, DISTS: 0.4461, MSSSIM: 0.0000
25-12-17 22:19:26.512 : batch---3--> 【Recon】H_Loss: 1.6806,L_m: 110.2384,L_c: 0.0000,PSNR: 4.87dB, LPIPS: 0.7781, DISTS: 0.4517, MSSSIM: 0.2575
25-12-17 22:19:26.522 : Batch 2: Uncertainty-LatentError Correlation = 0.3236
25-12-17 22:19:26.590 : --------------------------------------------
25-12-17 22:19:26.695 : batch---4--> 【Baseline】CBR: 0.0208,PSNR: 9.18dB, LPIPS: 0.8057, DISTS: 0.5050, MSSSIM: 0.0000
25-12-17 22:22:24.214 : batch---4--> 【Recon】H_Loss: 1.3471,L_m: 113.4242,L_c: 0.0000,PSNR: 5.97dB, LPIPS: 0.9591, DISTS: 0.5772, MSSSIM: 0.1243
25-12-17 22:22:24.224 : Batch 3: Uncertainty-LatentError Correlation = 0.0218
25-12-17 22:22:24.271 : --------------------------------------------
25-12-17 22:22:24.276 : -----------> Method: blind_diffcom
25-12-17 22:22:24.276 : -----------> Average PSNR (RGB) of (ffhq_demo), SNR: (10): 9.184047427014544 -> 9.583832330236957
25-12-17 22:22:24.276 : -----------> Average LPIPS of (ffhq_demo), SNR: (10): 0.8056765794754028 -> 0.6213765684515238
25-12-17 22:22:24.276 : -----------> Average DISTS of (ffhq_demo), SNR: (10): 0.5050026774406433 -> 0.40585726499557495
25-12-17 22:22:24.277 : -----------> Average MSSSIM of (ffhq_demo), SNR: (10): 0.0 -> 0.3230336308479309
25-12-17 22:22:24.277 : -----------> Average H_Loss of (ffhq_demo), SNR: (10): 1.3179489998146892
25-12-17 22:22:24.277 : -----------> Average Measurement Loss L_m of ffhq_demo, SNR: 10dB: 85.53735160827637
25-12-17 22:22:24.277 : -----------> Average Confirming Loss L_c of ffhq_demo, SNR: 10dB: 0.0
25-12-17 22:22:24.277 : -----------> Results Save to /home/naaa/diffcom/results/ffhq_demo/blind_diffcom/djscc_2/ofdm_tdl_10dB/zeta1.0_seed22_gamma0.0_BLIND_h_lr0.2__NFE1000_ffhq_10m
25-12-17 22:23:35.399 : Start from timestep 999 with SNR from -4.394049644470215 to 3.999884605407715
25-12-17 22:23:35.399 : 【Config】: model_name: ffhq_10m
25-12-17 22:23:35.399 : 【Config】: testset_name: ffhq_demo
25-12-17 22:23:35.399 : 【Config】: conditioning_method: blind_diffcom
25-12-17 22:23:35.399 : 【Config】: lr_schedule: constant
25-12-17 22:23:35.399 : 【Config】: learning_rate: 1.0
25-12-17 22:23:35.399 : 【Config】: zeta: 1.0
25-12-17 22:23:35.400 : 【Config】: gamma: 0.0
25-12-17 22:23:35.400 : 【Config】: h_lr: 0.2
25-12-17 22:23:35.400 : 【Config】: channel_type: ofdm_tdl
25-12-17 22:23:35.400 : 【Config】: CSNR: 10
25-12-17 22:23:35.400 : 【Config】: LMMSE channel estimation
25-12-17 22:23:35.400 : 【Config】: MMSE equalization
25-12-17 22:23:35.400 : 【Config】: 【BLIND MODE】
25-12-17 22:23:37.872 : batch---1--> 【Baseline】CBR: 0.0208,PSNR: 10.85dB, LPIPS: 0.7899, DISTS: 0.4615, MSSSIM: 0.1112
25-12-17 22:26:30.318 : batch---1--> 【Recon】H_Loss: 0.0461,L_m: 48.1057,L_c: 0.0000,PSNR: 22.47dB, LPIPS: 0.1159, DISTS: 0.1440, MSSSIM: 0.9093
25-12-17 22:26:30.367 : Batch 0: Uncertainty-LatentError Correlation = 0.2862
25-12-17 22:26:30.446 : --------------------------------------------
25-12-17 22:26:30.558 : batch---2--> 【Baseline】CBR: 0.0208,PSNR: 8.60dB, LPIPS: 0.8366, DISTS: 0.4931, MSSSIM: 0.0000
25-12-17 22:29:27.475 : batch---2--> 【Recon】H_Loss: 0.0409,L_m: 54.5092,L_c: 0.0000,PSNR: 25.74dB, LPIPS: 0.0943, DISTS: 0.1252, MSSSIM: 0.9178
25-12-17 22:29:27.499 : Batch 1: Uncertainty-LatentError Correlation = 0.1979
25-12-17 22:29:27.577 : --------------------------------------------
25-12-17 22:29:27.711 : batch---3--> 【Baseline】CBR: 0.0208,PSNR: 10.36dB, LPIPS: 0.7750, DISTS: 0.4461, MSSSIM: 0.0000
25-12-17 22:32:25.928 : batch---3--> 【Recon】H_Loss: 1.6836,L_m: 110.0278,L_c: 0.0000,PSNR: 4.91dB, LPIPS: 0.7793, DISTS: 0.4511, MSSSIM: 0.2557
25-12-17 22:32:25.938 : Batch 2: Uncertainty-LatentError Correlation = 0.3260
25-12-17 22:32:26.009 : --------------------------------------------
25-12-17 22:32:26.067 : batch---4--> 【Baseline】CBR: 0.0208,PSNR: 9.18dB, LPIPS: 0.8057, DISTS: 0.5050, MSSSIM: 0.0000
25-12-17 22:33:20.652 : Start from timestep 999 with SNR from -4.394049644470215 to 3.999884605407715
25-12-17 22:33:20.652 : 【Config】: model_name: ffhq_10m
25-12-17 22:33:20.652 : 【Config】: testset_name: ffhq_demo
25-12-17 22:33:20.652 : 【Config】: conditioning_method: blind_diffcom
25-12-17 22:33:20.653 : 【Config】: lr_schedule: constant
25-12-17 22:33:20.653 : 【Config】: learning_rate: 1.0
25-12-17 22:33:20.653 : 【Config】: zeta: 1.0
25-12-17 22:33:20.653 : 【Config】: gamma: 0.0
25-12-17 22:33:20.653 : 【Config】: h_lr: 0.2
25-12-17 22:33:20.653 : 【Config】: channel_type: ofdm_tdl
25-12-17 22:33:20.653 : 【Config】: CSNR: 10
25-12-17 22:33:20.653 : 【Config】: LMMSE channel estimation
25-12-17 22:33:20.653 : 【Config】: MMSE equalization
25-12-17 22:33:20.653 : 【Config】: 【BLIND MODE】
25-12-17 22:33:23.280 : batch---1--> 【Baseline】CBR: 0.0208,PSNR: 10.85dB, LPIPS: 0.7899, DISTS: 0.4615, MSSSIM: 0.1112
25-12-17 22:36:18.854 : batch---1--> 【Recon】H_Loss: 0.0693,L_m: 40.0013,L_c: 0.0000,PSNR: 22.94dB, LPIPS: 0.0879, DISTS: 0.1314, MSSSIM: 0.9246
25-12-17 22:36:18.890 : Batch 0: Uncertainty-LatentError Correlation = 0.2124
25-12-17 22:36:18.962 : --------------------------------------------
25-12-17 22:36:19.066 : batch---2--> 【Baseline】CBR: 0.0208,PSNR: 8.60dB, LPIPS: 0.8366, DISTS: 0.4931, MSSSIM: 0.0000
25-12-17 22:39:17.349 : batch---2--> 【Recon】H_Loss: 2.1371,L_m: 100.7014,L_c: 0.0000,PSNR: 7.94dB, LPIPS: 0.6806, DISTS: 0.4368, MSSSIM: 0.0828
25-12-17 22:39:17.369 : Batch 1: Uncertainty-LatentError Correlation = 0.3317
25-12-17 22:39:17.426 : --------------------------------------------
25-12-17 22:39:17.528 : batch---3--> 【Baseline】CBR: 0.0208,PSNR: 10.36dB, LPIPS: 0.7750, DISTS: 0.4461, MSSSIM: 0.0000
25-12-17 22:42:14.095 : batch---3--> 【Recon】H_Loss: 1.3086,L_m: 115.4009,L_c: 0.0000,PSNR: 4.76dB, LPIPS: 0.9228, DISTS: 0.6131, MSSSIM: 0.1975
25-12-17 22:42:14.114 : Batch 2: Uncertainty-LatentError Correlation = 0.0584
25-12-17 22:42:14.192 : --------------------------------------------
25-12-17 22:42:14.297 : batch---4--> 【Baseline】CBR: 0.0208,PSNR: 9.18dB, LPIPS: 0.8057, DISTS: 0.5050, MSSSIM: 0.0000
25-12-17 22:45:15.750 : batch---4--> 【Recon】H_Loss: 1.8481,L_m: 105.4073,L_c: 0.0000,PSNR: 4.52dB, LPIPS: 0.7802, DISTS: 0.4394, MSSSIM: 0.0332
25-12-17 22:45:15.760 : Batch 3: Uncertainty-LatentError Correlation = 0.3417
25-12-17 22:45:15.816 : --------------------------------------------
25-12-17 22:45:15.821 : -----------> Method: blind_diffcom
25-12-17 22:45:15.821 : -----------> Average PSNR (RGB) of (ffhq_demo), SNR: (10): 9.184047427014544 -> 10.039777632049866
25-12-17 22:45:15.821 : -----------> Average LPIPS of (ffhq_demo), SNR: (10): 0.8056765794754028 -> 0.6178590711206198
25-12-17 22:45:15.821 : -----------> Average DISTS of (ffhq_demo), SNR: (10): 0.5050026774406433 -> 0.40515463054180145
25-12-17 22:45:15.821 : -----------> Average MSSSIM of (ffhq_demo), SNR: (10): 0.0 -> 0.3095215419307351
25-12-17 22:45:15.821 : -----------> Average H_Loss of (ffhq_demo), SNR: (10): 1.3407657369971275
25-12-17 22:45:15.822 : -----------> Average Measurement Loss L_m of ffhq_demo, SNR: 10dB: 90.37772560119629
25-12-17 22:45:15.822 : -----------> Average Confirming Loss L_c of ffhq_demo, SNR: 10dB: 0.0
25-12-17 22:45:15.822 : -----------> Results Save to /home/naaa/diffcom/results/ffhq_demo/blind_diffcom/djscc_2/ofdm_tdl_10dB/zeta1.0_seed22_gamma0.0_BLIND_h_lr0.2__NFE1000_ffhq_10m
25-12-17 23:00:24.870 : Start from timestep 999 with SNR from -4.394049644470215 to 3.999884605407715
25-12-17 23:00:24.871 : 【Config】: model_name: ffhq_10m
25-12-17 23:00:24.871 : 【Config】: testset_name: ffhq_demo
25-12-17 23:00:24.871 : 【Config】: conditioning_method: blind_diffcom
25-12-17 23:00:24.872 : 【Config】: lr_schedule: constant
25-12-17 23:00:24.872 : 【Config】: learning_rate: 1.0
25-12-17 23:00:24.872 : 【Config】: zeta: 1.0
25-12-17 23:00:24.872 : 【Config】: gamma: 0.0
25-12-17 23:00:24.872 : 【Config】: h_lr: 0.2
25-12-17 23:00:24.872 : 【Config】: channel_type: ofdm_tdl
25-12-17 23:00:24.873 : 【Config】: CSNR: 10
25-12-17 23:00:24.873 : 【Config】: LMMSE channel estimation
25-12-17 23:00:24.873 : 【Config】: MMSE equalization
25-12-17 23:00:24.873 : 【Config】: 【BLIND MODE】
25-12-17 23:00:28.274 : batch---1--> 【Baseline】CBR: 0.0208,PSNR: 7.15dB, LPIPS: 0.9734, DISTS: 0.4749, MSSSIM: 0.0000
25-12-17 23:07:52.525 : batch---1--> 【Recon】H_Loss: 0.0455,L_m: 135.3397,L_c: 0.0000,PSNR: 6.99dB, LPIPS: 0.7440, DISTS: 0.4395, MSSSIM: 0.4244
25-12-17 23:07:52.698 : Batch 0: Uncertainty-LatentError Correlation = 0.0321
25-12-17 23:07:53.031 : --------------------------------------------
25-12-17 23:07:53.366 : batch---2--> 【Baseline】CBR: 0.0208,PSNR: 17.89dB, LPIPS: 0.7408, DISTS: 0.3735, MSSSIM: 0.6165
25-12-17 23:15:15.920 : batch---2--> 【Recon】H_Loss: 1.7921,L_m: 200.6122,L_c: 0.0000,PSNR: 3.28dB, LPIPS: 0.9186, DISTS: 0.4829, MSSSIM: 0.3012
25-12-17 23:15:15.986 : Batch 1: Uncertainty-LatentError Correlation = 0.4010
25-12-17 23:15:16.257 : --------------------------------------------
25-12-17 23:15:16.494 : batch---3--> 【Baseline】CBR: 0.0208,PSNR: 21.83dB, LPIPS: 0.7071, DISTS: 0.3303, MSSSIM: 0.7043
25-12-17 23:22:41.356 : batch---3--> 【Recon】H_Loss: 1.4502,L_m: 216.5968,L_c: 0.0000,PSNR: 4.52dB, LPIPS: 0.8892, DISTS: 0.6593, MSSSIM: 0.3340
25-12-17 23:22:41.423 : Batch 2: Uncertainty-LatentError Correlation = -0.1634
25-12-17 23:22:41.727 : --------------------------------------------
25-12-17 23:22:41.978 : batch---4--> 【Baseline】CBR: 0.0208,PSNR: 17.38dB, LPIPS: 0.6903, DISTS: 0.3812, MSSSIM: 0.6209
25-12-17 23:30:06.978 : batch---4--> 【Recon】H_Loss: 1.8813,L_m: 201.3354,L_c: 0.0000,PSNR: 5.80dB, LPIPS: 0.8077, DISTS: 0.5283, MSSSIM: 0.1569
25-12-17 23:30:07.041 : Batch 3: Uncertainty-LatentError Correlation = 0.2704
25-12-17 23:30:07.330 : --------------------------------------------
25-12-17 23:30:07.584 : batch---5--> 【Baseline】CBR: 0.0208,PSNR: 16.67dB, LPIPS: 0.6746, DISTS: 0.2966, MSSSIM: 0.6123
25-12-17 23:37:31.961 : batch---5--> 【Recon】H_Loss: 2.1168,L_m: 203.8448,L_c: 0.0000,PSNR: 4.26dB, LPIPS: 0.9244, DISTS: 0.6091, MSSSIM: 0.1895
25-12-17 23:37:32.025 : Batch 4: Uncertainty-LatentError Correlation = 0.3026
25-12-17 23:37:32.285 : --------------------------------------------
25-12-17 23:37:32.549 : batch---6--> 【Baseline】CBR: 0.0208,PSNR: 19.87dB, LPIPS: 0.6681, DISTS: 0.3245, MSSSIM: 0.6606
25-12-17 23:44:56.984 : batch---6--> 【Recon】H_Loss: 1.5620,L_m: 214.0117,L_c: 0.0000,PSNR: 3.52dB, LPIPS: 0.8730, DISTS: 0.5723, MSSSIM: 0.2868
25-12-17 23:44:57.047 : Batch 5: Uncertainty-LatentError Correlation = 0.0285
25-12-17 23:44:57.373 : --------------------------------------------
25-12-17 23:44:57.673 : batch---7--> 【Baseline】CBR: 0.0208,PSNR: 19.53dB, LPIPS: 0.6995, DISTS: 0.3210, MSSSIM: 0.6713
25-12-17 23:47:33.229 : Start from timestep 999 with SNR from -4.394049644470215 to 3.999884605407715
25-12-17 23:47:33.229 : 【Config】: model_name: ffhq_10m
25-12-17 23:47:33.231 : 【Config】: testset_name: ffhq_demo
25-12-17 23:47:33.231 : 【Config】: conditioning_method: blind_diffcom
25-12-17 23:47:33.231 : 【Config】: lr_schedule: constant
25-12-17 23:47:33.231 : 【Config】: learning_rate: 1.0
25-12-17 23:47:33.231 : 【Config】: zeta: 1.0
25-12-17 23:47:33.232 : 【Config】: gamma: 0.0
25-12-17 23:47:33.232 : 【Config】: h_lr: 0.2
25-12-17 23:47:33.232 : 【Config】: channel_type: ofdm_tdl
25-12-17 23:47:33.232 : 【Config】: CSNR: 10
25-12-17 23:47:33.232 : 【Config】: LMMSE channel estimation
25-12-17 23:47:33.232 : 【Config】: MMSE equalization
25-12-17 23:47:33.232 : 【Config】: 【BLIND MODE】
25-12-17 23:47:35.962 : batch---1--> 【Baseline】CBR: 0.0208,PSNR: 7.15dB, LPIPS: 0.9734, DISTS: 0.4749, MSSSIM: 0.0000
25-12-17 23:57:21.051 : Start from timestep 999 with SNR from -4.394049644470215 to 3.999884605407715
25-12-17 23:57:21.052 : 【Config】: model_name: ffhq_10m
25-12-17 23:57:21.052 : 【Config】: testset_name: ffhq_demo
25-12-17 23:57:21.052 : 【Config】: conditioning_method: blind_diffcom
25-12-17 23:57:21.052 : 【Config】: lr_schedule: constant
25-12-17 23:57:21.052 : 【Config】: learning_rate: 1.0
25-12-17 23:57:21.052 : 【Config】: zeta: 1.0
25-12-17 23:57:21.052 : 【Config】: gamma: 0.0
25-12-17 23:57:21.052 : 【Config】: h_lr: 0.2
25-12-17 23:57:21.052 : 【Config】: channel_type: ofdm_tdl
25-12-17 23:57:21.052 : 【Config】: CSNR: 10
25-12-17 23:57:21.052 : 【Config】: LMMSE channel estimation
25-12-17 23:57:21.052 : 【Config】: MMSE equalization
25-12-17 23:57:21.052 : 【Config】: 【BLIND MODE】
25-12-17 23:57:23.535 : batch---1--> 【Baseline】CBR: 0.0208,PSNR: 7.15dB, LPIPS: 0.9734, DISTS: 0.4749, MSSSIM: 0.0000
25-12-18 00:04:34.496 : batch---1--> 【Recon】H_Loss: 0.0437,L_m: 135.5122,L_c: 0.0000,PSNR: 6.97dB, LPIPS: 0.7489, DISTS: 0.4459, MSSSIM: 0.4213
25-12-18 00:04:34.573 : Batch 0: Uncertainty-LatentError Correlation = 0.0348
25-12-18 00:04:34.908 : --------------------------------------------
25-12-18 00:04:35.079 : batch---2--> 【Baseline】CBR: 0.0208,PSNR: 17.89dB, LPIPS: 0.7408, DISTS: 0.3735, MSSSIM: 0.6165
25-12-18 00:04:54.220 : Execution Interrupted by User (Ctrl+C). Saving current results...
25-12-18 00:04:54.222 : -----------> Metrics saved to /home/naaa/diffcom/results/ffhq_demo/blind_diffcom/djscc_2/ofdm_tdl_10dB/zeta1.0_seed22_gamma0.0_BLIND_h_lr0.2__NFE1000_ffhq_10m/metrics_summary.json
25-12-18 00:04:54.222 : -----------> Method: blind_diffcom
25-12-18 00:04:54.223 : -----------> Average PSNR (RGB) of (ffhq_demo), SNR: (10): 17.892913872546995 -> 6.971062975221026
25-12-18 00:04:54.223 : -----------> Average LPIPS of (ffhq_demo), SNR: (10): 0.7408179640769958 -> 0.7488819360733032
25-12-18 00:04:54.223 : -----------> Average DISTS of (ffhq_demo), SNR: (10): 0.3735329508781433 -> 0.4458603858947754
25-12-18 00:04:54.223 : -----------> Average MSSSIM of (ffhq_demo), SNR: (10): 0.6165142059326172 -> 0.42128443717956543
25-12-18 00:04:54.223 : -----------> Average H_Loss of (ffhq_demo), SNR: (10): 0.04372613877058029
25-12-18 00:04:54.223 : -----------> Average Measurement Loss L_m of ffhq_demo, SNR: 10dB: 135.51223754882812
25-12-18 00:04:54.224 : -----------> Results Save to /home/naaa/diffcom/results/ffhq_demo/blind_diffcom/djscc_2/ofdm_tdl_10dB/zeta1.0_seed22_gamma0.0_BLIND_h_lr0.2__NFE1000_ffhq_10m
25-12-18 00:06:17.352 : Start from timestep 999 with SNR from -4.394049644470215 to 3.999884605407715
25-12-18 00:06:17.352 : 【Config】: model_name: ffhq_10m
25-12-18 00:06:17.352 : 【Config】: testset_name: ffhq_demo
25-12-18 00:06:17.353 : 【Config】: conditioning_method: blind_diffcom
25-12-18 00:06:17.353 : 【Config】: lr_schedule: constant
25-12-18 00:06:17.353 : 【Config】: learning_rate: 1.0
25-12-18 00:06:17.353 : 【Config】: zeta: 1.0
25-12-18 00:06:17.353 : 【Config】: gamma: 0.0
25-12-18 00:06:17.353 : 【Config】: h_lr: 0.2
25-12-18 00:06:17.353 : 【Config】: channel_type: ofdm_tdl
25-12-18 00:06:17.353 : 【Config】: CSNR: 10
25-12-18 00:06:17.353 : 【Config】: LMMSE channel estimation
25-12-18 00:06:17.353 : 【Config】: MMSE equalization
25-12-18 00:06:17.353 : 【Config】: 【BLIND MODE】
25-12-18 00:06:20.027 : batch---1--> 【Baseline】CBR: 0.0208,PSNR: 7.15dB, LPIPS: 0.9734, DISTS: 0.4749, MSSSIM: 0.0000
25-12-18 00:06:20.757 : An error occurred: local variable 'metrics' referenced before assignment
25-12-18 00:06:20.757 : -----------> Metrics saved to /home/naaa/diffcom/results/ffhq_demo/blind_diffcom/djscc_2/ofdm_tdl_10dB/zeta1.0_seed22_gamma0.0_BLIND_h_lr0.2__NFE1000_ffhq_10m/metrics_summary.json
25-12-18 00:11:03.084 : Start from timestep 999 with SNR from -4.394049644470215 to 3.999884605407715
25-12-18 00:11:03.085 : 【Config】: model_name: ffhq_10m
25-12-18 00:11:03.085 : 【Config】: testset_name: ffhq_demo
25-12-18 00:11:03.085 : 【Config】: conditioning_method: blind_diffcom
25-12-18 00:11:03.085 : 【Config】: lr_schedule: constant
25-12-18 00:11:03.085 : 【Config】: learning_rate: 1.0
25-12-18 00:11:03.085 : 【Config】: zeta: 1.0
25-12-18 00:11:03.085 : 【Config】: gamma: 0.0
25-12-18 00:11:03.085 : 【Config】: h_lr: 0.2
25-12-18 00:11:03.085 : 【Config】: channel_type: ofdm_tdl
25-12-18 00:11:03.085 : 【Config】: CSNR: 10
25-12-18 00:11:03.085 : 【Config】: LMMSE channel estimation
25-12-18 00:11:03.085 : 【Config】: MMSE equalization
25-12-18 00:11:03.085 : 【Config】: 【BLIND MODE】
25-12-18 00:11:05.762 : batch---1--> 【Baseline】CBR: 0.0208,PSNR: 7.15dB, LPIPS: 0.9734, DISTS: 0.4749, MSSSIM: 0.0000
25-12-18 00:13:52.955 : Execution Interrupted by User (Ctrl+C). Saving current results...
25-12-18 00:13:52.955 : -----------> Metrics saved to /home/naaa/diffcom/results/ffhq_demo/blind_diffcom/djscc_2/ofdm_tdl_10dB/zeta1.0_seed22_gamma0.0_BLIND_h_lr0.2__NFE1000_ffhq_10m/metrics_summary.json
25-12-18 00:13:52.955 : -----------> Method: blind_diffcom
25-12-18 00:19:35.677 : Start from timestep 999 with SNR from -4.394049644470215 to 3.999884605407715
25-12-18 00:19:35.678 : 【Config】: model_name: ffhq_10m
25-12-18 00:19:35.679 : 【Config】: testset_name: ffhq_demo
25-12-18 00:19:35.679 : 【Config】: conditioning_method: blind_diffcom
25-12-18 00:19:35.679 : 【Config】: lr_schedule: constant
25-12-18 00:19:35.679 : 【Config】: learning_rate: 1.0
25-12-18 00:19:35.679 : 【Config】: zeta: 1.0
25-12-18 00:19:35.679 : 【Config】: gamma: 0.0
25-12-18 00:19:35.679 : 【Config】: h_lr: 0.2
25-12-18 00:19:35.679 : 【Config】: channel_type: ofdm_tdl
25-12-18 00:19:35.679 : 【Config】: CSNR: 10
25-12-18 00:19:35.679 : 【Config】: LMMSE channel estimation
25-12-18 00:19:35.679 : 【Config】: MMSE equalization
25-12-18 00:19:35.680 : 【Config】: 【BLIND MODE】
25-12-18 00:19:39.032 : batch---1--> 【Baseline】CBR: 0.0208,PSNR: 7.15dB, LPIPS: 0.9734, DISTS: 0.4749, MSSSIM: 0.0000
25-12-18 00:26:41.181 : batch---1--> 【Recon】H_Loss: 0.1192,L_m: 147.8571,L_c: 0.0000,PSNR: 6.38dB, LPIPS: 0.8387, DISTS: 0.5825, MSSSIM: 0.2914
25-12-18 00:26:41.357 : Batch 0: Uncertainty-LatentError Correlation = 0.0037
25-12-18 00:26:41.655 : --------------------------------------------
25-12-18 00:26:41.822 : batch---2--> 【Baseline】CBR: 0.0208,PSNR: 17.89dB, LPIPS: 0.7408, DISTS: 0.3735, MSSSIM: 0.6165
25-12-18 00:33:48.082 : batch---2--> 【Recon】H_Loss: 1.7879,L_m: 201.2805,L_c: 0.0000,PSNR: 3.28dB, LPIPS: 0.9184, DISTS: 0.4884, MSSSIM: 0.3018
25-12-18 00:33:48.107 : Batch 1: Uncertainty-LatentError Correlation = 0.4045
25-12-18 00:33:48.390 : --------------------------------------------
25-12-18 00:33:48.547 : batch---3--> 【Baseline】CBR: 0.0208,PSNR: 21.83dB, LPIPS: 0.7071, DISTS: 0.3303, MSSSIM: 0.7043
25-12-18 00:40:52.945 : batch---3--> 【Recon】H_Loss: 1.1952,L_m: 219.4346,L_c: 0.0000,PSNR: 6.46dB, LPIPS: 1.0019, DISTS: 0.8251, MSSSIM: 0.1907
25-12-18 00:40:52.970 : Batch 2: Uncertainty-LatentError Correlation = -0.0998
25-12-18 00:40:53.219 : --------------------------------------------
25-12-18 00:40:53.392 : batch---4--> 【Baseline】CBR: 0.0208,PSNR: 17.38dB, LPIPS: 0.6903, DISTS: 0.3812, MSSSIM: 0.6209
25-12-18 00:47:58.421 : batch---4--> 【Recon】H_Loss: 0.9698,L_m: 218.1357,L_c: 0.0000,PSNR: 4.34dB, LPIPS: 0.8257, DISTS: 0.6010, MSSSIM: 0.2569
25-12-18 00:47:58.445 : Batch 3: Uncertainty-LatentError Correlation = 0.1194
25-12-18 00:47:58.759 : --------------------------------------------
25-12-18 00:47:58.937 : batch---5--> 【Baseline】CBR: 0.0208,PSNR: 16.67dB, LPIPS: 0.6746, DISTS: 0.2966, MSSSIM: 0.6123
25-12-18 00:55:05.716 : batch---5--> 【Recon】H_Loss: 2.1693,L_m: 201.1274,L_c: 0.0000,PSNR: 4.33dB, LPIPS: 0.9089, DISTS: 0.5939, MSSSIM: 0.1991
25-12-18 00:55:05.740 : Batch 4: Uncertainty-LatentError Correlation = 0.3931
25-12-18 00:55:06.025 : --------------------------------------------
25-12-18 00:55:06.195 : batch---6--> 【Baseline】CBR: 0.0208,PSNR: 19.87dB, LPIPS: 0.6681, DISTS: 0.3245, MSSSIM: 0.6606
25-12-18 01:02:12.934 : batch---6--> 【Recon】H_Loss: 1.5706,L_m: 213.7202,L_c: 0.0000,PSNR: 3.54dB, LPIPS: 0.8711, DISTS: 0.5661, MSSSIM: 0.2868
25-12-18 01:02:12.958 : Batch 5: Uncertainty-LatentError Correlation = 0.0281
25-12-18 01:02:13.283 : --------------------------------------------
25-12-18 01:02:13.457 : batch---7--> 【Baseline】CBR: 0.0208,PSNR: 19.53dB, LPIPS: 0.6995, DISTS: 0.3210, MSSSIM: 0.6713
25-12-18 01:09:19.888 : batch---7--> 【Recon】H_Loss: 2.2106,L_m: 188.6154,L_c: 0.0000,PSNR: 3.51dB, LPIPS: 0.8281, DISTS: 0.5535, MSSSIM: 0.3174
25-12-18 01:09:19.913 : Batch 6: Uncertainty-LatentError Correlation = 0.1987
25-12-18 01:09:20.222 : --------------------------------------------
25-12-18 01:09:20.388 : batch---8--> 【Baseline】CBR: 0.0208,PSNR: 17.20dB, LPIPS: 0.6965, DISTS: 0.3429, MSSSIM: 0.5633
25-12-18 01:16:25.368 : batch---8--> 【Recon】H_Loss: 1.8055,L_m: 200.2498,L_c: 0.0000,PSNR: 3.08dB, LPIPS: 0.8847, DISTS: 0.4938, MSSSIM: 0.3261
25-12-18 01:16:25.393 : Batch 7: Uncertainty-LatentError Correlation = 0.3329
25-12-18 01:16:25.702 : --------------------------------------------
25-12-18 01:16:25.857 : batch---9--> 【Baseline】CBR: 0.0208,PSNR: 16.85dB, LPIPS: 0.7031, DISTS: 0.3673, MSSSIM: 0.5742
25-12-18 01:23:31.065 : batch---9--> 【Recon】H_Loss: 1.6225,L_m: 211.1118,L_c: 0.0000,PSNR: 2.73dB, LPIPS: 0.9160, DISTS: 0.5396, MSSSIM: 0.3449
25-12-18 01:23:31.097 : Batch 8: Uncertainty-LatentError Correlation = 0.0669
25-12-18 01:23:31.449 : --------------------------------------------
25-12-18 01:23:31.613 : batch--10--> 【Baseline】CBR: 0.0208,PSNR: 19.74dB, LPIPS: 0.7085, DISTS: 0.3335, MSSSIM: 0.6806
25-12-18 01:30:37.241 : batch--10--> 【Recon】H_Loss: 2.1348,L_m: 186.7105,L_c: 0.0000,PSNR: 4.01dB, LPIPS: 0.8056, DISTS: 0.5559, MSSSIM: 0.2858
25-12-18 01:30:37.266 : Batch 9: Uncertainty-LatentError Correlation = 0.3100
25-12-18 01:30:37.523 : --------------------------------------------
25-12-18 01:30:37.683 : batch--11--> 【Baseline】CBR: 0.0208,PSNR: 17.53dB, LPIPS: 0.7242, DISTS: 0.3452, MSSSIM: 0.6248
25-12-18 01:37:44.145 : batch--11--> 【Recon】H_Loss: 0.1640,L_m: 122.9660,L_c: 0.0000,PSNR: 21.88dB, LPIPS: 0.3486, DISTS: 0.2385, MSSSIM: 0.8409
25-12-18 01:37:44.176 : Batch 10: Uncertainty-LatentError Correlation = 0.2087
25-12-18 01:37:44.509 : --------------------------------------------
25-12-18 01:37:44.681 : batch--12--> 【Baseline】CBR: 0.0208,PSNR: 18.40dB, LPIPS: 0.6853, DISTS: 0.3365, MSSSIM: 0.6783
25-12-18 01:44:49.507 : batch--12--> 【Recon】H_Loss: 2.2576,L_m: 185.8732,L_c: 0.0000,PSNR: 4.37dB, LPIPS: 0.8317, DISTS: 0.5287, MSSSIM: 0.2483
25-12-18 01:44:49.531 : Batch 11: Uncertainty-LatentError Correlation = 0.3658
25-12-18 01:44:49.796 : --------------------------------------------
25-12-18 01:44:49.973 : batch--13--> 【Baseline】CBR: 0.0208,PSNR: 15.75dB, LPIPS: 0.6809, DISTS: 0.3445, MSSSIM: 0.7018
25-12-18 01:51:54.011 : batch--13--> 【Recon】H_Loss: 2.0697,L_m: 202.3012,L_c: 0.0000,PSNR: 4.51dB, LPIPS: 0.8820, DISTS: 0.5521, MSSSIM: 0.2650
25-12-18 01:51:54.035 : Batch 12: Uncertainty-LatentError Correlation = 0.3387
25-12-18 01:51:54.312 : --------------------------------------------
25-12-18 01:51:54.495 : batch--14--> 【Baseline】CBR: 0.0208,PSNR: 18.03dB, LPIPS: 0.6539, DISTS: 0.3312, MSSSIM: 0.6288
25-12-18 01:58:59.012 : batch--14--> 【Recon】H_Loss: 1.2276,L_m: 219.8835,L_c: 0.0000,PSNR: 3.76dB, LPIPS: 0.9063, DISTS: 0.6638, MSSSIM: 0.2314
25-12-18 01:58:59.037 : Batch 13: Uncertainty-LatentError Correlation = 0.0708
25-12-18 01:58:59.330 : --------------------------------------------
25-12-18 01:58:59.509 : batch--15--> 【Baseline】CBR: 0.0208,PSNR: 19.95dB, LPIPS: 0.6919, DISTS: 0.3416, MSSSIM: 0.6740
25-12-18 02:06:05.753 : batch--15--> 【Recon】H_Loss: 1.9508,L_m: 204.0210,L_c: 0.0000,PSNR: 6.26dB, LPIPS: 0.8582, DISTS: 0.5548, MSSSIM: 0.2095
25-12-18 02:06:05.777 : Batch 14: Uncertainty-LatentError Correlation = 0.3558
25-12-18 02:06:06.042 : --------------------------------------------
25-12-18 02:06:06.205 : batch--16--> 【Baseline】CBR: 0.0208,PSNR: 22.31dB, LPIPS: 0.7141, DISTS: 0.3258, MSSSIM: 0.7192
25-12-18 02:13:11.474 : batch--16--> 【Recon】H_Loss: 1.2257,L_m: 218.5689,L_c: 0.0000,PSNR: 5.01dB, LPIPS: 1.0135, DISTS: 0.7375, MSSSIM: 0.3145
25-12-18 02:13:11.498 : Batch 15: Uncertainty-LatentError Correlation = -0.0039
25-12-18 02:13:11.830 : --------------------------------------------
25-12-18 02:13:12.011 : batch--17--> 【Baseline】CBR: 0.0208,PSNR: 19.02dB, LPIPS: 0.7050, DISTS: 0.3602, MSSSIM: 0.6265
25-12-18 02:20:18.719 : batch--17--> 【Recon】H_Loss: 1.7417,L_m: 212.4196,L_c: 0.0000,PSNR: 6.79dB, LPIPS: 0.8805, DISTS: 0.5991, MSSSIM: 0.2098
25-12-18 02:20:18.743 : Batch 16: Uncertainty-LatentError Correlation = 0.3184
25-12-18 02:20:18.996 : --------------------------------------------
25-12-18 02:20:19.170 : batch--18--> 【Baseline】CBR: 0.0208,PSNR: 16.61dB, LPIPS: 0.7729, DISTS: 0.3933, MSSSIM: 0.5331
25-12-18 02:27:26.095 : batch--18--> 【Recon】H_Loss: 1.3000,L_m: 215.2682,L_c: 0.0000,PSNR: 4.51dB, LPIPS: 0.9661, DISTS: 0.6138, MSSSIM: 0.3042
25-12-18 02:27:26.119 : Batch 17: Uncertainty-LatentError Correlation = 0.0654
25-12-18 02:27:26.351 : --------------------------------------------
25-12-18 02:27:26.528 : batch--19--> 【Baseline】CBR: 0.0208,PSNR: 19.27dB, LPIPS: 0.7003, DISTS: 0.3318, MSSSIM: 0.6844
25-12-18 02:34:32.533 : batch--19--> 【Recon】H_Loss: 1.1056,L_m: 218.9212,L_c: 0.0000,PSNR: 5.87dB, LPIPS: 0.8895, DISTS: 0.5912, MSSSIM: 0.2156
25-12-18 02:34:32.557 : Batch 18: Uncertainty-LatentError Correlation = -0.0032
25-12-18 02:34:32.798 : --------------------------------------------
25-12-18 02:34:32.969 : batch--20--> 【Baseline】CBR: 0.0208,PSNR: 17.76dB, LPIPS: 0.7299, DISTS: 0.3558, MSSSIM: 0.5794
25-12-18 02:41:38.622 : batch--20--> 【Recon】H_Loss: 1.3433,L_m: 217.1585,L_c: 0.0000,PSNR: 3.28dB, LPIPS: 0.9952, DISTS: 0.7762, MSSSIM: 0.2587
25-12-18 02:41:38.646 : Batch 19: Uncertainty-LatentError Correlation = -0.0237
25-12-18 02:41:39.005 : --------------------------------------------
25-12-18 02:41:39.182 : batch--21--> 【Baseline】CBR: 0.0208,PSNR: 17.68dB, LPIPS: 0.6385, DISTS: 0.3355, MSSSIM: 0.6928
25-12-18 02:48:43.780 : batch--21--> 【Recon】H_Loss: 1.6548,L_m: 210.6796,L_c: 0.0000,PSNR: 3.08dB, LPIPS: 0.9290, DISTS: 0.4952, MSSSIM: 0.2830
25-12-18 02:48:43.804 : Batch 20: Uncertainty-LatentError Correlation = 0.2798
25-12-18 02:48:44.117 : --------------------------------------------
25-12-18 02:48:44.280 : batch--22--> 【Baseline】CBR: 0.0208,PSNR: 20.84dB, LPIPS: 0.7051, DISTS: 0.3416, MSSSIM: 0.6914
25-12-18 02:55:49.781 : batch--22--> 【Recon】H_Loss: 1.1868,L_m: 217.1339,L_c: 0.0000,PSNR: 5.58dB, LPIPS: 0.9420, DISTS: 0.6263, MSSSIM: 0.2530
25-12-18 02:55:49.805 : Batch 21: Uncertainty-LatentError Correlation = 0.0312
25-12-18 02:55:50.064 : --------------------------------------------
25-12-18 02:55:50.244 : batch--23--> 【Baseline】CBR: 0.0208,PSNR: 18.37dB, LPIPS: 0.6537, DISTS: 0.3184, MSSSIM: 0.6467
25-12-18 03:02:56.237 : batch--23--> 【Recon】H_Loss: 1.2897,L_m: 217.5563,L_c: 0.0000,PSNR: 5.80dB, LPIPS: 0.8891, DISTS: 0.6238, MSSSIM: 0.1807
25-12-18 03:02:56.261 : Batch 22: Uncertainty-LatentError Correlation = 0.2047
25-12-18 03:02:56.498 : --------------------------------------------
25-12-18 03:02:56.663 : batch--24--> 【Baseline】CBR: 0.0208,PSNR: 20.30dB, LPIPS: 0.7392, DISTS: 0.3596, MSSSIM: 0.6570
25-12-18 03:10:01.095 : batch--24--> 【Recon】H_Loss: 1.7479,L_m: 200.1126,L_c: 0.0000,PSNR: 3.42dB, LPIPS: 0.8340, DISTS: 0.4845, MSSSIM: 0.4138
25-12-18 03:10:01.120 : Batch 23: Uncertainty-LatentError Correlation = 0.4812
25-12-18 03:10:01.416 : --------------------------------------------
25-12-18 03:10:01.589 : batch--25--> 【Baseline】CBR: 0.0208,PSNR: 18.67dB, LPIPS: 0.8097, DISTS: 0.3323, MSSSIM: 0.6219
25-12-18 03:17:10.279 : batch--25--> 【Recon】H_Loss: 2.0643,L_m: 202.6261,L_c: 0.0000,PSNR: 6.63dB, LPIPS: 0.8506, DISTS: 0.5984, MSSSIM: 0.2454
25-12-18 03:17:10.303 : Batch 24: Uncertainty-LatentError Correlation = 0.3978
25-12-18 03:17:10.587 : --------------------------------------------
25-12-18 03:17:10.762 : batch--26--> 【Baseline】CBR: 0.0208,PSNR: 17.26dB, LPIPS: 0.6746, DISTS: 0.3302, MSSSIM: 0.6201
25-12-18 03:24:16.924 : batch--26--> 【Recon】H_Loss: 0.3775,L_m: 207.1885,L_c: 0.0000,PSNR: 5.46dB, LPIPS: 0.8067, DISTS: 0.5431, MSSSIM: 0.2042
25-12-18 03:24:16.949 : Batch 25: Uncertainty-LatentError Correlation = 0.0913
25-12-18 03:24:17.231 : --------------------------------------------
25-12-18 03:24:17.395 : batch--27--> 【Baseline】CBR: 0.0208,PSNR: 21.49dB, LPIPS: 0.7408, DISTS: 0.3372, MSSSIM: 0.6456
25-12-18 03:31:22.507 : batch--27--> 【Recon】H_Loss: 1.7666,L_m: 208.1739,L_c: 0.0000,PSNR: 4.09dB, LPIPS: 0.9701, DISTS: 0.5600, MSSSIM: 0.3615
25-12-18 03:31:22.531 : Batch 26: Uncertainty-LatentError Correlation = 0.1450
25-12-18 03:31:22.833 : --------------------------------------------
25-12-18 03:31:23.016 : batch--28--> 【Baseline】CBR: 0.0208,PSNR: 18.72dB, LPIPS: 0.6998, DISTS: 0.3218, MSSSIM: 0.6444
25-12-18 03:38:28.156 : batch--28--> 【Recon】H_Loss: 1.7092,L_m: 206.5973,L_c: 0.0000,PSNR: 3.71dB, LPIPS: 0.8998, DISTS: 0.4969, MSSSIM: 0.0944
25-12-18 03:38:28.180 : Batch 27: Uncertainty-LatentError Correlation = 0.4764
25-12-18 03:38:28.476 : --------------------------------------------
25-12-18 03:38:28.651 : batch--29--> 【Baseline】CBR: 0.0208,PSNR: 22.22dB, LPIPS: 0.8775, DISTS: 0.3522, MSSSIM: 0.6555
25-12-18 03:45:33.937 : batch--29--> 【Recon】H_Loss: 1.7917,L_m: 201.2809,L_c: 0.0000,PSNR: 3.64dB, LPIPS: 0.9855, DISTS: 0.5283, MSSSIM: 0.4475
25-12-18 03:45:33.971 : Batch 28: Uncertainty-LatentError Correlation = 0.3183
25-12-18 03:45:34.303 : --------------------------------------------
25-12-18 03:45:34.474 : batch--30--> 【Baseline】CBR: 0.0208,PSNR: 21.72dB, LPIPS: 0.7354, DISTS: 0.3338, MSSSIM: 0.6699
25-12-18 03:52:40.297 : batch--30--> 【Recon】H_Loss: 1.9928,L_m: 201.6171,L_c: 0.0000,PSNR: 5.05dB, LPIPS: 0.8477, DISTS: 0.6023, MSSSIM: 0.3192
25-12-18 03:52:40.321 : Batch 29: Uncertainty-LatentError Correlation = 0.3908
25-12-18 03:52:40.625 : --------------------------------------------
25-12-18 03:52:40.778 : batch--31--> 【Baseline】CBR: 0.0208,PSNR: 16.61dB, LPIPS: 0.7220, DISTS: 0.3702, MSSSIM: 0.5844
25-12-18 03:59:46.373 : batch--31--> 【Recon】H_Loss: 0.7214,L_m: 217.5581,L_c: 0.0000,PSNR: 9.05dB, LPIPS: 0.8146, DISTS: 0.6989, MSSSIM: 0.2156
25-12-18 03:59:46.397 : Batch 30: Uncertainty-LatentError Correlation = -0.0357
25-12-18 03:59:46.680 : --------------------------------------------
25-12-18 03:59:46.854 : batch--32--> 【Baseline】CBR: 0.0208,PSNR: 17.05dB, LPIPS: 0.7614, DISTS: 0.3398, MSSSIM: 0.6179
25-12-18 04:06:53.082 : batch--32--> 【Recon】H_Loss: 2.0502,L_m: 196.5531,L_c: 0.0000,PSNR: 6.34dB, LPIPS: 0.5730, DISTS: 0.4757, MSSSIM: 0.2991
25-12-18 04:06:53.107 : Batch 31: Uncertainty-LatentError Correlation = 0.5493
25-12-18 04:06:53.391 : --------------------------------------------
25-12-18 04:06:53.556 : batch--33--> 【Baseline】CBR: 0.0208,PSNR: 17.53dB, LPIPS: 0.7760, DISTS: 0.3638, MSSSIM: 0.5124
25-12-18 04:13:58.677 : batch--33--> 【Recon】H_Loss: 2.7400,L_m: 164.2147,L_c: 0.0000,PSNR: 4.02dB, LPIPS: 0.9157, DISTS: 0.5378, MSSSIM: 0.4012
25-12-18 04:13:58.701 : Batch 32: Uncertainty-LatentError Correlation = 0.3280
25-12-18 04:13:58.967 : --------------------------------------------
25-12-18 04:13:59.131 : batch--34--> 【Baseline】CBR: 0.0208,PSNR: 18.78dB, LPIPS: 0.7397, DISTS: 0.3530, MSSSIM: 0.5990
25-12-18 04:21:04.674 : batch--34--> 【Recon】H_Loss: 2.5077,L_m: 166.1548,L_c: 0.0000,PSNR: 3.38dB, LPIPS: 0.8032, DISTS: 0.4832, MSSSIM: 0.3960
25-12-18 04:21:04.698 : Batch 33: Uncertainty-LatentError Correlation = 0.2200
25-12-18 04:21:04.994 : --------------------------------------------
25-12-18 04:21:05.172 : batch--35--> 【Baseline】CBR: 0.0208,PSNR: 18.75dB, LPIPS: 0.8509, DISTS: 0.3988, MSSSIM: 0.5824
25-12-18 04:28:10.524 : batch--35--> 【Recon】H_Loss: 0.0864,L_m: 126.5700,L_c: 0.0000,PSNR: 21.29dB, LPIPS: 0.3722, DISTS: 0.2685, MSSSIM: 0.8708
25-12-18 04:28:10.548 : Batch 34: Uncertainty-LatentError Correlation = 0.1654
25-12-18 04:28:10.862 : --------------------------------------------
25-12-18 04:28:11.027 : batch--36--> 【Baseline】CBR: 0.0208,PSNR: 16.96dB, LPIPS: 0.7728, DISTS: 0.3734, MSSSIM: 0.5605
25-12-18 04:35:14.968 : batch--36--> 【Recon】H_Loss: 2.5688,L_m: 156.4855,L_c: 0.0000,PSNR: 3.02dB, LPIPS: 0.8380, DISTS: 0.4654, MSSSIM: 0.4226
25-12-18 04:35:14.992 : Batch 35: Uncertainty-LatentError Correlation = 0.4058
25-12-18 04:35:15.258 : --------------------------------------------
25-12-18 04:35:15.418 : batch--37--> 【Baseline】CBR: 0.0208,PSNR: 16.71dB, LPIPS: 0.6725, DISTS: 0.3462, MSSSIM: 0.5894
25-12-18 04:42:20.353 : batch--37--> 【Recon】H_Loss: 0.1658,L_m: 203.2875,L_c: 0.0000,PSNR: 7.13dB, LPIPS: 0.8417, DISTS: 0.6342, MSSSIM: 0.1383
25-12-18 04:42:20.378 : Batch 36: Uncertainty-LatentError Correlation = -0.1021
25-12-18 04:42:20.703 : --------------------------------------------
25-12-18 04:42:20.887 : batch--38--> 【Baseline】CBR: 0.0208,PSNR: 19.61dB, LPIPS: 0.7058, DISTS: 0.3477, MSSSIM: 0.6617
25-12-18 04:49:25.803 : batch--38--> 【Recon】H_Loss: 1.1821,L_m: 219.5235,L_c: 0.0000,PSNR: 5.23dB, LPIPS: 0.9017, DISTS: 0.6810, MSSSIM: 0.3197
25-12-18 04:49:25.828 : Batch 37: Uncertainty-LatentError Correlation = 0.0117
25-12-18 04:49:26.162 : --------------------------------------------
25-12-18 04:49:26.318 : batch--39--> 【Baseline】CBR: 0.0208,PSNR: 19.44dB, LPIPS: 0.7702, DISTS: 0.3355, MSSSIM: 0.6587
25-12-18 04:56:31.355 : batch--39--> 【Recon】H_Loss: 1.6815,L_m: 211.1983,L_c: 0.0000,PSNR: 3.41dB, LPIPS: 0.9167, DISTS: 0.5036, MSSSIM: 0.3330
25-12-18 04:56:31.379 : Batch 38: Uncertainty-LatentError Correlation = 0.4339
25-12-18 04:56:31.705 : --------------------------------------------
25-12-18 04:56:31.880 : batch--40--> 【Baseline】CBR: 0.0208,PSNR: 21.73dB, LPIPS: 0.7483, DISTS: 0.3275, MSSSIM: 0.7011
25-12-18 05:03:36.790 : batch--40--> 【Recon】H_Loss: 1.2785,L_m: 219.5223,L_c: 0.0000,PSNR: 5.23dB, LPIPS: 0.8937, DISTS: 0.5862, MSSSIM: 0.3201
25-12-18 05:03:36.814 : Batch 39: Uncertainty-LatentError Correlation = 0.1667
25-12-18 05:03:37.145 : --------------------------------------------
25-12-18 05:03:37.322 : batch--41--> 【Baseline】CBR: 0.0208,PSNR: 17.75dB, LPIPS: 0.6711, DISTS: 0.3444, MSSSIM: 0.5833
25-12-18 05:10:44.059 : batch--41--> 【Recon】H_Loss: 2.0114,L_m: 184.1240,L_c: 0.0000,PSNR: 4.02dB, LPIPS: 0.8325, DISTS: 0.4747, MSSSIM: 0.1172
25-12-18 05:10:44.083 : Batch 40: Uncertainty-LatentError Correlation = 0.4463
25-12-18 05:10:44.352 : --------------------------------------------
25-12-18 05:10:44.530 : batch--42--> 【Baseline】CBR: 0.0208,PSNR: 18.69dB, LPIPS: 0.7086, DISTS: 0.3364, MSSSIM: 0.6208
25-12-18 05:17:50.606 : batch--42--> 【Recon】H_Loss: 1.2743,L_m: 217.8827,L_c: 0.0000,PSNR: 3.78dB, LPIPS: 1.0039, DISTS: 0.7736, MSSSIM: 0.2514
25-12-18 05:17:50.630 : Batch 41: Uncertainty-LatentError Correlation = 0.0252
25-12-18 05:17:50.949 : --------------------------------------------
25-12-18 05:17:51.110 : batch--43--> 【Baseline】CBR: 0.0208,PSNR: 20.76dB, LPIPS: 0.7001, DISTS: 0.3385, MSSSIM: 0.6723
25-12-18 05:24:57.159 : batch--43--> 【Recon】H_Loss: 1.2071,L_m: 218.5870,L_c: 0.0000,PSNR: 4.56dB, LPIPS: 0.8329, DISTS: 0.5302, MSSSIM: 0.3341
25-12-18 05:24:57.183 : Batch 42: Uncertainty-LatentError Correlation = -0.0073
25-12-18 05:24:57.505 : --------------------------------------------
25-12-18 05:24:57.669 : batch--44--> 【Baseline】CBR: 0.0208,PSNR: 18.69dB, LPIPS: 0.7409, DISTS: 0.3601, MSSSIM: 0.6204
25-12-18 05:32:02.438 : batch--44--> 【Recon】H_Loss: 1.5123,L_m: 213.9552,L_c: 0.0000,PSNR: 3.27dB, LPIPS: 0.9517, DISTS: 0.5517, MSSSIM: 0.2743
25-12-18 05:32:02.463 : Batch 43: Uncertainty-LatentError Correlation = 0.1758
25-12-18 05:32:02.782 : --------------------------------------------
25-12-18 05:32:02.969 : batch--45--> 【Baseline】CBR: 0.0208,PSNR: 18.86dB, LPIPS: 0.7347, DISTS: 0.3372, MSSSIM: 0.6299
25-12-18 05:39:09.937 : batch--45--> 【Recon】H_Loss: 1.4759,L_m: 216.5677,L_c: 0.0000,PSNR: 4.15dB, LPIPS: 0.9188, DISTS: 0.5428, MSSSIM: 0.3413
25-12-18 05:39:09.961 : Batch 44: Uncertainty-LatentError Correlation = 0.2008
25-12-18 05:39:10.308 : --------------------------------------------
25-12-18 05:39:10.485 : batch--46--> 【Baseline】CBR: 0.0208,PSNR: 20.85dB, LPIPS: 0.7063, DISTS: 0.3218, MSSSIM: 0.7429
25-12-18 05:46:15.717 : batch--46--> 【Recon】H_Loss: 1.5059,L_m: 216.0281,L_c: 0.0000,PSNR: 4.06dB, LPIPS: 0.9198, DISTS: 0.6155, MSSSIM: 0.2739
25-12-18 05:46:15.740 : Batch 45: Uncertainty-LatentError Correlation = 0.3518
25-12-18 05:46:16.050 : --------------------------------------------
25-12-18 05:46:16.213 : batch--47--> 【Baseline】CBR: 0.0208,PSNR: 16.70dB, LPIPS: 0.7131, DISTS: 0.3529, MSSSIM: 0.5873
25-12-18 05:53:22.437 : batch--47--> 【Recon】H_Loss: 1.9722,L_m: 181.3053,L_c: 0.0000,PSNR: 2.36dB, LPIPS: 0.8094, DISTS: 0.4609, MSSSIM: 0.2180
25-12-18 05:53:22.460 : Batch 46: Uncertainty-LatentError Correlation = 0.4032
25-12-18 05:53:22.798 : --------------------------------------------
25-12-18 05:53:22.978 : batch--48--> 【Baseline】CBR: 0.0208,PSNR: 14.23dB, LPIPS: 0.6623, DISTS: 0.3591, MSSSIM: 0.5405
25-12-18 06:00:28.524 : batch--48--> 【Recon】H_Loss: 1.1609,L_m: 219.0807,L_c: 0.0000,PSNR: 2.79dB, LPIPS: 0.9605, DISTS: 0.7064, MSSSIM: 0.1894
25-12-18 06:00:28.547 : Batch 47: Uncertainty-LatentError Correlation = 0.0352
25-12-18 06:00:29.282 : --------------------------------------------
25-12-18 06:00:29.432 : batch--49--> 【Baseline】CBR: 0.0208,PSNR: 17.91dB, LPIPS: 0.7077, DISTS: 0.3821, MSSSIM: 0.6364
25-12-18 06:07:34.363 : batch--49--> 【Recon】H_Loss: 2.4532,L_m: 179.9652,L_c: 0.0000,PSNR: 3.58dB, LPIPS: 0.7988, DISTS: 0.4951, MSSSIM: 0.2976
25-12-18 06:07:34.883 : Batch 48: Uncertainty-LatentError Correlation = 0.3795
25-12-18 06:07:35.166 : --------------------------------------------
25-12-18 06:07:35.345 : batch--50--> 【Baseline】CBR: 0.0208,PSNR: 19.03dB, LPIPS: 0.6621, DISTS: 0.3100, MSSSIM: 0.6573
25-12-18 06:14:41.705 : batch--50--> 【Recon】H_Loss: 0.0774,L_m: 129.4618,L_c: 0.0000,PSNR: 22.28dB, LPIPS: 0.3311, DISTS: 0.2212, MSSSIM: 0.8044
25-12-18 06:14:41.736 : Batch 49: Uncertainty-LatentError Correlation = 0.2071
25-12-18 06:14:42.060 : --------------------------------------------
25-12-18 06:14:42.242 : batch--51--> 【Baseline】CBR: 0.0208,PSNR: 17.85dB, LPIPS: 0.7023, DISTS: 0.3382, MSSSIM: 0.6452
25-12-18 06:21:49.384 : batch--51--> 【Recon】H_Loss: 2.1013,L_m: 194.3777,L_c: 0.0000,PSNR: 4.00dB, LPIPS: 0.8023, DISTS: 0.5188, MSSSIM: 0.1601
25-12-18 06:21:49.408 : Batch 50: Uncertainty-LatentError Correlation = 0.4145
25-12-18 06:21:49.716 : --------------------------------------------
25-12-18 06:21:49.732 : -----------> Metrics saved to /home/naaa/diffcom/results/ffhq_demo/blind_diffcom/djscc_2/ofdm_tdl_10dB/zeta1.0_seed22_gamma0.0_BLIND_h_lr0.2__NFE1000_ffhq_10m/metrics_summary.json
25-12-18 06:21:49.732 : -----------> Method: blind_diffcom
25-12-18 06:21:49.732 : -----------> Average PSNR (RGB) of (ffhq_demo), SNR: (10): 17.851586654239632 -> 5.5163961088257984
25-12-18 06:21:49.732 : -----------> Average LPIPS of (ffhq_demo), SNR: (10): 0.7022653222084045 -> 0.8501427489168504
25-12-18 06:21:49.732 : -----------> Average DISTS of (ffhq_demo), SNR: (10): 0.33821284770965576 -> 0.5576437372787326
25-12-18 06:21:49.732 : -----------> Average MSSSIM of (ffhq_demo), SNR: (10): 0.6451669931411743 -> 0.3074412341503536
25-12-18 06:21:49.732 : -----------> Average H_Loss of (ffhq_demo), SNR: (10): 1.515431011570435
25-12-18 06:21:49.732 : -----------> Average Measurement Loss L_m of ffhq_demo, SNR: 10dB: 198.6469331629136
25-12-18 06:21:49.732 : -----------> Results Save to /home/naaa/diffcom/results/ffhq_demo/blind_diffcom/djscc_2/ofdm_tdl_10dB/zeta1.0_seed22_gamma0.0_BLIND_h_lr0.2__NFE1000_ffhq_10m
