25-12-24 09:47:14.125 : 【Channel】: Built awgn channel, SNR 3 dB
25-12-24 09:47:14.449 : Start from timestep 248 with SNR from -4.394049644470215 to 3.999884605407715
25-12-24 09:47:14.450 : 【Config】: Retransmission Mode: rate, Value: 0.1
25-12-24 09:47:17.503 : Batch 1/100: Phase 1 (Initial)...
25-12-24 09:48:29.117 :   -> Phase 1 | PSNR: 22.83dB | LPIPS: 0.1019 | DISTS: 0.1487
25-12-24 09:48:29.131 :   -> [Base JSCC] Init | PSNR: 24.47dB | LPIPS: 0.1542 | DISTS: 0.2030
25-12-24 09:48:29.292 :   -> [Corr] Smoothed: 0.5271 | Raw: 0.5410
25-12-24 09:48:29.476 :   -> Processing Phase 2 (Smoothed)...
25-12-24 09:48:29.529 :      [Smooth JSCC] PSNR: 24.61dB | LPIPS: 0.1550 | DISTS: 0.2133
25-12-24 09:49:41.467 :      [Smooth] Ratio: 9.99% | PSNR: 22.86dB | LPIPS: 0.1256 | DISTS: 0.1485
25-12-24 09:49:41.517 :   -> Processing Phase 2 (Raw)...
25-12-24 09:49:41.555 :      [Raw JSCC   ] PSNR: 24.79dB | LPIPS: 0.1482 | DISTS: 0.2116
25-12-24 09:50:53.818 :      [Raw   ] Ratio: 9.99% | PSNR: 22.87dB | LPIPS: 0.1109 | DISTS: 0.1589
25-12-24 09:50:53.872 : --------------------------------------------
25-12-24 09:50:53.906 : Batch 2/100: Phase 1 (Initial)...
25-12-24 09:52:06.267 :   -> Phase 1 | PSNR: 23.32dB | LPIPS: 0.1442 | DISTS: 0.1361
25-12-24 09:52:06.281 :   -> [Base JSCC] Init | PSNR: 24.58dB | LPIPS: 0.1788 | DISTS: 0.2074
25-12-24 09:52:06.298 :   -> [Corr] Smoothed: 0.4397 | Raw: 0.4317
25-12-24 09:52:06.459 :   -> Processing Phase 2 (Smoothed)...
25-12-24 09:52:06.497 :      [Smooth JSCC] PSNR: 24.87dB | LPIPS: 0.1824 | DISTS: 0.2049
25-12-24 09:53:18.657 :      [Smooth] Ratio: 9.99% | PSNR: 23.63dB | LPIPS: 0.1255 | DISTS: 0.1384
25-12-24 09:53:18.711 :   -> Processing Phase 2 (Raw)...
25-12-24 09:53:18.748 :      [Raw JSCC   ] PSNR: 24.93dB | LPIPS: 0.1772 | DISTS: 0.2019
25-12-24 09:54:31.172 :      [Raw   ] Ratio: 9.99% | PSNR: 23.58dB | LPIPS: 0.1316 | DISTS: 0.1281
25-12-24 09:54:31.235 : --------------------------------------------
25-12-24 09:54:31.261 : Batch 3/100: Phase 1 (Initial)...
25-12-24 09:55:43.772 :   -> Phase 1 | PSNR: 25.11dB | LPIPS: 0.1327 | DISTS: 0.1368
25-12-24 09:55:43.786 :   -> [Base JSCC] Init | PSNR: 26.49dB | LPIPS: 0.2354 | DISTS: 0.2071
25-12-24 09:55:43.792 :   -> [Corr] Smoothed: 0.4001 | Raw: 0.3359
25-12-24 09:55:43.949 :   -> Processing Phase 2 (Smoothed)...
25-12-24 09:55:43.990 :      [Smooth JSCC] PSNR: 26.74dB | LPIPS: 0.2341 | DISTS: 0.2027
25-12-24 09:56:56.683 :      [Smooth] Ratio: 9.99% | PSNR: 25.12dB | LPIPS: 0.1312 | DISTS: 0.1420
25-12-24 09:56:56.734 :   -> Processing Phase 2 (Raw)...
25-12-24 09:56:56.772 :      [Raw JSCC   ] PSNR: 26.77dB | LPIPS: 0.2294 | DISTS: 0.2034
25-12-24 09:58:09.435 :      [Raw   ] Ratio: 9.99% | PSNR: 25.22dB | LPIPS: 0.1243 | DISTS: 0.1344
25-12-24 09:58:09.493 : --------------------------------------------
25-12-24 09:58:09.533 : Batch 4/100: Phase 1 (Initial)...
25-12-24 09:59:21.811 :   -> Phase 1 | PSNR: 24.38dB | LPIPS: 0.1328 | DISTS: 0.1451
25-12-24 09:59:21.825 :   -> [Base JSCC] Init | PSNR: 26.10dB | LPIPS: 0.2773 | DISTS: 0.2443
25-12-24 09:59:21.835 :   -> [Corr] Smoothed: 0.4796 | Raw: 0.3468
25-12-24 09:59:21.994 :   -> Processing Phase 2 (Smoothed)...
25-12-24 09:59:22.034 :      [Smooth JSCC] PSNR: 25.97dB | LPIPS: 0.2856 | DISTS: 0.2534
25-12-24 10:00:34.529 :      [Smooth] Ratio: 9.99% | PSNR: 24.10dB | LPIPS: 0.1511 | DISTS: 0.1638
25-12-24 10:00:34.580 :   -> Processing Phase 2 (Raw)...
25-12-24 10:00:34.618 :      [Raw JSCC   ] PSNR: 26.16dB | LPIPS: 0.2829 | DISTS: 0.2538
25-12-24 10:01:46.868 :      [Raw   ] Ratio: 9.99% | PSNR: 24.20dB | LPIPS: 0.1430 | DISTS: 0.1534
25-12-24 10:01:46.930 : --------------------------------------------
25-12-24 10:01:46.958 : Batch 5/100: Phase 1 (Initial)...
25-12-24 10:02:59.169 :   -> Phase 1 | PSNR: 24.36dB | LPIPS: 0.1099 | DISTS: 0.1380
25-12-24 10:02:59.184 :   -> [Base JSCC] Init | PSNR: 26.01dB | LPIPS: 0.1973 | DISTS: 0.1954
25-12-24 10:02:59.194 :   -> [Corr] Smoothed: 0.4682 | Raw: 0.4196
25-12-24 10:02:59.355 :   -> Processing Phase 2 (Smoothed)...
25-12-24 10:02:59.396 :      [Smooth JSCC] PSNR: 26.09dB | LPIPS: 0.1986 | DISTS: 0.2065
25-12-24 10:04:11.886 :      [Smooth] Ratio: 9.99% | PSNR: 24.42dB | LPIPS: 0.1199 | DISTS: 0.1386
25-12-24 10:04:11.939 :   -> Processing Phase 2 (Raw)...
25-12-24 10:04:11.978 :      [Raw JSCC   ] PSNR: 26.08dB | LPIPS: 0.1930 | DISTS: 0.2033
25-12-24 10:05:24.080 :      [Raw   ] Ratio: 9.99% | PSNR: 24.29dB | LPIPS: 0.1099 | DISTS: 0.1254
25-12-24 10:05:24.141 : --------------------------------------------
25-12-24 10:05:24.183 : Batch 6/100: Phase 1 (Initial)...
25-12-24 10:06:36.631 :   -> Phase 1 | PSNR: 21.41dB | LPIPS: 0.2537 | DISTS: 0.1795
25-12-24 10:06:36.646 :   -> [Base JSCC] Init | PSNR: 23.11dB | LPIPS: 0.3130 | DISTS: 0.2517
25-12-24 10:06:36.655 :   -> [Corr] Smoothed: 0.4805 | Raw: 0.4465
25-12-24 10:06:36.795 :   -> Processing Phase 2 (Smoothed)...
25-12-24 10:06:36.849 :      [Smooth JSCC] PSNR: 23.18dB | LPIPS: 0.3153 | DISTS: 0.2461
25-12-24 10:07:49.154 :      [Smooth] Ratio: 9.99% | PSNR: 21.20dB | LPIPS: 0.2438 | DISTS: 0.1822
25-12-24 10:07:49.203 :   -> Processing Phase 2 (Raw)...
25-12-24 10:07:49.241 :      [Raw JSCC   ] PSNR: 23.22dB | LPIPS: 0.3163 | DISTS: 0.2509
25-12-24 10:09:01.447 :      [Raw   ] Ratio: 9.99% | PSNR: 21.21dB | LPIPS: 0.2390 | DISTS: 0.1703
25-12-24 10:09:01.506 : --------------------------------------------
25-12-24 10:09:01.531 : Batch 7/100: Phase 1 (Initial)...
25-12-24 10:10:13.869 :   -> Phase 1 | PSNR: 21.86dB | LPIPS: 0.2319 | DISTS: 0.1790
25-12-24 10:10:13.883 :   -> [Base JSCC] Init | PSNR: 23.44dB | LPIPS: 0.3061 | DISTS: 0.2378
25-12-24 10:10:13.890 :   -> [Corr] Smoothed: 0.3407 | Raw: 0.3273
25-12-24 10:10:14.061 :   -> Processing Phase 2 (Smoothed)...
25-12-24 10:10:14.101 :      [Smooth JSCC] PSNR: 23.68dB | LPIPS: 0.2961 | DISTS: 0.2296
25-12-24 10:11:26.519 :      [Smooth] Ratio: 9.99% | PSNR: 22.25dB | LPIPS: 0.2216 | DISTS: 0.1719
25-12-24 10:11:26.572 :   -> Processing Phase 2 (Raw)...
25-12-24 10:11:26.611 :      [Raw JSCC   ] PSNR: 23.77dB | LPIPS: 0.3004 | DISTS: 0.2241
25-12-24 10:12:38.796 :      [Raw   ] Ratio: 9.99% | PSNR: 22.06dB | LPIPS: 0.2174 | DISTS: 0.1693
25-12-24 10:12:38.852 : --------------------------------------------
25-12-24 10:12:38.868 : Batch 8/100: Phase 1 (Initial)...
25-12-24 10:13:50.875 :   -> Phase 1 | PSNR: 27.00dB | LPIPS: 0.0843 | DISTS: 0.1306
25-12-24 10:13:50.889 :   -> [Base JSCC] Init | PSNR: 29.01dB | LPIPS: 0.2080 | DISTS: 0.2434
25-12-24 10:13:50.898 :   -> [Corr] Smoothed: 0.4588 | Raw: 0.4003
25-12-24 10:13:51.063 :   -> Processing Phase 2 (Smoothed)...
25-12-24 10:13:51.104 :      [Smooth JSCC] PSNR: 28.45dB | LPIPS: 0.2155 | DISTS: 0.2458
25-12-24 10:15:03.322 :      [Smooth] Ratio: 9.99% | PSNR: 26.24dB | LPIPS: 0.1050 | DISTS: 0.1671
25-12-24 10:15:03.373 :   -> Processing Phase 2 (Raw)...
25-12-24 10:15:03.411 :      [Raw JSCC   ] PSNR: 28.89dB | LPIPS: 0.2080 | DISTS: 0.2417
25-12-24 10:16:15.524 :      [Raw   ] Ratio: 9.99% | PSNR: 26.74dB | LPIPS: 0.0960 | DISTS: 0.1491
25-12-24 10:16:15.585 : --------------------------------------------
25-12-24 10:16:15.615 : Batch 9/100: Phase 1 (Initial)...
25-12-24 10:17:27.650 :   -> Phase 1 | PSNR: 23.68dB | LPIPS: 0.2010 | DISTS: 0.1521
25-12-24 10:17:27.664 :   -> [Base JSCC] Init | PSNR: 25.50dB | LPIPS: 0.3119 | DISTS: 0.2308
25-12-24 10:17:27.672 :   -> [Corr] Smoothed: 0.3251 | Raw: 0.2475
25-12-24 10:17:27.850 :   -> Processing Phase 2 (Smoothed)...
25-12-24 10:17:27.890 :      [Smooth JSCC] PSNR: 25.40dB | LPIPS: 0.3143 | DISTS: 0.2248
25-12-24 10:18:40.152 :      [Smooth] Ratio: 9.99% | PSNR: 23.38dB | LPIPS: 0.1839 | DISTS: 0.1410
25-12-24 10:18:40.205 :   -> Processing Phase 2 (Raw)...
25-12-24 10:18:40.242 :      [Raw JSCC   ] PSNR: 25.56dB | LPIPS: 0.3104 | DISTS: 0.2218
25-12-24 10:19:52.445 :      [Raw   ] Ratio: 9.99% | PSNR: 23.50dB | LPIPS: 0.1708 | DISTS: 0.1226
25-12-24 10:19:52.507 : --------------------------------------------
25-12-24 10:19:52.540 : Batch 10/100: Phase 1 (Initial)...
25-12-24 10:21:04.645 :   -> Phase 1 | PSNR: 24.85dB | LPIPS: 0.1072 | DISTS: 0.1354
25-12-24 10:21:04.660 :   -> [Base JSCC] Init | PSNR: 27.16dB | LPIPS: 0.1768 | DISTS: 0.2071
25-12-24 10:21:04.666 :   -> [Corr] Smoothed: 0.3773 | Raw: 0.3065
25-12-24 10:21:04.828 :   -> Processing Phase 2 (Smoothed)...
25-12-24 10:21:04.869 :      [Smooth JSCC] PSNR: 26.74dB | LPIPS: 0.1860 | DISTS: 0.2155
25-12-24 10:22:17.237 :      [Smooth] Ratio: 9.99% | PSNR: 24.78dB | LPIPS: 0.1018 | DISTS: 0.1271
25-12-24 10:22:17.289 :   -> Processing Phase 2 (Raw)...
25-12-24 10:22:17.326 :      [Raw JSCC   ] PSNR: 26.96dB | LPIPS: 0.1786 | DISTS: 0.2086
25-12-24 10:23:29.535 :      [Raw   ] Ratio: 9.99% | PSNR: 25.06dB | LPIPS: 0.0921 | DISTS: 0.1281
25-12-24 10:23:29.597 : --------------------------------------------
25-12-24 10:23:29.639 : Batch 11/100: Phase 1 (Initial)...
25-12-24 10:24:41.970 :   -> Phase 1 | PSNR: 25.36dB | LPIPS: 0.1018 | DISTS: 0.1012
25-12-24 10:24:41.985 :   -> [Base JSCC] Init | PSNR: 26.94dB | LPIPS: 0.2562 | DISTS: 0.2376
25-12-24 10:24:41.992 :   -> [Corr] Smoothed: 0.4754 | Raw: 0.3933
25-12-24 10:24:42.153 :   -> Processing Phase 2 (Smoothed)...
25-12-24 10:24:42.192 :      [Smooth JSCC] PSNR: 27.04dB | LPIPS: 0.2558 | DISTS: 0.2352
25-12-24 10:25:54.633 :      [Smooth] Ratio: 9.99% | PSNR: 25.21dB | LPIPS: 0.0969 | DISTS: 0.1060
25-12-24 10:25:54.684 :   -> Processing Phase 2 (Raw)...
25-12-24 10:25:54.722 :      [Raw JSCC   ] PSNR: 27.27dB | LPIPS: 0.2483 | DISTS: 0.2304
25-12-24 10:27:06.998 :      [Raw   ] Ratio: 9.99% | PSNR: 25.44dB | LPIPS: 0.1141 | DISTS: 0.1091
25-12-24 10:27:07.057 : --------------------------------------------
25-12-24 10:27:07.098 : Batch 12/100: Phase 1 (Initial)...
25-12-24 10:28:19.193 :   -> Phase 1 | PSNR: 24.47dB | LPIPS: 0.1378 | DISTS: 0.1599
25-12-24 10:28:19.207 :   -> [Base JSCC] Init | PSNR: 26.27dB | LPIPS: 0.2740 | DISTS: 0.2523
25-12-24 10:28:19.215 :   -> [Corr] Smoothed: 0.3394 | Raw: 0.3079
25-12-24 10:28:19.372 :   -> Processing Phase 2 (Smoothed)...
25-12-24 10:28:19.411 :      [Smooth JSCC] PSNR: 26.20dB | LPIPS: 0.2685 | DISTS: 0.2408
25-12-24 10:29:31.650 :      [Smooth] Ratio: 9.99% | PSNR: 24.30dB | LPIPS: 0.1401 | DISTS: 0.1481
25-12-24 10:29:31.701 :   -> Processing Phase 2 (Raw)...
25-12-24 10:29:31.738 :      [Raw JSCC   ] PSNR: 26.46dB | LPIPS: 0.2659 | DISTS: 0.2384
25-12-24 10:30:44.544 :      [Raw   ] Ratio: 9.99% | PSNR: 24.45dB | LPIPS: 0.1558 | DISTS: 0.1566
25-12-24 10:30:44.621 : --------------------------------------------
25-12-24 10:30:44.644 : Batch 13/100: Phase 1 (Initial)...
25-12-24 10:31:59.184 :   -> Phase 1 | PSNR: 20.92dB | LPIPS: 0.1465 | DISTS: 0.1399
25-12-24 10:31:59.199 :   -> [Base JSCC] Init | PSNR: 23.08dB | LPIPS: 0.2434 | DISTS: 0.2222
25-12-24 10:31:59.213 :   -> [Corr] Smoothed: 0.2661 | Raw: 0.2342
25-12-24 10:31:59.361 :   -> Processing Phase 2 (Smoothed)...
25-12-24 10:31:59.402 :      [Smooth JSCC] PSNR: 23.16dB | LPIPS: 0.2500 | DISTS: 0.2190
25-12-24 10:33:13.767 :      [Smooth] Ratio: 9.99% | PSNR: 21.00dB | LPIPS: 0.1412 | DISTS: 0.1470
25-12-24 10:33:13.817 :   -> Processing Phase 2 (Raw)...
25-12-24 10:33:13.872 :      [Raw JSCC   ] PSNR: 23.33dB | LPIPS: 0.2461 | DISTS: 0.2203
25-12-24 10:34:28.371 :      [Raw   ] Ratio: 9.99% | PSNR: 21.18dB | LPIPS: 0.1514 | DISTS: 0.1330
25-12-24 10:34:28.446 : --------------------------------------------
25-12-24 10:34:28.489 : Batch 14/100: Phase 1 (Initial)...
25-12-24 10:35:44.829 :   -> Phase 1 | PSNR: 23.50dB | LPIPS: 0.1524 | DISTS: 0.1579
25-12-24 10:35:44.844 :   -> [Base JSCC] Init | PSNR: 25.21dB | LPIPS: 0.2888 | DISTS: 0.2398
25-12-24 10:35:44.851 :   -> [Corr] Smoothed: 0.4244 | Raw: 0.3659
25-12-24 10:35:45.002 :   -> Processing Phase 2 (Smoothed)...
25-12-24 10:35:45.041 :      [Smooth JSCC] PSNR: 25.28dB | LPIPS: 0.2899 | DISTS: 0.2373
25-12-24 10:36:58.630 :      [Smooth] Ratio: 9.99% | PSNR: 23.61dB | LPIPS: 0.1485 | DISTS: 0.1659
25-12-24 10:36:58.685 :   -> Processing Phase 2 (Raw)...
25-12-24 10:36:58.725 :      [Raw JSCC   ] PSNR: 25.40dB | LPIPS: 0.2822 | DISTS: 0.2336
25-12-24 10:38:13.667 :      [Raw   ] Ratio: 9.99% | PSNR: 23.60dB | LPIPS: 0.1534 | DISTS: 0.1681
25-12-24 10:38:13.736 : --------------------------------------------
25-12-24 10:38:13.770 : Batch 15/100: Phase 1 (Initial)...
25-12-24 10:39:29.754 :   -> Phase 1 | PSNR: 23.37dB | LPIPS: 0.1744 | DISTS: 0.1569
25-12-24 10:39:29.768 :   -> [Base JSCC] Init | PSNR: 24.79dB | LPIPS: 0.3422 | DISTS: 0.2604
25-12-24 10:39:29.778 :   -> [Corr] Smoothed: 0.3923 | Raw: 0.3093
25-12-24 10:39:29.938 :   -> Processing Phase 2 (Smoothed)...
25-12-24 10:39:29.978 :      [Smooth JSCC] PSNR: 24.93dB | LPIPS: 0.3369 | DISTS: 0.2562
25-12-24 10:40:44.333 :      [Smooth] Ratio: 9.99% | PSNR: 23.39dB | LPIPS: 0.1701 | DISTS: 0.1436
25-12-24 10:40:44.383 :   -> Processing Phase 2 (Raw)...
25-12-24 10:40:44.423 :      [Raw JSCC   ] PSNR: 24.99dB | LPIPS: 0.3356 | DISTS: 0.2558
25-12-24 10:42:00.154 :      [Raw   ] Ratio: 9.99% | PSNR: 23.42dB | LPIPS: 0.1701 | DISTS: 0.1635
25-12-24 10:42:00.219 : --------------------------------------------
25-12-24 10:42:00.254 : Batch 16/100: Phase 1 (Initial)...
25-12-24 10:43:14.418 :   -> Phase 1 | PSNR: 18.23dB | LPIPS: 0.3022 | DISTS: 0.2269
25-12-24 10:43:14.432 :   -> [Base JSCC] Init | PSNR: 19.05dB | LPIPS: 0.4154 | DISTS: 0.2938
25-12-24 10:43:14.438 :   -> [Corr] Smoothed: 0.5272 | Raw: 0.3935
25-12-24 10:43:14.585 :   -> Processing Phase 2 (Smoothed)...
25-12-24 10:43:14.626 :      [Smooth JSCC] PSNR: 19.12dB | LPIPS: 0.4123 | DISTS: 0.2959
25-12-24 10:44:30.738 :      [Smooth] Ratio: 9.99% | PSNR: 18.15dB | LPIPS: 0.2915 | DISTS: 0.2302
25-12-24 10:44:30.787 :   -> Processing Phase 2 (Raw)...
25-12-24 10:44:30.828 :      [Raw JSCC   ] PSNR: 19.16dB | LPIPS: 0.4067 | DISTS: 0.2931
25-12-24 10:45:46.711 :      [Raw   ] Ratio: 9.99% | PSNR: 18.26dB | LPIPS: 0.2836 | DISTS: 0.2073
25-12-24 10:45:46.772 : --------------------------------------------
25-12-24 10:45:46.797 : Batch 17/100: Phase 1 (Initial)...
25-12-24 10:47:02.847 :   -> Phase 1 | PSNR: 25.29dB | LPIPS: 0.1525 | DISTS: 0.1535
25-12-24 10:47:02.861 :   -> [Base JSCC] Init | PSNR: 27.11dB | LPIPS: 0.3090 | DISTS: 0.2346
25-12-24 10:47:02.868 :   -> [Corr] Smoothed: 0.5922 | Raw: 0.4688
25-12-24 10:47:03.032 :   -> Processing Phase 2 (Smoothed)...
25-12-24 10:47:03.072 :      [Smooth JSCC] PSNR: 26.73dB | LPIPS: 0.3208 | DISTS: 0.2402
25-12-24 10:48:17.216 :      [Smooth] Ratio: 9.99% | PSNR: 25.02dB | LPIPS: 0.1859 | DISTS: 0.1593
25-12-24 10:48:17.272 :   -> Processing Phase 2 (Raw)...
25-12-24 10:48:17.311 :      [Raw JSCC   ] PSNR: 26.92dB | LPIPS: 0.3240 | DISTS: 0.2357
25-12-24 10:49:31.814 :      [Raw   ] Ratio: 9.99% | PSNR: 24.98dB | LPIPS: 0.1948 | DISTS: 0.1654
25-12-24 10:49:31.896 : --------------------------------------------
25-12-24 10:49:31.933 : Batch 18/100: Phase 1 (Initial)...
25-12-24 10:50:45.518 :   -> Phase 1 | PSNR: 24.17dB | LPIPS: 0.1193 | DISTS: 0.1377
25-12-24 10:50:45.532 :   -> [Base JSCC] Init | PSNR: 26.06dB | LPIPS: 0.2290 | DISTS: 0.2265
25-12-24 10:50:45.538 :   -> [Corr] Smoothed: 0.4998 | Raw: 0.4090
25-12-24 10:50:45.707 :   -> Processing Phase 2 (Smoothed)...
25-12-24 10:50:45.745 :      [Smooth JSCC] PSNR: 26.16dB | LPIPS: 0.2263 | DISTS: 0.2284
25-12-24 10:51:59.439 :      [Smooth] Ratio: 9.99% | PSNR: 24.20dB | LPIPS: 0.1260 | DISTS: 0.1381
25-12-24 10:51:59.489 :   -> Processing Phase 2 (Raw)...
25-12-24 10:51:59.528 :      [Raw JSCC   ] PSNR: 26.34dB | LPIPS: 0.2226 | DISTS: 0.2249
25-12-24 10:53:13.410 :      [Raw   ] Ratio: 9.99% | PSNR: 24.19dB | LPIPS: 0.1210 | DISTS: 0.1503
25-12-24 10:53:13.469 : --------------------------------------------
25-12-24 10:53:13.485 : Batch 19/100: Phase 1 (Initial)...
25-12-24 10:54:26.352 :   -> Phase 1 | PSNR: 23.68dB | LPIPS: 0.1110 | DISTS: 0.1394
25-12-24 10:54:26.366 :   -> [Base JSCC] Init | PSNR: 25.08dB | LPIPS: 0.2170 | DISTS: 0.1984
25-12-24 10:54:26.373 :   -> [Corr] Smoothed: 0.4334 | Raw: 0.3466
25-12-24 10:54:26.532 :   -> Processing Phase 2 (Smoothed)...
25-12-24 10:54:26.573 :      [Smooth JSCC] PSNR: 24.64dB | LPIPS: 0.2280 | DISTS: 0.1920
25-12-24 10:55:41.524 :      [Smooth] Ratio: 9.99% | PSNR: 22.86dB | LPIPS: 0.1349 | DISTS: 0.1411
25-12-24 10:55:41.575 :   -> Processing Phase 2 (Raw)...
25-12-24 10:55:41.614 :      [Raw JSCC   ] PSNR: 24.99dB | LPIPS: 0.2261 | DISTS: 0.1935
25-12-24 10:56:54.863 :      [Raw   ] Ratio: 9.99% | PSNR: 22.99dB | LPIPS: 0.1191 | DISTS: 0.1258
25-12-24 10:56:54.921 : --------------------------------------------
25-12-24 10:56:54.962 : Batch 20/100: Phase 1 (Initial)...
25-12-24 10:58:09.569 :   -> Phase 1 | PSNR: 26.93dB | LPIPS: 0.0706 | DISTS: 0.1091
25-12-24 10:58:09.584 :   -> [Base JSCC] Init | PSNR: 28.67dB | LPIPS: 0.1953 | DISTS: 0.2483
25-12-24 10:58:09.590 :   -> [Corr] Smoothed: 0.4802 | Raw: 0.4165
25-12-24 10:58:09.751 :   -> Processing Phase 2 (Smoothed)...
25-12-24 10:58:09.803 :      [Smooth JSCC] PSNR: 27.78dB | LPIPS: 0.1987 | DISTS: 0.2533
25-12-24 10:59:23.994 :      [Smooth] Ratio: 9.99% | PSNR: 26.31dB | LPIPS: 0.1004 | DISTS: 0.1163
25-12-24 10:59:24.048 :   -> Processing Phase 2 (Raw)...
25-12-24 10:59:24.087 :      [Raw JSCC   ] PSNR: 28.14dB | LPIPS: 0.1967 | DISTS: 0.2520
25-12-24 11:00:37.787 :      [Raw   ] Ratio: 9.99% | PSNR: 26.19dB | LPIPS: 0.0829 | DISTS: 0.1173
25-12-24 11:00:37.847 : --------------------------------------------
25-12-24 11:00:37.874 : Batch 21/100: Phase 1 (Initial)...
25-12-24 11:01:51.383 :   -> Phase 1 | PSNR: 27.40dB | LPIPS: 0.2064 | DISTS: 0.1515
25-12-24 11:01:51.398 :   -> [Base JSCC] Init | PSNR: 29.05dB | LPIPS: 0.3114 | DISTS: 0.2258
25-12-24 11:01:51.404 :   -> [Corr] Smoothed: 0.3349 | Raw: 0.3015
25-12-24 11:01:51.582 :   -> Processing Phase 2 (Smoothed)...
25-12-24 11:01:51.621 :      [Smooth JSCC] PSNR: 29.10dB | LPIPS: 0.3150 | DISTS: 0.2302
25-12-24 11:03:05.646 :      [Smooth] Ratio: 9.99% | PSNR: 27.37dB | LPIPS: 0.1762 | DISTS: 0.1385
25-12-24 11:03:05.701 :   -> Processing Phase 2 (Raw)...
25-12-24 11:03:05.739 :      [Raw JSCC   ] PSNR: 29.14dB | LPIPS: 0.3116 | DISTS: 0.2249
25-12-24 11:04:20.746 :      [Raw   ] Ratio: 9.99% | PSNR: 27.16dB | LPIPS: 0.1875 | DISTS: 0.1561
25-12-24 11:04:20.831 : --------------------------------------------
25-12-24 11:04:20.849 : Batch 22/100: Phase 1 (Initial)...
25-12-24 11:05:36.485 :   -> Phase 1 | PSNR: 25.96dB | LPIPS: 0.1020 | DISTS: 0.1255
25-12-24 11:05:36.499 :   -> [Base JSCC] Init | PSNR: 27.75dB | LPIPS: 0.2125 | DISTS: 0.2188
25-12-24 11:05:36.506 :   -> [Corr] Smoothed: 0.3570 | Raw: 0.2769
25-12-24 11:05:36.687 :   -> Processing Phase 2 (Smoothed)...
25-12-24 11:05:36.725 :      [Smooth JSCC] PSNR: 27.66dB | LPIPS: 0.2143 | DISTS: 0.2173
25-12-24 11:06:50.503 :      [Smooth] Ratio: 9.99% | PSNR: 25.82dB | LPIPS: 0.1119 | DISTS: 0.1267
25-12-24 11:06:50.558 :   -> Processing Phase 2 (Raw)...
25-12-24 11:06:50.599 :      [Raw JSCC   ] PSNR: 27.89dB | LPIPS: 0.2087 | DISTS: 0.2173
25-12-24 11:08:04.524 :      [Raw   ] Ratio: 9.99% | PSNR: 25.82dB | LPIPS: 0.1225 | DISTS: 0.1086
25-12-24 11:08:04.588 : --------------------------------------------
25-12-24 11:08:04.622 : Batch 23/100: Phase 1 (Initial)...
25-12-24 11:09:18.500 :   -> Phase 1 | PSNR: 23.51dB | LPIPS: 0.2398 | DISTS: 0.1755
25-12-24 11:09:18.515 :   -> [Base JSCC] Init | PSNR: 25.25dB | LPIPS: 0.3564 | DISTS: 0.2481
25-12-24 11:09:18.522 :   -> [Corr] Smoothed: 0.3522 | Raw: 0.2973
25-12-24 11:09:18.684 :   -> Processing Phase 2 (Smoothed)...
25-12-24 11:09:18.724 :      [Smooth JSCC] PSNR: 25.09dB | LPIPS: 0.3622 | DISTS: 0.2477
25-12-24 11:10:34.152 :      [Smooth] Ratio: 9.99% | PSNR: 23.15dB | LPIPS: 0.2603 | DISTS: 0.1758
25-12-24 11:10:34.214 :   -> Processing Phase 2 (Raw)...
25-12-24 11:10:34.259 :      [Raw JSCC   ] PSNR: 25.31dB | LPIPS: 0.3607 | DISTS: 0.2406
25-12-24 11:11:51.115 :      [Raw   ] Ratio: 9.99% | PSNR: 23.41dB | LPIPS: 0.2238 | DISTS: 0.1634
25-12-24 11:11:51.181 : --------------------------------------------
25-12-24 11:11:51.222 : Batch 24/100: Phase 1 (Initial)...
25-12-24 11:13:06.423 :   -> Phase 1 | PSNR: 21.27dB | LPIPS: 0.1537 | DISTS: 0.1624
25-12-24 11:13:06.439 :   -> [Base JSCC] Init | PSNR: 22.88dB | LPIPS: 0.1980 | DISTS: 0.2147
25-12-24 11:13:06.446 :   -> [Corr] Smoothed: 0.4340 | Raw: 0.4062
25-12-24 11:13:06.597 :   -> Processing Phase 2 (Smoothed)...
25-12-24 11:13:06.641 :      [Smooth JSCC] PSNR: 23.07dB | LPIPS: 0.2007 | DISTS: 0.2195
25-12-24 11:14:20.447 :      [Smooth] Ratio: 9.99% | PSNR: 21.41dB | LPIPS: 0.1738 | DISTS: 0.1765
25-12-24 11:14:20.501 :   -> Processing Phase 2 (Raw)...
25-12-24 11:14:20.541 :      [Raw JSCC   ] PSNR: 23.22dB | LPIPS: 0.1988 | DISTS: 0.2094
25-12-24 11:15:35.076 :      [Raw   ] Ratio: 9.99% | PSNR: 21.34dB | LPIPS: 0.1634 | DISTS: 0.1691
25-12-24 11:15:35.140 : --------------------------------------------
25-12-24 11:15:35.182 : Batch 25/100: Phase 1 (Initial)...
25-12-24 11:16:52.943 :   -> Phase 1 | PSNR: 24.00dB | LPIPS: 0.1932 | DISTS: 0.1692
25-12-24 11:16:52.957 :   -> [Base JSCC] Init | PSNR: 25.74dB | LPIPS: 0.2872 | DISTS: 0.2297
25-12-24 11:16:52.965 :   -> [Corr] Smoothed: 0.2872 | Raw: 0.2453
25-12-24 11:16:53.145 :   -> Processing Phase 2 (Smoothed)...
25-12-24 11:16:53.186 :      [Smooth JSCC] PSNR: 25.52dB | LPIPS: 0.2978 | DISTS: 0.2316
25-12-24 11:18:10.190 :      [Smooth] Ratio: 9.99% | PSNR: 24.08dB | LPIPS: 0.1911 | DISTS: 0.1708
25-12-24 11:18:10.243 :   -> Processing Phase 2 (Raw)...
25-12-24 11:18:10.281 :      [Raw JSCC   ] PSNR: 25.64dB | LPIPS: 0.2947 | DISTS: 0.2327
25-12-24 11:19:25.555 :      [Raw   ] Ratio: 9.99% | PSNR: 23.80dB | LPIPS: 0.1819 | DISTS: 0.1674
25-12-24 11:19:25.620 : --------------------------------------------
25-12-24 11:19:25.639 : Batch 26/100: Phase 1 (Initial)...
25-12-24 11:20:42.024 :   -> Phase 1 | PSNR: 23.05dB | LPIPS: 0.1648 | DISTS: 0.1679
25-12-24 11:20:42.040 :   -> [Base JSCC] Init | PSNR: 24.62dB | LPIPS: 0.2612 | DISTS: 0.2556
25-12-24 11:20:42.046 :   -> [Corr] Smoothed: 0.5466 | Raw: 0.4662
25-12-24 11:20:42.194 :   -> Processing Phase 2 (Smoothed)...
25-12-24 11:20:42.236 :      [Smooth JSCC] PSNR: 24.73dB | LPIPS: 0.2519 | DISTS: 0.2579
25-12-24 11:21:57.560 :      [Smooth] Ratio: 9.99% | PSNR: 22.95dB | LPIPS: 0.1793 | DISTS: 0.1971
25-12-24 11:21:57.611 :   -> Processing Phase 2 (Raw)...
25-12-24 11:21:57.649 :      [Raw JSCC   ] PSNR: 24.78dB | LPIPS: 0.2531 | DISTS: 0.2537
25-12-24 11:23:13.281 :      [Raw   ] Ratio: 9.99% | PSNR: 23.02dB | LPIPS: 0.1853 | DISTS: 0.1978
25-12-24 11:23:13.344 : --------------------------------------------
25-12-24 11:23:13.365 : Batch 27/100: Phase 1 (Initial)...
25-12-24 11:24:30.246 :   -> Phase 1 | PSNR: 22.96dB | LPIPS: 0.0963 | DISTS: 0.1268
25-12-24 11:24:30.265 :   -> [Base JSCC] Init | PSNR: 24.18dB | LPIPS: 0.1700 | DISTS: 0.2103
25-12-24 11:24:30.287 :   -> [Corr] Smoothed: 0.3078 | Raw: 0.3221
25-12-24 11:24:30.472 :   -> Processing Phase 2 (Smoothed)...
25-12-24 11:24:30.512 :      [Smooth JSCC] PSNR: 24.18dB | LPIPS: 0.1740 | DISTS: 0.2153
25-12-24 11:25:44.290 :      [Smooth] Ratio: 9.99% | PSNR: 22.93dB | LPIPS: 0.0946 | DISTS: 0.1426
25-12-24 11:25:44.341 :   -> Processing Phase 2 (Raw)...
25-12-24 11:25:44.380 :      [Raw JSCC   ] PSNR: 24.32dB | LPIPS: 0.1667 | DISTS: 0.2076
25-12-24 11:26:58.102 :      [Raw   ] Ratio: 9.99% | PSNR: 23.20dB | LPIPS: 0.0961 | DISTS: 0.1279
25-12-24 11:26:58.169 : --------------------------------------------
25-12-24 11:26:58.203 : Batch 28/100: Phase 1 (Initial)...
25-12-24 11:28:11.729 :   -> Phase 1 | PSNR: 26.97dB | LPIPS: 0.1092 | DISTS: 0.1429
25-12-24 11:28:11.744 :   -> [Base JSCC] Init | PSNR: 28.53dB | LPIPS: 0.2750 | DISTS: 0.2157
25-12-24 11:28:11.761 :   -> [Corr] Smoothed: 0.4717 | Raw: 0.3996
25-12-24 11:28:11.919 :   -> Processing Phase 2 (Smoothed)...
25-12-24 11:28:11.962 :      [Smooth JSCC] PSNR: 28.31dB | LPIPS: 0.2888 | DISTS: 0.2284
25-12-24 11:29:25.816 :      [Smooth] Ratio: 9.99% | PSNR: 26.31dB | LPIPS: 0.1007 | DISTS: 0.1194
25-12-24 11:29:25.867 :   -> Processing Phase 2 (Raw)...
25-12-24 11:29:25.906 :      [Raw JSCC   ] PSNR: 28.65dB | LPIPS: 0.2815 | DISTS: 0.2241
25-12-24 11:30:41.067 :      [Raw   ] Ratio: 9.99% | PSNR: 26.49dB | LPIPS: 0.0854 | DISTS: 0.1096
25-12-24 11:30:41.126 : --------------------------------------------
25-12-24 11:30:41.160 : Batch 29/100: Phase 1 (Initial)...
25-12-24 11:31:56.002 :   -> Phase 1 | PSNR: 28.60dB | LPIPS: 0.0917 | DISTS: 0.1361
25-12-24 11:31:56.024 :   -> [Base JSCC] Init | PSNR: 30.95dB | LPIPS: 0.1750 | DISTS: 0.2076
25-12-24 11:31:56.034 :   -> [Corr] Smoothed: 0.1633 | Raw: 0.2108
25-12-24 11:31:56.207 :   -> Processing Phase 2 (Smoothed)...
25-12-24 11:31:56.248 :      [Smooth JSCC] PSNR: 30.25dB | LPIPS: 0.1763 | DISTS: 0.2043
25-12-24 11:33:12.138 :      [Smooth] Ratio: 9.99% | PSNR: 27.33dB | LPIPS: 0.1073 | DISTS: 0.1383
25-12-24 11:33:12.195 :   -> Processing Phase 2 (Raw)...
25-12-24 11:33:12.243 :      [Raw JSCC   ] PSNR: 30.59dB | LPIPS: 0.1740 | DISTS: 0.2055
25-12-24 11:34:27.540 :      [Raw   ] Ratio: 9.99% | PSNR: 27.63dB | LPIPS: 0.0805 | DISTS: 0.1267
25-12-24 11:34:27.602 : --------------------------------------------
25-12-24 11:34:27.643 : Batch 30/100: Phase 1 (Initial)...
25-12-24 11:35:42.505 :   -> Phase 1 | PSNR: 24.51dB | LPIPS: 0.0882 | DISTS: 0.1113
25-12-24 11:35:42.520 :   -> [Base JSCC] Init | PSNR: 25.80dB | LPIPS: 0.2540 | DISTS: 0.1990
25-12-24 11:35:42.526 :   -> [Corr] Smoothed: 0.4671 | Raw: 0.3713
25-12-24 11:35:42.685 :   -> Processing Phase 2 (Smoothed)...
25-12-24 11:35:42.729 :      [Smooth JSCC] PSNR: 25.91dB | LPIPS: 0.2535 | DISTS: 0.2029
25-12-24 11:37:01.292 :      [Smooth] Ratio: 9.99% | PSNR: 24.24dB | LPIPS: 0.1038 | DISTS: 0.1235
25-12-24 11:37:01.346 :   -> Processing Phase 2 (Raw)...
25-12-24 11:37:01.384 :      [Raw JSCC   ] PSNR: 25.99dB | LPIPS: 0.2500 | DISTS: 0.2030
25-12-24 11:38:16.508 :      [Raw   ] Ratio: 9.99% | PSNR: 24.36dB | LPIPS: 0.0933 | DISTS: 0.1028
25-12-24 11:38:16.570 : --------------------------------------------
25-12-24 11:38:16.594 : Batch 31/100: Phase 1 (Initial)...
25-12-24 11:39:31.245 :   -> Phase 1 | PSNR: 27.61dB | LPIPS: 0.0925 | DISTS: 0.1369
25-12-24 11:39:31.260 :   -> [Base JSCC] Init | PSNR: 29.18dB | LPIPS: 0.1997 | DISTS: 0.2156
25-12-24 11:39:31.271 :   -> [Corr] Smoothed: 0.4001 | Raw: 0.3464
25-12-24 11:39:31.441 :   -> Processing Phase 2 (Smoothed)...
25-12-24 11:39:31.480 :      [Smooth JSCC] PSNR: 28.60dB | LPIPS: 0.1997 | DISTS: 0.2241
25-12-24 11:40:45.929 :      [Smooth] Ratio: 9.99% | PSNR: 27.30dB | LPIPS: 0.0958 | DISTS: 0.1404
25-12-24 11:40:45.985 :   -> Processing Phase 2 (Raw)...
25-12-24 11:40:46.022 :      [Raw JSCC   ] PSNR: 28.97dB | LPIPS: 0.1980 | DISTS: 0.2184
25-12-24 11:41:58.119 :      [Raw   ] Ratio: 9.99% | PSNR: 27.36dB | LPIPS: 0.0942 | DISTS: 0.1487
25-12-24 11:41:58.182 : --------------------------------------------
25-12-24 11:41:58.199 : Batch 32/100: Phase 1 (Initial)...
25-12-24 11:43:10.220 :   -> Phase 1 | PSNR: 26.22dB | LPIPS: 0.1198 | DISTS: 0.1518
25-12-24 11:43:10.235 :   -> [Base JSCC] Init | PSNR: 27.83dB | LPIPS: 0.2430 | DISTS: 0.2184
25-12-24 11:43:10.241 :   -> [Corr] Smoothed: 0.5180 | Raw: 0.4498
25-12-24 11:43:10.405 :   -> Processing Phase 2 (Smoothed)...
25-12-24 11:43:10.447 :      [Smooth JSCC] PSNR: 27.49dB | LPIPS: 0.2462 | DISTS: 0.2180
25-12-24 11:44:22.816 :      [Smooth] Ratio: 9.99% | PSNR: 26.11dB | LPIPS: 0.1236 | DISTS: 0.1381
25-12-24 11:44:22.868 :   -> Processing Phase 2 (Raw)...
25-12-24 11:44:22.906 :      [Raw JSCC   ] PSNR: 27.64dB | LPIPS: 0.2450 | DISTS: 0.2222
25-12-24 11:45:35.342 :      [Raw   ] Ratio: 9.99% | PSNR: 25.99dB | LPIPS: 0.1320 | DISTS: 0.1343
25-12-24 11:45:35.402 : --------------------------------------------
25-12-24 11:45:35.427 : Batch 33/100: Phase 1 (Initial)...
25-12-24 11:46:47.626 :   -> Phase 1 | PSNR: 23.80dB | LPIPS: 0.1159 | DISTS: 0.1327
25-12-24 11:46:47.640 :   -> [Base JSCC] Init | PSNR: 25.40dB | LPIPS: 0.2223 | DISTS: 0.2180
25-12-24 11:46:47.647 :   -> [Corr] Smoothed: 0.4847 | Raw: 0.4215
25-12-24 11:46:47.795 :   -> Processing Phase 2 (Smoothed)...
25-12-24 11:46:47.833 :      [Smooth JSCC] PSNR: 25.28dB | LPIPS: 0.2286 | DISTS: 0.2240
25-12-24 11:47:59.921 :      [Smooth] Ratio: 9.99% | PSNR: 23.08dB | LPIPS: 0.1246 | DISTS: 0.1462
25-12-24 11:47:59.970 :   -> Processing Phase 2 (Raw)...
25-12-24 11:48:00.008 :      [Raw JSCC   ] PSNR: 25.45dB | LPIPS: 0.2265 | DISTS: 0.2225
25-12-24 11:49:12.168 :      [Raw   ] Ratio: 9.99% | PSNR: 23.48dB | LPIPS: 0.1307 | DISTS: 0.1514
25-12-24 11:49:12.228 : --------------------------------------------
25-12-24 11:49:12.253 : Batch 34/100: Phase 1 (Initial)...
25-12-24 11:50:24.386 :   -> Phase 1 | PSNR: 23.93dB | LPIPS: 0.1613 | DISTS: 0.1416
25-12-24 11:50:24.401 :   -> [Base JSCC] Init | PSNR: 25.91dB | LPIPS: 0.3174 | DISTS: 0.2448
25-12-24 11:50:24.412 :   -> [Corr] Smoothed: 0.2688 | Raw: 0.2508
25-12-24 11:50:24.569 :   -> Processing Phase 2 (Smoothed)...
25-12-24 11:50:24.609 :      [Smooth JSCC] PSNR: 25.74dB | LPIPS: 0.3288 | DISTS: 0.2510
25-12-24 11:51:36.992 :      [Smooth] Ratio: 9.99% | PSNR: 23.56dB | LPIPS: 0.2188 | DISTS: 0.1240
25-12-24 11:51:37.042 :   -> Processing Phase 2 (Raw)...
25-12-24 11:51:37.080 :      [Raw JSCC   ] PSNR: 25.99dB | LPIPS: 0.3221 | DISTS: 0.2419
25-12-24 11:52:49.261 :      [Raw   ] Ratio: 9.99% | PSNR: 23.77dB | LPIPS: 0.1727 | DISTS: 0.1353
25-12-24 11:52:49.322 : --------------------------------------------
25-12-24 11:52:49.347 : Batch 35/100: Phase 1 (Initial)...
25-12-24 11:54:01.505 :   -> Phase 1 | PSNR: 23.09dB | LPIPS: 0.1550 | DISTS: 0.1419
25-12-24 11:54:01.520 :   -> [Base JSCC] Init | PSNR: 24.96dB | LPIPS: 0.2731 | DISTS: 0.2379
25-12-24 11:54:01.527 :   -> [Corr] Smoothed: 0.4776 | Raw: 0.4174
25-12-24 11:54:01.651 :   -> Processing Phase 2 (Smoothed)...
25-12-24 11:54:01.690 :      [Smooth JSCC] PSNR: 24.89dB | LPIPS: 0.2842 | DISTS: 0.2420
25-12-24 11:55:14.015 :      [Smooth] Ratio: 9.99% | PSNR: 22.84dB | LPIPS: 0.1554 | DISTS: 0.1370
25-12-24 11:55:14.067 :   -> Processing Phase 2 (Raw)...
25-12-24 11:55:14.105 :      [Raw JSCC   ] PSNR: 25.18dB | LPIPS: 0.2695 | DISTS: 0.2353
25-12-24 11:56:26.492 :      [Raw   ] Ratio: 9.99% | PSNR: 23.08dB | LPIPS: 0.1691 | DISTS: 0.1505
25-12-24 11:56:26.553 : --------------------------------------------
25-12-24 11:56:26.579 : Batch 36/100: Phase 1 (Initial)...
25-12-24 11:57:38.780 :   -> Phase 1 | PSNR: 27.80dB | LPIPS: 0.0987 | DISTS: 0.1230
25-12-24 11:57:38.794 :   -> [Base JSCC] Init | PSNR: 29.84dB | LPIPS: 0.1852 | DISTS: 0.2131
25-12-24 11:57:38.803 :   -> [Corr] Smoothed: 0.3710 | Raw: 0.2793
25-12-24 11:57:38.959 :   -> Processing Phase 2 (Smoothed)...
25-12-24 11:57:38.998 :      [Smooth JSCC] PSNR: 29.01dB | LPIPS: 0.1931 | DISTS: 0.2161
25-12-24 11:58:51.311 :      [Smooth] Ratio: 9.99% | PSNR: 26.62dB | LPIPS: 0.1072 | DISTS: 0.1305
25-12-24 11:58:51.365 :   -> Processing Phase 2 (Raw)...
25-12-24 11:58:51.402 :      [Raw JSCC   ] PSNR: 29.53dB | LPIPS: 0.1840 | DISTS: 0.2120
25-12-24 12:00:03.625 :      [Raw   ] Ratio: 9.99% | PSNR: 27.10dB | LPIPS: 0.0975 | DISTS: 0.1147
25-12-24 12:00:03.687 : --------------------------------------------
25-12-24 12:00:03.728 : Batch 37/100: Phase 1 (Initial)...
25-12-24 12:01:16.060 :   -> Phase 1 | PSNR: 24.88dB | LPIPS: 0.1357 | DISTS: 0.1408
25-12-24 12:01:16.075 :   -> [Base JSCC] Init | PSNR: 26.47dB | LPIPS: 0.2400 | DISTS: 0.1933
25-12-24 12:01:16.082 :   -> [Corr] Smoothed: 0.3401 | Raw: 0.2832
25-12-24 12:01:16.242 :   -> Processing Phase 2 (Smoothed)...
25-12-24 12:01:16.282 :      [Smooth JSCC] PSNR: 26.24dB | LPIPS: 0.2414 | DISTS: 0.1937
25-12-24 12:02:28.530 :      [Smooth] Ratio: 9.99% | PSNR: 24.46dB | LPIPS: 0.1341 | DISTS: 0.1255
25-12-24 12:02:28.580 :   -> Processing Phase 2 (Raw)...
25-12-24 12:02:28.618 :      [Raw JSCC   ] PSNR: 26.47dB | LPIPS: 0.2378 | DISTS: 0.1952
25-12-24 12:03:40.876 :      [Raw   ] Ratio: 9.99% | PSNR: 24.45dB | LPIPS: 0.1366 | DISTS: 0.1262
25-12-24 12:03:40.934 : --------------------------------------------
25-12-24 12:03:40.975 : Batch 38/100: Phase 1 (Initial)...
25-12-24 12:04:53.244 :   -> Phase 1 | PSNR: 23.28dB | LPIPS: 0.1131 | DISTS: 0.1375
25-12-24 12:04:53.259 :   -> [Base JSCC] Init | PSNR: 24.53dB | LPIPS: 0.1760 | DISTS: 0.1968
25-12-24 12:04:53.267 :   -> [Corr] Smoothed: 0.4483 | Raw: 0.4155
25-12-24 12:04:53.440 :   -> Processing Phase 2 (Smoothed)...
25-12-24 12:04:53.479 :      [Smooth JSCC] PSNR: 24.81dB | LPIPS: 0.1790 | DISTS: 0.1952
25-12-24 12:06:05.654 :      [Smooth] Ratio: 9.99% | PSNR: 22.93dB | LPIPS: 0.1016 | DISTS: 0.1215
25-12-24 12:06:05.705 :   -> Processing Phase 2 (Raw)...
25-12-24 12:06:05.743 :      [Raw JSCC   ] PSNR: 25.12dB | LPIPS: 0.1680 | DISTS: 0.1899
25-12-24 12:07:18.339 :      [Raw   ] Ratio: 9.99% | PSNR: 23.01dB | LPIPS: 0.1113 | DISTS: 0.1383
25-12-24 12:07:18.399 : --------------------------------------------
25-12-24 12:07:18.440 : Batch 39/100: Phase 1 (Initial)...
25-12-24 12:08:30.728 :   -> Phase 1 | PSNR: 25.94dB | LPIPS: 0.1449 | DISTS: 0.1444
25-12-24 12:08:30.743 :   -> [Base JSCC] Init | PSNR: 27.91dB | LPIPS: 0.2748 | DISTS: 0.2289
25-12-24 12:08:30.750 :   -> [Corr] Smoothed: 0.3869 | Raw: 0.3396
25-12-24 12:08:30.913 :   -> Processing Phase 2 (Smoothed)...
25-12-24 12:08:30.952 :      [Smooth JSCC] PSNR: 27.10dB | LPIPS: 0.2839 | DISTS: 0.2487
25-12-24 12:09:42.985 :      [Smooth] Ratio: 9.99% | PSNR: 25.40dB | LPIPS: 0.1294 | DISTS: 0.1258
25-12-24 12:09:43.039 :   -> Processing Phase 2 (Raw)...
25-12-24 12:09:43.077 :      [Raw JSCC   ] PSNR: 27.46dB | LPIPS: 0.2729 | DISTS: 0.2389
25-12-24 12:10:55.052 :      [Raw   ] Ratio: 9.99% | PSNR: 25.45dB | LPIPS: 0.1423 | DISTS: 0.1348
25-12-24 12:10:55.115 : --------------------------------------------
25-12-24 12:10:55.140 : Batch 40/100: Phase 1 (Initial)...
25-12-24 12:12:07.232 :   -> Phase 1 | PSNR: 26.11dB | LPIPS: 0.1010 | DISTS: 0.1132
25-12-24 12:12:07.247 :   -> [Base JSCC] Init | PSNR: 27.82dB | LPIPS: 0.2616 | DISTS: 0.2188
25-12-24 12:12:07.253 :   -> [Corr] Smoothed: 0.4064 | Raw: 0.3482
25-12-24 12:12:07.415 :   -> Processing Phase 2 (Smoothed)...
25-12-24 12:12:07.461 :      [Smooth JSCC] PSNR: 27.85dB | LPIPS: 0.2622 | DISTS: 0.2330
25-12-24 12:13:19.663 :      [Smooth] Ratio: 9.99% | PSNR: 25.77dB | LPIPS: 0.1199 | DISTS: 0.1113
25-12-24 12:13:19.717 :   -> Processing Phase 2 (Raw)...
25-12-24 12:13:19.754 :      [Raw JSCC   ] PSNR: 27.86dB | LPIPS: 0.2583 | DISTS: 0.2365
25-12-24 12:14:31.835 :      [Raw   ] Ratio: 9.99% | PSNR: 25.57dB | LPIPS: 0.1248 | DISTS: 0.1172
25-12-24 12:14:31.896 : --------------------------------------------
25-12-24 12:14:31.929 : Batch 41/100: Phase 1 (Initial)...
25-12-24 12:15:43.906 :   -> Phase 1 | PSNR: 23.55dB | LPIPS: 0.1279 | DISTS: 0.1407
25-12-24 12:15:43.921 :   -> [Base JSCC] Init | PSNR: 24.42dB | LPIPS: 0.2113 | DISTS: 0.2280
25-12-24 12:15:43.926 :   -> [Corr] Smoothed: 0.5166 | Raw: 0.4233
25-12-24 12:15:44.105 :   -> Processing Phase 2 (Smoothed)...
25-12-24 12:15:44.144 :      [Smooth JSCC] PSNR: 24.73dB | LPIPS: 0.2092 | DISTS: 0.2373
25-12-24 12:16:56.180 :      [Smooth] Ratio: 9.99% | PSNR: 23.87dB | LPIPS: 0.1164 | DISTS: 0.1368
25-12-24 12:16:56.231 :   -> Processing Phase 2 (Raw)...
25-12-24 12:16:56.268 :      [Raw JSCC   ] PSNR: 24.91dB | LPIPS: 0.2065 | DISTS: 0.2346
25-12-24 12:18:08.231 :      [Raw   ] Ratio: 9.99% | PSNR: 23.92dB | LPIPS: 0.1273 | DISTS: 0.1521
25-12-24 12:18:08.289 : --------------------------------------------
25-12-24 12:18:08.305 : Batch 42/100: Phase 1 (Initial)...
25-12-24 12:19:20.292 :   -> Phase 1 | PSNR: 26.44dB | LPIPS: 0.1410 | DISTS: 0.1446
25-12-24 12:19:20.306 :   -> [Base JSCC] Init | PSNR: 27.80dB | LPIPS: 0.1991 | DISTS: 0.2221
25-12-24 12:19:20.312 :   -> [Corr] Smoothed: 0.2218 | Raw: 0.1715
25-12-24 12:19:20.497 :   -> Processing Phase 2 (Smoothed)...
25-12-24 12:19:20.536 :      [Smooth JSCC] PSNR: 27.61dB | LPIPS: 0.2073 | DISTS: 0.2266
25-12-24 12:20:32.729 :      [Smooth] Ratio: 9.99% | PSNR: 26.28dB | LPIPS: 0.1346 | DISTS: 0.1381
25-12-24 12:20:32.784 :   -> Processing Phase 2 (Raw)...
25-12-24 12:20:32.822 :      [Raw JSCC   ] PSNR: 27.98dB | LPIPS: 0.2009 | DISTS: 0.2215
25-12-24 12:21:44.975 :      [Raw   ] Ratio: 9.99% | PSNR: 26.27dB | LPIPS: 0.1183 | DISTS: 0.1255
25-12-24 12:21:45.039 : --------------------------------------------
25-12-24 12:21:45.081 : Batch 43/100: Phase 1 (Initial)...
25-12-24 12:22:57.178 :   -> Phase 1 | PSNR: 23.04dB | LPIPS: 0.1141 | DISTS: 0.1249
25-12-24 12:22:57.193 :   -> [Base JSCC] Init | PSNR: 24.54dB | LPIPS: 0.2191 | DISTS: 0.2220
25-12-24 12:22:57.199 :   -> [Corr] Smoothed: 0.2742 | Raw: 0.2692
25-12-24 12:22:57.356 :   -> Processing Phase 2 (Smoothed)...
25-12-24 12:22:57.394 :      [Smooth JSCC] PSNR: 24.46dB | LPIPS: 0.2166 | DISTS: 0.2237
25-12-24 12:24:09.549 :      [Smooth] Ratio: 9.99% | PSNR: 22.86dB | LPIPS: 0.1207 | DISTS: 0.1314
25-12-24 12:24:09.601 :   -> Processing Phase 2 (Raw)...
25-12-24 12:24:09.639 :      [Raw JSCC   ] PSNR: 24.61dB | LPIPS: 0.2125 | DISTS: 0.2220
25-12-24 12:25:21.764 :      [Raw   ] Ratio: 9.99% | PSNR: 23.13dB | LPIPS: 0.1124 | DISTS: 0.1213
25-12-24 12:25:21.826 : --------------------------------------------
25-12-24 12:25:21.851 : Batch 44/100: Phase 1 (Initial)...
25-12-24 12:26:34.233 :   -> Phase 1 | PSNR: 25.28dB | LPIPS: 0.1351 | DISTS: 0.1693
25-12-24 12:26:34.248 :   -> [Base JSCC] Init | PSNR: 26.82dB | LPIPS: 0.3132 | DISTS: 0.2187
25-12-24 12:26:34.254 :   -> [Corr] Smoothed: 0.3396 | Raw: 0.2913
25-12-24 12:26:34.414 :   -> Processing Phase 2 (Smoothed)...
25-12-24 12:26:34.460 :      [Smooth JSCC] PSNR: 26.76dB | LPIPS: 0.3144 | DISTS: 0.2239
25-12-24 12:27:47.088 :      [Smooth] Ratio: 9.99% | PSNR: 25.47dB | LPIPS: 0.1573 | DISTS: 0.1425
25-12-24 12:27:47.140 :   -> Processing Phase 2 (Raw)...
25-12-24 12:27:47.179 :      [Raw JSCC   ] PSNR: 26.91dB | LPIPS: 0.3021 | DISTS: 0.2169
25-12-24 12:28:59.585 :      [Raw   ] Ratio: 9.99% | PSNR: 25.41dB | LPIPS: 0.1320 | DISTS: 0.1549
25-12-24 12:28:59.645 : --------------------------------------------
25-12-24 12:28:59.671 : Batch 45/100: Phase 1 (Initial)...
25-12-24 12:30:12.010 :   -> Phase 1 | PSNR: 25.78dB | LPIPS: 0.1020 | DISTS: 0.1322
25-12-24 12:30:12.025 :   -> [Base JSCC] Init | PSNR: 27.21dB | LPIPS: 0.2260 | DISTS: 0.2312
25-12-24 12:30:12.032 :   -> [Corr] Smoothed: 0.3929 | Raw: 0.3442
25-12-24 12:30:12.201 :   -> Processing Phase 2 (Smoothed)...
25-12-24 12:30:12.241 :      [Smooth JSCC] PSNR: 26.77dB | LPIPS: 0.2349 | DISTS: 0.2330
25-12-24 12:31:24.440 :      [Smooth] Ratio: 9.99% | PSNR: 25.54dB | LPIPS: 0.1035 | DISTS: 0.1228
25-12-24 12:31:24.494 :   -> Processing Phase 2 (Raw)...
25-12-24 12:31:24.532 :      [Raw JSCC   ] PSNR: 26.86dB | LPIPS: 0.2321 | DISTS: 0.2329
25-12-24 12:32:36.653 :      [Raw   ] Ratio: 9.99% | PSNR: 25.54dB | LPIPS: 0.1030 | DISTS: 0.1457
25-12-24 12:32:36.717 : --------------------------------------------
25-12-24 12:32:36.733 : Batch 46/100: Phase 1 (Initial)...
25-12-24 12:33:48.849 :   -> Phase 1 | PSNR: 25.38dB | LPIPS: 0.1121 | DISTS: 0.1543
25-12-24 12:33:48.864 :   -> [Base JSCC] Init | PSNR: 26.73dB | LPIPS: 0.1821 | DISTS: 0.2082
25-12-24 12:33:48.870 :   -> [Corr] Smoothed: 0.4856 | Raw: 0.4193
25-12-24 12:33:49.031 :   -> Processing Phase 2 (Smoothed)...
25-12-24 12:33:49.070 :      [Smooth JSCC] PSNR: 26.48dB | LPIPS: 0.1727 | DISTS: 0.2092
25-12-24 12:35:01.141 :      [Smooth] Ratio: 9.99% | PSNR: 24.72dB | LPIPS: 0.1110 | DISTS: 0.1554
25-12-24 12:35:01.194 :   -> Processing Phase 2 (Raw)...
25-12-24 12:35:01.232 :      [Raw JSCC   ] PSNR: 26.66dB | LPIPS: 0.1648 | DISTS: 0.2034
25-12-24 12:36:13.398 :      [Raw   ] Ratio: 9.99% | PSNR: 24.82dB | LPIPS: 0.1115 | DISTS: 0.1574
25-12-24 12:36:13.457 : --------------------------------------------
25-12-24 12:36:13.473 : Batch 47/100: Phase 1 (Initial)...
25-12-24 12:37:25.869 :   -> Phase 1 | PSNR: 23.77dB | LPIPS: 0.1443 | DISTS: 0.1468
25-12-24 12:37:25.884 :   -> [Base JSCC] Init | PSNR: 25.82dB | LPIPS: 0.2111 | DISTS: 0.2242
25-12-24 12:37:25.890 :   -> [Corr] Smoothed: 0.4985 | Raw: 0.4291
25-12-24 12:37:26.033 :   -> Processing Phase 2 (Smoothed)...
25-12-24 12:37:26.074 :      [Smooth JSCC] PSNR: 25.61dB | LPIPS: 0.2163 | DISTS: 0.2292
25-12-24 12:38:38.506 :      [Smooth] Ratio: 9.99% | PSNR: 23.11dB | LPIPS: 0.1565 | DISTS: 0.1700
25-12-24 12:38:38.554 :   -> Processing Phase 2 (Raw)...
25-12-24 12:38:38.592 :      [Raw JSCC   ] PSNR: 25.79dB | LPIPS: 0.2122 | DISTS: 0.2315
25-12-24 12:39:50.972 :      [Raw   ] Ratio: 9.99% | PSNR: 23.13dB | LPIPS: 0.1413 | DISTS: 0.1525
25-12-24 12:39:51.023 : --------------------------------------------
25-12-24 12:39:51.040 : Batch 48/100: Phase 1 (Initial)...
25-12-24 12:41:03.387 :   -> Phase 1 | PSNR: 21.77dB | LPIPS: 0.1974 | DISTS: 0.1578
25-12-24 12:41:03.401 :   -> [Base JSCC] Init | PSNR: 23.52dB | LPIPS: 0.3202 | DISTS: 0.2199
25-12-24 12:41:03.408 :   -> [Corr] Smoothed: 0.4631 | Raw: 0.3876
25-12-24 12:41:03.582 :   -> Processing Phase 2 (Smoothed)...
25-12-24 12:41:03.620 :      [Smooth JSCC] PSNR: 23.75dB | LPIPS: 0.3208 | DISTS: 0.2251
25-12-24 12:42:16.320 :      [Smooth] Ratio: 9.99% | PSNR: 22.01dB | LPIPS: 0.1944 | DISTS: 0.1549
25-12-24 12:42:16.372 :   -> Processing Phase 2 (Raw)...
25-12-24 12:42:16.411 :      [Raw JSCC   ] PSNR: 23.83dB | LPIPS: 0.3132 | DISTS: 0.2242
25-12-24 12:43:28.762 :      [Raw   ] Ratio: 9.99% | PSNR: 21.82dB | LPIPS: 0.1883 | DISTS: 0.1602
25-12-24 12:43:28.820 : --------------------------------------------
25-12-24 12:43:28.836 : Batch 49/100: Phase 1 (Initial)...
25-12-24 12:44:41.264 :   -> Phase 1 | PSNR: 23.57dB | LPIPS: 0.1462 | DISTS: 0.1605
25-12-24 12:44:41.279 :   -> [Base JSCC] Init | PSNR: 25.48dB | LPIPS: 0.2550 | DISTS: 0.2085
25-12-24 12:44:41.287 :   -> [Corr] Smoothed: 0.3416 | Raw: 0.2965
25-12-24 12:44:41.433 :   -> Processing Phase 2 (Smoothed)...
25-12-24 12:44:41.474 :      [Smooth JSCC] PSNR: 25.50dB | LPIPS: 0.2589 | DISTS: 0.2169
25-12-24 12:45:54.133 :      [Smooth] Ratio: 9.99% | PSNR: 23.43dB | LPIPS: 0.1644 | DISTS: 0.1538
25-12-24 12:45:54.187 :   -> Processing Phase 2 (Raw)...
25-12-24 12:45:54.226 :      [Raw JSCC   ] PSNR: 25.66dB | LPIPS: 0.2529 | DISTS: 0.2159
25-12-24 12:47:06.483 :      [Raw   ] Ratio: 9.99% | PSNR: 23.75dB | LPIPS: 0.1414 | DISTS: 0.1413
25-12-24 12:47:06.546 : --------------------------------------------
25-12-24 12:47:06.562 : Batch 50/100: Phase 1 (Initial)...
25-12-24 12:48:18.775 :   -> Phase 1 | PSNR: 21.65dB | LPIPS: 0.1779 | DISTS: 0.1453
25-12-24 12:48:18.790 :   -> [Base JSCC] Init | PSNR: 23.37dB | LPIPS: 0.2673 | DISTS: 0.2153
25-12-24 12:48:18.796 :   -> [Corr] Smoothed: 0.3802 | Raw: 0.3441
25-12-24 12:48:18.937 :   -> Processing Phase 2 (Smoothed)...
25-12-24 12:48:18.976 :      [Smooth JSCC] PSNR: 23.08dB | LPIPS: 0.2757 | DISTS: 0.2195
25-12-24 12:49:31.157 :      [Smooth] Ratio: 9.99% | PSNR: 21.51dB | LPIPS: 0.2045 | DISTS: 0.1506
25-12-24 12:49:31.207 :   -> Processing Phase 2 (Raw)...
25-12-24 12:49:31.245 :      [Raw JSCC   ] PSNR: 23.22dB | LPIPS: 0.2758 | DISTS: 0.2202
25-12-24 12:50:43.360 :      [Raw   ] Ratio: 9.99% | PSNR: 21.53dB | LPIPS: 0.1907 | DISTS: 0.1544
25-12-24 12:50:43.418 : --------------------------------------------
25-12-24 12:50:43.434 : Batch 51/100: Phase 1 (Initial)...
25-12-24 12:51:55.603 :   -> Phase 1 | PSNR: 27.59dB | LPIPS: 0.1449 | DISTS: 0.1380
25-12-24 12:51:55.619 :   -> [Base JSCC] Init | PSNR: 29.17dB | LPIPS: 0.2788 | DISTS: 0.2271
25-12-24 12:51:55.629 :   -> [Corr] Smoothed: 0.3765 | Raw: 0.3131
25-12-24 12:51:55.798 :   -> Processing Phase 2 (Smoothed)...
25-12-24 12:51:55.836 :      [Smooth JSCC] PSNR: 28.55dB | LPIPS: 0.2783 | DISTS: 0.2388
25-12-24 12:53:07.978 :      [Smooth] Ratio: 9.99% | PSNR: 27.02dB | LPIPS: 0.1561 | DISTS: 0.1531
25-12-24 12:53:08.033 :   -> Processing Phase 2 (Raw)...
25-12-24 12:53:08.071 :      [Raw JSCC   ] PSNR: 28.84dB | LPIPS: 0.2705 | DISTS: 0.2330
25-12-24 12:54:20.321 :      [Raw   ] Ratio: 9.99% | PSNR: 27.26dB | LPIPS: 0.1349 | DISTS: 0.1405
25-12-24 12:54:20.384 : --------------------------------------------
25-12-24 12:54:20.412 : Batch 52/100: Phase 1 (Initial)...
25-12-24 12:55:32.558 :   -> Phase 1 | PSNR: 23.56dB | LPIPS: 0.1239 | DISTS: 0.1102
25-12-24 12:55:32.573 :   -> [Base JSCC] Init | PSNR: 25.34dB | LPIPS: 0.2394 | DISTS: 0.2121
25-12-24 12:55:32.579 :   -> [Corr] Smoothed: 0.4328 | Raw: 0.3502
25-12-24 12:55:32.725 :   -> Processing Phase 2 (Smoothed)...
25-12-24 12:55:32.766 :      [Smooth JSCC] PSNR: 25.56dB | LPIPS: 0.2332 | DISTS: 0.2070
25-12-24 12:56:44.839 :      [Smooth] Ratio: 9.99% | PSNR: 23.63dB | LPIPS: 0.1168 | DISTS: 0.1179
25-12-24 12:56:44.889 :   -> Processing Phase 2 (Raw)...
25-12-24 12:56:44.926 :      [Raw JSCC   ] PSNR: 25.69dB | LPIPS: 0.2328 | DISTS: 0.2066
25-12-24 12:57:56.984 :      [Raw   ] Ratio: 9.99% | PSNR: 23.66dB | LPIPS: 0.1206 | DISTS: 0.1156
25-12-24 12:57:57.044 : --------------------------------------------
25-12-24 12:57:57.060 : Batch 53/100: Phase 1 (Initial)...
25-12-24 12:59:09.086 :   -> Phase 1 | PSNR: 24.36dB | LPIPS: 0.1632 | DISTS: 0.1433
25-12-24 12:59:09.101 :   -> [Base JSCC] Init | PSNR: 26.40dB | LPIPS: 0.3071 | DISTS: 0.2458
25-12-24 12:59:09.107 :   -> [Corr] Smoothed: 0.4428 | Raw: 0.3355
25-12-24 12:59:09.245 :   -> Processing Phase 2 (Smoothed)...
25-12-24 12:59:09.286 :      [Smooth JSCC] PSNR: 26.30dB | LPIPS: 0.3054 | DISTS: 0.2528
25-12-24 13:00:21.486 :      [Smooth] Ratio: 9.99% | PSNR: 24.46dB | LPIPS: 0.1664 | DISTS: 0.1518
25-12-24 13:00:21.537 :   -> Processing Phase 2 (Raw)...
25-12-24 13:00:21.574 :      [Raw JSCC   ] PSNR: 26.45dB | LPIPS: 0.3064 | DISTS: 0.2500
25-12-24 13:01:33.568 :      [Raw   ] Ratio: 9.99% | PSNR: 24.53dB | LPIPS: 0.1685 | DISTS: 0.1495
25-12-24 13:01:33.631 : --------------------------------------------
25-12-24 13:01:33.658 : Batch 54/100: Phase 1 (Initial)...
25-12-24 13:02:45.619 :   -> Phase 1 | PSNR: 24.81dB | LPIPS: 0.1206 | DISTS: 0.1130
25-12-24 13:02:45.633 :   -> [Base JSCC] Init | PSNR: 26.57dB | LPIPS: 0.2628 | DISTS: 0.2179
25-12-24 13:02:45.655 :   -> [Corr] Smoothed: 0.2999 | Raw: 0.2891
25-12-24 13:02:45.812 :   -> Processing Phase 2 (Smoothed)...
25-12-24 13:02:45.854 :      [Smooth JSCC] PSNR: 26.38dB | LPIPS: 0.2608 | DISTS: 0.2160
25-12-24 13:03:58.047 :      [Smooth] Ratio: 9.99% | PSNR: 24.73dB | LPIPS: 0.1159 | DISTS: 0.1069
25-12-24 13:03:58.102 :   -> Processing Phase 2 (Raw)...
25-12-24 13:03:58.139 :      [Raw JSCC   ] PSNR: 26.66dB | LPIPS: 0.2493 | DISTS: 0.2061
25-12-24 13:05:10.156 :      [Raw   ] Ratio: 9.99% | PSNR: 24.72dB | LPIPS: 0.1118 | DISTS: 0.1133
25-12-24 13:05:10.219 : --------------------------------------------
25-12-24 13:05:10.259 : Batch 55/100: Phase 1 (Initial)...
25-12-24 13:06:22.428 :   -> Phase 1 | PSNR: 24.21dB | LPIPS: 0.1874 | DISTS: 0.1545
25-12-24 13:06:22.443 :   -> [Base JSCC] Init | PSNR: 26.31dB | LPIPS: 0.2954 | DISTS: 0.2256
25-12-24 13:06:22.449 :   -> [Corr] Smoothed: 0.3559 | Raw: 0.3172
25-12-24 13:06:22.601 :   -> Processing Phase 2 (Smoothed)...
25-12-24 13:06:22.639 :      [Smooth JSCC] PSNR: 26.38dB | LPIPS: 0.3060 | DISTS: 0.2325
25-12-24 13:07:34.922 :      [Smooth] Ratio: 9.99% | PSNR: 24.50dB | LPIPS: 0.1961 | DISTS: 0.1469
25-12-24 13:07:34.975 :   -> Processing Phase 2 (Raw)...
25-12-24 13:07:35.012 :      [Raw JSCC   ] PSNR: 26.53dB | LPIPS: 0.2980 | DISTS: 0.2284
25-12-24 13:08:47.228 :      [Raw   ] Ratio: 9.99% | PSNR: 24.40dB | LPIPS: 0.2062 | DISTS: 0.1581
25-12-24 13:08:47.291 : --------------------------------------------
25-12-24 13:08:47.316 : Batch 56/100: Phase 1 (Initial)...
25-12-24 13:09:59.504 :   -> Phase 1 | PSNR: 22.51dB | LPIPS: 0.1149 | DISTS: 0.1507
25-12-24 13:09:59.519 :   -> [Base JSCC] Init | PSNR: 23.87dB | LPIPS: 0.1907 | DISTS: 0.2026
25-12-24 13:09:59.529 :   -> [Corr] Smoothed: 0.3892 | Raw: 0.3836
25-12-24 13:09:59.689 :   -> Processing Phase 2 (Smoothed)...
25-12-24 13:09:59.728 :      [Smooth JSCC] PSNR: 24.17dB | LPIPS: 0.1922 | DISTS: 0.2126
25-12-24 13:11:11.867 :      [Smooth] Ratio: 9.99% | PSNR: 22.34dB | LPIPS: 0.1047 | DISTS: 0.1502
25-12-24 13:11:11.921 :   -> Processing Phase 2 (Raw)...
25-12-24 13:11:11.958 :      [Raw JSCC   ] PSNR: 24.16dB | LPIPS: 0.1850 | DISTS: 0.2104
25-12-24 13:12:24.037 :      [Raw   ] Ratio: 9.99% | PSNR: 22.32dB | LPIPS: 0.1053 | DISTS: 0.1303
25-12-24 13:12:24.098 : --------------------------------------------
25-12-24 13:12:24.122 : Batch 57/100: Phase 1 (Initial)...
25-12-24 13:13:38.037 :   -> Phase 1 | PSNR: 24.12dB | LPIPS: 0.1428 | DISTS: 0.1326
25-12-24 13:13:38.052 :   -> [Base JSCC] Init | PSNR: 25.95dB | LPIPS: 0.2499 | DISTS: 0.2109
25-12-24 13:13:38.059 :   -> [Corr] Smoothed: 0.3351 | Raw: 0.3084
25-12-24 13:13:38.208 :   -> Processing Phase 2 (Smoothed)...
25-12-24 13:13:38.248 :      [Smooth JSCC] PSNR: 25.82dB | LPIPS: 0.2560 | DISTS: 0.2071
25-12-24 13:14:52.797 :      [Smooth] Ratio: 9.99% | PSNR: 23.88dB | LPIPS: 0.1437 | DISTS: 0.1311
25-12-24 13:14:52.848 :   -> Processing Phase 2 (Raw)...
25-12-24 13:14:52.888 :      [Raw JSCC   ] PSNR: 26.14dB | LPIPS: 0.2501 | DISTS: 0.2087
25-12-24 13:16:06.655 :      [Raw   ] Ratio: 9.99% | PSNR: 24.18dB | LPIPS: 0.1399 | DISTS: 0.1294
25-12-24 13:16:06.719 : --------------------------------------------
25-12-24 13:16:06.761 : Batch 58/100: Phase 1 (Initial)...
25-12-24 13:17:19.977 :   -> Phase 1 | PSNR: 23.87dB | LPIPS: 0.1085 | DISTS: 0.1344
25-12-24 13:17:19.992 :   -> [Base JSCC] Init | PSNR: 25.58dB | LPIPS: 0.2125 | DISTS: 0.2263
25-12-24 13:17:19.999 :   -> [Corr] Smoothed: 0.4364 | Raw: 0.3561
25-12-24 13:17:20.165 :   -> Processing Phase 2 (Smoothed)...
25-12-24 13:17:20.204 :      [Smooth JSCC] PSNR: 25.01dB | LPIPS: 0.2221 | DISTS: 0.2294
25-12-24 13:18:33.190 :      [Smooth] Ratio: 9.99% | PSNR: 23.25dB | LPIPS: 0.1133 | DISTS: 0.1364
25-12-24 13:18:33.242 :   -> Processing Phase 2 (Raw)...
25-12-24 13:18:33.280 :      [Raw JSCC   ] PSNR: 25.25dB | LPIPS: 0.2162 | DISTS: 0.2268
25-12-24 13:19:45.789 :      [Raw   ] Ratio: 9.99% | PSNR: 23.32dB | LPIPS: 0.1049 | DISTS: 0.1267
25-12-24 13:19:45.851 : --------------------------------------------
25-12-24 13:19:45.878 : Batch 59/100: Phase 1 (Initial)...
25-12-24 13:20:58.477 :   -> Phase 1 | PSNR: 24.80dB | LPIPS: 0.1422 | DISTS: 0.1594
25-12-24 13:20:58.491 :   -> [Base JSCC] Init | PSNR: 26.62dB | LPIPS: 0.3139 | DISTS: 0.2608
25-12-24 13:20:58.508 :   -> [Corr] Smoothed: 0.2506 | Raw: 0.2081
25-12-24 13:20:58.664 :   -> Processing Phase 2 (Smoothed)...
25-12-24 13:20:58.704 :      [Smooth JSCC] PSNR: 26.54dB | LPIPS: 0.3134 | DISTS: 0.2619
25-12-24 13:22:11.424 :      [Smooth] Ratio: 9.99% | PSNR: 24.87dB | LPIPS: 0.1362 | DISTS: 0.1811
25-12-24 13:22:11.479 :   -> Processing Phase 2 (Raw)...
25-12-24 13:22:11.517 :      [Raw JSCC   ] PSNR: 26.72dB | LPIPS: 0.3084 | DISTS: 0.2589
25-12-24 13:23:24.543 :      [Raw   ] Ratio: 9.99% | PSNR: 25.08dB | LPIPS: 0.1272 | DISTS: 0.1583
25-12-24 13:23:24.609 : --------------------------------------------
25-12-24 13:23:24.628 : Batch 60/100: Phase 1 (Initial)...
25-12-24 13:24:37.748 :   -> Phase 1 | PSNR: 25.64dB | LPIPS: 0.1132 | DISTS: 0.1226
25-12-24 13:24:37.763 :   -> [Base JSCC] Init | PSNR: 27.45dB | LPIPS: 0.2379 | DISTS: 0.2479
25-12-24 13:24:37.773 :   -> [Corr] Smoothed: 0.3889 | Raw: 0.3258
25-12-24 13:24:37.921 :   -> Processing Phase 2 (Smoothed)...
25-12-24 13:24:37.962 :      [Smooth JSCC] PSNR: 27.06dB | LPIPS: 0.2401 | DISTS: 0.2480
25-12-24 13:25:51.088 :      [Smooth] Ratio: 9.99% | PSNR: 25.33dB | LPIPS: 0.1045 | DISTS: 0.1230
25-12-24 13:25:51.143 :   -> Processing Phase 2 (Raw)...
25-12-24 13:25:51.182 :      [Raw JSCC   ] PSNR: 27.41dB | LPIPS: 0.2338 | DISTS: 0.2439
25-12-24 13:27:04.174 :      [Raw   ] Ratio: 9.99% | PSNR: 25.41dB | LPIPS: 0.1026 | DISTS: 0.1333
25-12-24 13:27:04.237 : --------------------------------------------
25-12-24 13:27:04.253 : Batch 61/100: Phase 1 (Initial)...
25-12-24 13:28:17.046 :   -> Phase 1 | PSNR: 24.12dB | LPIPS: 0.1524 | DISTS: 0.1559
25-12-24 13:28:17.060 :   -> [Base JSCC] Init | PSNR: 25.75dB | LPIPS: 0.2848 | DISTS: 0.2473
25-12-24 13:28:17.077 :   -> [Corr] Smoothed: 0.4448 | Raw: 0.3833
25-12-24 13:28:17.232 :   -> Processing Phase 2 (Smoothed)...
25-12-24 13:28:17.274 :      [Smooth JSCC] PSNR: 25.47dB | LPIPS: 0.2851 | DISTS: 0.2478
25-12-24 13:29:30.167 :      [Smooth] Ratio: 9.99% | PSNR: 23.75dB | LPIPS: 0.1496 | DISTS: 0.1413
25-12-24 13:29:30.218 :   -> Processing Phase 2 (Raw)...
25-12-24 13:29:30.257 :      [Raw JSCC   ] PSNR: 25.43dB | LPIPS: 0.2872 | DISTS: 0.2442
25-12-24 13:30:42.782 :      [Raw   ] Ratio: 9.99% | PSNR: 23.69dB | LPIPS: 0.1527 | DISTS: 0.1470
25-12-24 13:30:42.843 : --------------------------------------------
25-12-24 13:30:42.867 : Batch 62/100: Phase 1 (Initial)...
25-12-24 13:31:55.479 :   -> Phase 1 | PSNR: 26.79dB | LPIPS: 0.1535 | DISTS: 0.1467
25-12-24 13:31:55.494 :   -> [Base JSCC] Init | PSNR: 28.27dB | LPIPS: 0.2849 | DISTS: 0.2448
25-12-24 13:31:55.499 :   -> [Corr] Smoothed: 0.3420 | Raw: 0.3161
25-12-24 13:31:55.657 :   -> Processing Phase 2 (Smoothed)...
25-12-24 13:31:55.695 :      [Smooth JSCC] PSNR: 27.55dB | LPIPS: 0.2993 | DISTS: 0.2453
25-12-24 13:33:08.482 :      [Smooth] Ratio: 9.99% | PSNR: 26.40dB | LPIPS: 0.1597 | DISTS: 0.1361
25-12-24 13:33:08.537 :   -> Processing Phase 2 (Raw)...
25-12-24 13:33:08.575 :      [Raw JSCC   ] PSNR: 28.14dB | LPIPS: 0.2946 | DISTS: 0.2509
25-12-24 13:34:21.597 :      [Raw   ] Ratio: 9.99% | PSNR: 27.04dB | LPIPS: 0.1693 | DISTS: 0.1549
25-12-24 13:34:21.661 : --------------------------------------------
25-12-24 13:34:21.703 : Batch 63/100: Phase 1 (Initial)...
25-12-24 13:35:34.851 :   -> Phase 1 | PSNR: 26.60dB | LPIPS: 0.1405 | DISTS: 0.1460
25-12-24 13:35:34.866 :   -> [Base JSCC] Init | PSNR: 27.95dB | LPIPS: 0.2332 | DISTS: 0.2207
25-12-24 13:35:34.873 :   -> [Corr] Smoothed: 0.4252 | Raw: 0.3272
25-12-24 13:35:35.037 :   -> Processing Phase 2 (Smoothed)...
25-12-24 13:35:35.076 :      [Smooth JSCC] PSNR: 28.03dB | LPIPS: 0.2386 | DISTS: 0.2286
25-12-24 13:36:48.835 :      [Smooth] Ratio: 9.99% | PSNR: 26.37dB | LPIPS: 0.1224 | DISTS: 0.1379
25-12-24 13:36:48.889 :   -> Processing Phase 2 (Raw)...
25-12-24 13:36:48.928 :      [Raw JSCC   ] PSNR: 28.04dB | LPIPS: 0.2333 | DISTS: 0.2279
25-12-24 13:38:02.692 :      [Raw   ] Ratio: 9.99% | PSNR: 26.33dB | LPIPS: 0.1474 | DISTS: 0.1458
25-12-24 13:38:02.759 : --------------------------------------------
25-12-24 13:38:02.800 : Batch 64/100: Phase 1 (Initial)...
25-12-24 13:39:19.155 :   -> Phase 1 | PSNR: 22.65dB | LPIPS: 0.1302 | DISTS: 0.1589
25-12-24 13:39:19.173 :   -> [Base JSCC] Init | PSNR: 24.09dB | LPIPS: 0.2110 | DISTS: 0.2356
25-12-24 13:39:19.181 :   -> [Corr] Smoothed: 0.4033 | Raw: 0.3704
25-12-24 13:39:19.371 :   -> Processing Phase 2 (Smoothed)...
25-12-24 13:39:19.416 :      [Smooth JSCC] PSNR: 24.40dB | LPIPS: 0.2101 | DISTS: 0.2394
25-12-24 13:40:38.001 :      [Smooth] Ratio: 9.99% | PSNR: 22.70dB | LPIPS: 0.1190 | DISTS: 0.1295
25-12-24 13:40:38.056 :   -> Processing Phase 2 (Raw)...
25-12-24 13:40:38.104 :      [Raw JSCC   ] PSNR: 24.49dB | LPIPS: 0.2001 | DISTS: 0.2341
25-12-24 13:41:55.810 :      [Raw   ] Ratio: 9.99% | PSNR: 22.87dB | LPIPS: 0.1146 | DISTS: 0.1277
25-12-24 13:41:55.877 : --------------------------------------------
25-12-24 13:41:55.910 : Batch 65/100: Phase 1 (Initial)...
25-12-24 13:43:11.377 :   -> Phase 1 | PSNR: 25.42dB | LPIPS: 0.1419 | DISTS: 0.1196
25-12-24 13:43:11.393 :   -> [Base JSCC] Init | PSNR: 27.06dB | LPIPS: 0.2870 | DISTS: 0.2268
25-12-24 13:43:11.415 :   -> [Corr] Smoothed: 0.4178 | Raw: 0.3078
25-12-24 13:43:11.585 :   -> Processing Phase 2 (Smoothed)...
25-12-24 13:43:11.625 :      [Smooth JSCC] PSNR: 26.85dB | LPIPS: 0.2862 | DISTS: 0.2439
25-12-24 13:44:28.640 :      [Smooth] Ratio: 9.99% | PSNR: 25.12dB | LPIPS: 0.1523 | DISTS: 0.1410
25-12-24 13:44:28.715 :   -> Processing Phase 2 (Raw)...
25-12-24 13:44:28.760 :      [Raw JSCC   ] PSNR: 26.93dB | LPIPS: 0.2851 | DISTS: 0.2374
25-12-24 13:45:45.653 :      [Raw   ] Ratio: 9.99% | PSNR: 25.00dB | LPIPS: 0.1447 | DISTS: 0.1212
25-12-24 13:45:45.720 : --------------------------------------------
25-12-24 13:45:45.761 : Batch 66/100: Phase 1 (Initial)...
25-12-24 13:47:02.145 :   -> Phase 1 | PSNR: 25.56dB | LPIPS: 0.1164 | DISTS: 0.1279
25-12-24 13:47:02.159 :   -> [Base JSCC] Init | PSNR: 27.06dB | LPIPS: 0.2305 | DISTS: 0.2206
25-12-24 13:47:02.176 :   -> [Corr] Smoothed: 0.3279 | Raw: 0.2622
25-12-24 13:47:02.346 :   -> Processing Phase 2 (Smoothed)...
25-12-24 13:47:02.386 :      [Smooth JSCC] PSNR: 27.05dB | LPIPS: 0.2306 | DISTS: 0.2249
25-12-24 13:48:17.652 :      [Smooth] Ratio: 9.99% | PSNR: 25.44dB | LPIPS: 0.1378 | DISTS: 0.1396
25-12-24 13:48:17.707 :   -> Processing Phase 2 (Raw)...
25-12-24 13:48:17.746 :      [Raw JSCC   ] PSNR: 27.22dB | LPIPS: 0.2212 | DISTS: 0.2231
25-12-24 13:49:31.729 :      [Raw   ] Ratio: 9.99% | PSNR: 25.70dB | LPIPS: 0.1177 | DISTS: 0.1294
25-12-24 13:49:31.794 : --------------------------------------------
25-12-24 13:49:31.836 : Batch 67/100: Phase 1 (Initial)...
25-12-24 13:50:45.610 :   -> Phase 1 | PSNR: 25.77dB | LPIPS: 0.1360 | DISTS: 0.1535
25-12-24 13:50:45.625 :   -> [Base JSCC] Init | PSNR: 27.82dB | LPIPS: 0.2044 | DISTS: 0.2024
25-12-24 13:50:45.631 :   -> [Corr] Smoothed: 0.4243 | Raw: 0.3547
25-12-24 13:50:45.791 :   -> Processing Phase 2 (Smoothed)...
25-12-24 13:50:45.834 :      [Smooth JSCC] PSNR: 27.60dB | LPIPS: 0.1948 | DISTS: 0.2070
25-12-24 13:51:59.755 :      [Smooth] Ratio: 9.99% | PSNR: 25.37dB | LPIPS: 0.1297 | DISTS: 0.1387
25-12-24 13:51:59.808 :   -> Processing Phase 2 (Raw)...
25-12-24 13:51:59.847 :      [Raw JSCC   ] PSNR: 27.79dB | LPIPS: 0.1988 | DISTS: 0.2107
25-12-24 13:53:13.566 :      [Raw   ] Ratio: 9.99% | PSNR: 25.56dB | LPIPS: 0.1313 | DISTS: 0.1475
25-12-24 13:53:13.627 : --------------------------------------------
25-12-24 13:53:13.652 : Batch 68/100: Phase 1 (Initial)...
25-12-24 13:54:27.249 :   -> Phase 1 | PSNR: 25.59dB | LPIPS: 0.0829 | DISTS: 0.1147
25-12-24 13:54:27.264 :   -> [Base JSCC] Init | PSNR: 26.67dB | LPIPS: 0.1315 | DISTS: 0.2069
25-12-24 13:54:27.272 :   -> [Corr] Smoothed: 0.4547 | Raw: 0.4636
25-12-24 13:54:27.436 :   -> Processing Phase 2 (Smoothed)...
25-12-24 13:54:27.476 :      [Smooth JSCC] PSNR: 26.23dB | LPIPS: 0.1321 | DISTS: 0.2173
25-12-24 13:55:40.800 :      [Smooth] Ratio: 9.99% | PSNR: 24.66dB | LPIPS: 0.1069 | DISTS: 0.1396
25-12-24 13:55:40.854 :   -> Processing Phase 2 (Raw)...
25-12-24 13:55:40.892 :      [Raw JSCC   ] PSNR: 26.59dB | LPIPS: 0.1238 | DISTS: 0.2106
25-12-24 13:56:55.121 :      [Raw   ] Ratio: 9.99% | PSNR: 24.80dB | LPIPS: 0.0901 | DISTS: 0.1243
25-12-24 13:56:55.185 : --------------------------------------------
25-12-24 13:56:55.203 : Batch 69/100: Phase 1 (Initial)...
25-12-24 13:58:11.830 :   -> Phase 1 | PSNR: 26.69dB | LPIPS: 0.1139 | DISTS: 0.1397
25-12-24 13:58:11.844 :   -> [Base JSCC] Init | PSNR: 28.30dB | LPIPS: 0.1060 | DISTS: 0.1565
25-12-24 13:58:11.882 :   -> [Corr] Smoothed: 0.4401 | Raw: 0.4111
25-12-24 13:58:12.068 :   -> Processing Phase 2 (Smoothed)...
25-12-24 13:58:12.112 :      [Smooth JSCC] PSNR: 27.18dB | LPIPS: 0.1130 | DISTS: 0.1692
25-12-24 13:59:27.160 :      [Smooth] Ratio: 9.99% | PSNR: 25.78dB | LPIPS: 0.1133 | DISTS: 0.1206
25-12-24 13:59:27.216 :   -> Processing Phase 2 (Raw)...
25-12-24 13:59:27.255 :      [Raw JSCC   ] PSNR: 27.20dB | LPIPS: 0.1130 | DISTS: 0.1671
25-12-24 14:00:45.267 :      [Raw   ] Ratio: 9.99% | PSNR: 25.37dB | LPIPS: 0.1055 | DISTS: 0.1392
25-12-24 14:00:45.339 : --------------------------------------------
25-12-24 14:00:45.359 : Batch 70/100: Phase 1 (Initial)...
25-12-24 14:02:04.145 :   -> Phase 1 | PSNR: 23.05dB | LPIPS: 0.1515 | DISTS: 0.1566
25-12-24 14:02:04.164 :   -> [Base JSCC] Init | PSNR: 24.81dB | LPIPS: 0.2724 | DISTS: 0.2252
25-12-24 14:02:04.170 :   -> [Corr] Smoothed: 0.4461 | Raw: 0.3820
25-12-24 14:02:04.327 :   -> Processing Phase 2 (Smoothed)...
25-12-24 14:02:04.373 :      [Smooth JSCC] PSNR: 24.98dB | LPIPS: 0.2698 | DISTS: 0.2259
25-12-24 14:03:21.536 :      [Smooth] Ratio: 9.99% | PSNR: 23.05dB | LPIPS: 0.1429 | DISTS: 0.1353
25-12-24 14:03:21.590 :   -> Processing Phase 2 (Raw)...
25-12-24 14:03:21.632 :      [Raw JSCC   ] PSNR: 25.06dB | LPIPS: 0.2691 | DISTS: 0.2247
25-12-24 14:04:38.174 :      [Raw   ] Ratio: 9.99% | PSNR: 22.89dB | LPIPS: 0.1467 | DISTS: 0.1698
25-12-24 14:04:38.238 : --------------------------------------------
25-12-24 14:04:38.267 : Batch 71/100: Phase 1 (Initial)...
25-12-24 14:05:56.168 :   -> Phase 1 | PSNR: 25.91dB | LPIPS: 0.1310 | DISTS: 0.1326
25-12-24 14:05:56.186 :   -> [Base JSCC] Init | PSNR: 28.15dB | LPIPS: 0.2397 | DISTS: 0.2376
25-12-24 14:05:56.192 :   -> [Corr] Smoothed: 0.4892 | Raw: 0.4209
25-12-24 14:05:56.347 :   -> Processing Phase 2 (Smoothed)...
25-12-24 14:05:56.394 :      [Smooth JSCC] PSNR: 27.71dB | LPIPS: 0.2404 | DISTS: 0.2490
25-12-24 14:07:14.087 :      [Smooth] Ratio: 9.99% | PSNR: 25.15dB | LPIPS: 0.1494 | DISTS: 0.1509
25-12-24 14:07:14.163 :   -> Processing Phase 2 (Raw)...
25-12-24 14:07:14.208 :      [Raw JSCC   ] PSNR: 27.98dB | LPIPS: 0.2276 | DISTS: 0.2400
25-12-24 14:08:32.300 :      [Raw   ] Ratio: 9.99% | PSNR: 25.56dB | LPIPS: 0.1444 | DISTS: 0.1638
25-12-24 14:08:32.358 : --------------------------------------------
25-12-24 14:08:32.376 : Batch 72/100: Phase 1 (Initial)...
25-12-24 14:09:47.295 :   -> Phase 1 | PSNR: 24.75dB | LPIPS: 0.1558 | DISTS: 0.1500
25-12-24 14:09:47.309 :   -> [Base JSCC] Init | PSNR: 26.16dB | LPIPS: 0.2660 | DISTS: 0.2372
25-12-24 14:09:47.316 :   -> [Corr] Smoothed: 0.4444 | Raw: 0.3834
25-12-24 14:09:47.488 :   -> Processing Phase 2 (Smoothed)...
25-12-24 14:09:47.530 :      [Smooth JSCC] PSNR: 25.98dB | LPIPS: 0.2805 | DISTS: 0.2431
25-12-24 14:11:03.187 :      [Smooth] Ratio: 9.99% | PSNR: 24.71dB | LPIPS: 0.1741 | DISTS: 0.1666
25-12-24 14:11:03.239 :   -> Processing Phase 2 (Raw)...
25-12-24 14:11:03.279 :      [Raw JSCC   ] PSNR: 26.15dB | LPIPS: 0.2703 | DISTS: 0.2499
25-12-24 14:12:19.733 :      [Raw   ] Ratio: 9.99% | PSNR: 24.89dB | LPIPS: 0.1559 | DISTS: 0.1538
25-12-24 14:12:19.801 : --------------------------------------------
25-12-24 14:12:19.831 : Batch 73/100: Phase 1 (Initial)...
25-12-24 14:13:34.522 :   -> Phase 1 | PSNR: 27.06dB | LPIPS: 0.1057 | DISTS: 0.1495
25-12-24 14:13:34.537 :   -> [Base JSCC] Init | PSNR: 29.01dB | LPIPS: 0.2595 | DISTS: 0.2506
25-12-24 14:13:34.544 :   -> [Corr] Smoothed: 0.4260 | Raw: 0.3352
25-12-24 14:13:34.716 :   -> Processing Phase 2 (Smoothed)...
25-12-24 14:13:34.755 :      [Smooth JSCC] PSNR: 28.73dB | LPIPS: 0.2624 | DISTS: 0.2508
25-12-24 14:14:50.467 :      [Smooth] Ratio: 9.99% | PSNR: 26.65dB | LPIPS: 0.1134 | DISTS: 0.1442
25-12-24 14:14:50.520 :   -> Processing Phase 2 (Raw)...
25-12-24 14:14:50.559 :      [Raw JSCC   ] PSNR: 28.58dB | LPIPS: 0.2608 | DISTS: 0.2460
25-12-24 14:16:05.489 :      [Raw   ] Ratio: 9.99% | PSNR: 26.69dB | LPIPS: 0.1198 | DISTS: 0.1449
25-12-24 14:16:05.573 : --------------------------------------------
25-12-24 14:16:05.605 : Batch 74/100: Phase 1 (Initial)...
25-12-24 14:17:20.705 :   -> Phase 1 | PSNR: 24.65dB | LPIPS: 0.1228 | DISTS: 0.1491
25-12-24 14:17:20.720 :   -> [Base JSCC] Init | PSNR: 26.45dB | LPIPS: 0.2374 | DISTS: 0.2355
25-12-24 14:17:20.727 :   -> [Corr] Smoothed: 0.4008 | Raw: 0.3397
25-12-24 14:17:20.902 :   -> Processing Phase 2 (Smoothed)...
25-12-24 14:17:20.943 :      [Smooth JSCC] PSNR: 26.56dB | LPIPS: 0.2398 | DISTS: 0.2372
25-12-24 14:18:37.230 :      [Smooth] Ratio: 9.99% | PSNR: 24.80dB | LPIPS: 0.1328 | DISTS: 0.1456
25-12-24 14:18:37.284 :   -> Processing Phase 2 (Raw)...
25-12-24 14:18:37.337 :      [Raw JSCC   ] PSNR: 26.76dB | LPIPS: 0.2308 | DISTS: 0.2331
25-12-24 14:19:52.625 :      [Raw   ] Ratio: 9.99% | PSNR: 24.88dB | LPIPS: 0.1314 | DISTS: 0.1428
25-12-24 14:19:52.687 : --------------------------------------------
25-12-24 14:19:52.722 : Batch 75/100: Phase 1 (Initial)...
25-12-24 14:21:08.386 :   -> Phase 1 | PSNR: 24.76dB | LPIPS: 0.0955 | DISTS: 0.1425
25-12-24 14:21:08.400 :   -> [Base JSCC] Init | PSNR: 25.89dB | LPIPS: 0.1817 | DISTS: 0.2021
25-12-24 14:21:08.407 :   -> [Corr] Smoothed: 0.4475 | Raw: 0.4108
25-12-24 14:21:08.576 :   -> Processing Phase 2 (Smoothed)...
25-12-24 14:21:08.620 :      [Smooth JSCC] PSNR: 25.58dB | LPIPS: 0.1752 | DISTS: 0.2060
25-12-24 14:22:23.756 :      [Smooth] Ratio: 9.99% | PSNR: 24.59dB | LPIPS: 0.0917 | DISTS: 0.1502
25-12-24 14:22:23.811 :   -> Processing Phase 2 (Raw)...
25-12-24 14:22:23.850 :      [Raw JSCC   ] PSNR: 25.85dB | LPIPS: 0.1754 | DISTS: 0.2054
25-12-24 14:23:38.391 :      [Raw   ] Ratio: 9.99% | PSNR: 24.40dB | LPIPS: 0.1035 | DISTS: 0.1339
25-12-24 14:23:38.452 : --------------------------------------------
25-12-24 14:23:38.470 : Batch 76/100: Phase 1 (Initial)...
25-12-24 14:24:52.053 :   -> Phase 1 | PSNR: 23.41dB | LPIPS: 0.1139 | DISTS: 0.1317
25-12-24 14:24:52.074 :   -> [Base JSCC] Init | PSNR: 24.98dB | LPIPS: 0.1900 | DISTS: 0.1746
25-12-24 14:24:52.085 :   -> [Corr] Smoothed: 0.3561 | Raw: 0.3187
25-12-24 14:24:52.242 :   -> Processing Phase 2 (Smoothed)...
25-12-24 14:24:52.284 :      [Smooth JSCC] PSNR: 25.01dB | LPIPS: 0.1886 | DISTS: 0.1755
25-12-24 14:26:07.834 :      [Smooth] Ratio: 9.99% | PSNR: 23.57dB | LPIPS: 0.1113 | DISTS: 0.1349
25-12-24 14:26:07.892 :   -> Processing Phase 2 (Raw)...
25-12-24 14:26:07.942 :      [Raw JSCC   ] PSNR: 25.18dB | LPIPS: 0.1857 | DISTS: 0.1749
25-12-24 14:27:23.283 :      [Raw   ] Ratio: 9.99% | PSNR: 23.61dB | LPIPS: 0.1164 | DISTS: 0.1371
25-12-24 14:27:23.346 : --------------------------------------------
25-12-24 14:27:23.362 : Batch 77/100: Phase 1 (Initial)...
25-12-24 14:28:37.322 :   -> Phase 1 | PSNR: 25.87dB | LPIPS: 0.1146 | DISTS: 0.1280
25-12-24 14:28:37.337 :   -> [Base JSCC] Init | PSNR: 27.53dB | LPIPS: 0.2333 | DISTS: 0.2249
25-12-24 14:28:37.355 :   -> [Corr] Smoothed: 0.4924 | Raw: 0.4414
25-12-24 14:28:37.506 :   -> Processing Phase 2 (Smoothed)...
25-12-24 14:28:37.545 :      [Smooth JSCC] PSNR: 27.58dB | LPIPS: 0.2414 | DISTS: 0.2267
25-12-24 14:29:51.859 :      [Smooth] Ratio: 9.99% | PSNR: 25.42dB | LPIPS: 0.1204 | DISTS: 0.1176
25-12-24 14:29:51.909 :   -> Processing Phase 2 (Raw)...
25-12-24 14:29:51.950 :      [Raw JSCC   ] PSNR: 27.76dB | LPIPS: 0.2327 | DISTS: 0.2248
25-12-24 14:31:06.240 :      [Raw   ] Ratio: 9.99% | PSNR: 25.23dB | LPIPS: 0.1216 | DISTS: 0.1279
25-12-24 14:31:06.301 : --------------------------------------------
25-12-24 14:31:06.320 : Batch 78/100: Phase 1 (Initial)...
25-12-24 14:32:21.022 :   -> Phase 1 | PSNR: 26.12dB | LPIPS: 0.1308 | DISTS: 0.1530
25-12-24 14:32:21.049 :   -> [Base JSCC] Init | PSNR: 27.99dB | LPIPS: 0.2574 | DISTS: 0.2249
25-12-24 14:32:21.056 :   -> [Corr] Smoothed: 0.3621 | Raw: 0.3203
25-12-24 14:32:21.221 :   -> Processing Phase 2 (Smoothed)...
25-12-24 14:32:21.260 :      [Smooth JSCC] PSNR: 28.00dB | LPIPS: 0.2570 | DISTS: 0.2225
25-12-24 14:33:35.622 :      [Smooth] Ratio: 9.99% | PSNR: 25.80dB | LPIPS: 0.1339 | DISTS: 0.1622
25-12-24 14:33:35.678 :   -> Processing Phase 2 (Raw)...
25-12-24 14:33:35.717 :      [Raw JSCC   ] PSNR: 27.94dB | LPIPS: 0.2655 | DISTS: 0.2273
25-12-24 14:34:49.560 :      [Raw   ] Ratio: 9.99% | PSNR: 25.83dB | LPIPS: 0.1463 | DISTS: 0.1689
25-12-24 14:34:49.625 : --------------------------------------------
25-12-24 14:34:49.666 : Batch 79/100: Phase 1 (Initial)...
25-12-24 14:36:04.143 :   -> Phase 1 | PSNR: 25.66dB | LPIPS: 0.1475 | DISTS: 0.1407
25-12-24 14:36:04.158 :   -> [Base JSCC] Init | PSNR: 26.84dB | LPIPS: 0.3302 | DISTS: 0.2325
25-12-24 14:36:04.169 :   -> [Corr] Smoothed: 0.4189 | Raw: 0.3391
25-12-24 14:36:04.333 :   -> Processing Phase 2 (Smoothed)...
25-12-24 14:36:04.376 :      [Smooth JSCC] PSNR: 26.71dB | LPIPS: 0.3348 | DISTS: 0.2308
25-12-24 14:37:18.391 :      [Smooth] Ratio: 9.99% | PSNR: 25.45dB | LPIPS: 0.1498 | DISTS: 0.1501
25-12-24 14:37:18.446 :   -> Processing Phase 2 (Raw)...
25-12-24 14:37:18.485 :      [Raw JSCC   ] PSNR: 26.85dB | LPIPS: 0.3297 | DISTS: 0.2265
25-12-24 14:38:34.317 :      [Raw   ] Ratio: 9.99% | PSNR: 25.63dB | LPIPS: 0.1555 | DISTS: 0.1458
25-12-24 14:38:34.382 : --------------------------------------------
25-12-24 14:38:34.398 : Batch 80/100: Phase 1 (Initial)...
25-12-24 14:39:49.542 :   -> Phase 1 | PSNR: 24.50dB | LPIPS: 0.1211 | DISTS: 0.1384
25-12-24 14:39:49.556 :   -> [Base JSCC] Init | PSNR: 25.96dB | LPIPS: 0.1762 | DISTS: 0.1876
25-12-24 14:39:49.563 :   -> [Corr] Smoothed: 0.4405 | Raw: 0.3975
25-12-24 14:39:49.731 :   -> Processing Phase 2 (Smoothed)...
25-12-24 14:39:49.771 :      [Smooth JSCC] PSNR: 25.58dB | LPIPS: 0.1841 | DISTS: 0.1881
25-12-24 14:41:04.900 :      [Smooth] Ratio: 9.99% | PSNR: 23.99dB | LPIPS: 0.1205 | DISTS: 0.1379
25-12-24 14:41:04.955 :   -> Processing Phase 2 (Raw)...
25-12-24 14:41:04.996 :      [Raw JSCC   ] PSNR: 26.13dB | LPIPS: 0.1744 | DISTS: 0.1846
25-12-24 14:42:18.368 :      [Raw   ] Ratio: 9.99% | PSNR: 24.47dB | LPIPS: 0.1185 | DISTS: 0.1339
25-12-24 14:42:18.430 : --------------------------------------------
25-12-24 14:42:18.445 : Batch 81/100: Phase 1 (Initial)...
25-12-24 14:43:31.617 :   -> Phase 1 | PSNR: 26.55dB | LPIPS: 0.1241 | DISTS: 0.1141
25-12-24 14:43:31.632 :   -> [Base JSCC] Init | PSNR: 28.47dB | LPIPS: 0.3102 | DISTS: 0.2476
25-12-24 14:43:31.638 :   -> [Corr] Smoothed: 0.3443 | Raw: 0.2510
25-12-24 14:43:31.787 :   -> Processing Phase 2 (Smoothed)...
25-12-24 14:43:31.828 :      [Smooth JSCC] PSNR: 28.38dB | LPIPS: 0.3155 | DISTS: 0.2572
25-12-24 14:44:45.679 :      [Smooth] Ratio: 9.99% | PSNR: 26.14dB | LPIPS: 0.1396 | DISTS: 0.1632
25-12-24 14:44:45.732 :   -> Processing Phase 2 (Raw)...
25-12-24 14:44:45.773 :      [Raw JSCC   ] PSNR: 28.54dB | LPIPS: 0.3125 | DISTS: 0.2527
25-12-24 14:46:00.663 :      [Raw   ] Ratio: 9.99% | PSNR: 26.28dB | LPIPS: 0.1449 | DISTS: 0.1544
25-12-24 14:46:00.726 : --------------------------------------------
25-12-24 14:46:00.742 : Batch 82/100: Phase 1 (Initial)...
25-12-24 14:47:16.130 :   -> Phase 1 | PSNR: 25.80dB | LPIPS: 0.1731 | DISTS: 0.1673
25-12-24 14:47:16.146 :   -> [Base JSCC] Init | PSNR: 27.57dB | LPIPS: 0.2911 | DISTS: 0.2471
25-12-24 14:47:16.152 :   -> [Corr] Smoothed: 0.4074 | Raw: 0.3422
25-12-24 14:47:16.330 :   -> Processing Phase 2 (Smoothed)...
25-12-24 14:47:16.369 :      [Smooth JSCC] PSNR: 27.26dB | LPIPS: 0.2936 | DISTS: 0.2482
25-12-24 14:48:31.760 :      [Smooth] Ratio: 9.99% | PSNR: 25.27dB | LPIPS: 0.1627 | DISTS: 0.1702
25-12-24 14:48:31.822 :   -> Processing Phase 2 (Raw)...
25-12-24 14:48:31.863 :      [Raw JSCC   ] PSNR: 27.63dB | LPIPS: 0.2921 | DISTS: 0.2482
25-12-24 14:49:47.050 :      [Raw   ] Ratio: 9.99% | PSNR: 25.65dB | LPIPS: 0.1490 | DISTS: 0.1447
25-12-24 14:49:47.114 : --------------------------------------------
25-12-24 14:49:47.129 : Batch 83/100: Phase 1 (Initial)...
25-12-24 14:51:02.151 :   -> Phase 1 | PSNR: 22.63dB | LPIPS: 0.1100 | DISTS: 0.1555
25-12-24 14:51:02.166 :   -> [Base JSCC] Init | PSNR: 23.67dB | LPIPS: 0.2069 | DISTS: 0.2264
25-12-24 14:51:02.173 :   -> [Corr] Smoothed: 0.4320 | Raw: 0.3676
25-12-24 14:51:02.346 :   -> Processing Phase 2 (Smoothed)...
25-12-24 14:51:02.386 :      [Smooth JSCC] PSNR: 23.38dB | LPIPS: 0.2152 | DISTS: 0.2310
25-12-24 14:52:18.570 :      [Smooth] Ratio: 9.99% | PSNR: 22.67dB | LPIPS: 0.1011 | DISTS: 0.1463
25-12-24 14:52:18.622 :   -> Processing Phase 2 (Raw)...
25-12-24 14:52:18.660 :      [Raw JSCC   ] PSNR: 23.79dB | LPIPS: 0.2046 | DISTS: 0.2288
25-12-24 14:53:33.085 :      [Raw   ] Ratio: 9.99% | PSNR: 23.01dB | LPIPS: 0.0970 | DISTS: 0.1381
25-12-24 14:53:33.145 : --------------------------------------------
25-12-24 14:53:33.160 : Batch 84/100: Phase 1 (Initial)...
25-12-24 14:54:48.670 :   -> Phase 1 | PSNR: 24.07dB | LPIPS: 0.1631 | DISTS: 0.1388
25-12-24 14:54:48.686 :   -> [Base JSCC] Init | PSNR: 26.04dB | LPIPS: 0.3060 | DISTS: 0.2506
25-12-24 14:54:48.705 :   -> [Corr] Smoothed: 0.2951 | Raw: 0.2384
25-12-24 14:54:48.863 :   -> Processing Phase 2 (Smoothed)...
25-12-24 14:54:48.906 :      [Smooth JSCC] PSNR: 25.88dB | LPIPS: 0.3138 | DISTS: 0.2485
25-12-24 14:56:05.626 :      [Smooth] Ratio: 9.99% | PSNR: 24.06dB | LPIPS: 0.1660 | DISTS: 0.1331
25-12-24 14:56:05.682 :   -> Processing Phase 2 (Raw)...
25-12-24 14:56:05.728 :      [Raw JSCC   ] PSNR: 26.12dB | LPIPS: 0.3154 | DISTS: 0.2450
25-12-24 14:57:28.773 :      [Raw   ] Ratio: 9.99% | PSNR: 24.19dB | LPIPS: 0.1717 | DISTS: 0.1425
25-12-24 14:57:28.838 : --------------------------------------------
25-12-24 14:57:28.854 : Batch 85/100: Phase 1 (Initial)...
25-12-24 14:58:44.315 :   -> Phase 1 | PSNR: 25.90dB | LPIPS: 0.1925 | DISTS: 0.1646
25-12-24 14:58:44.330 :   -> [Base JSCC] Init | PSNR: 27.23dB | LPIPS: 0.3091 | DISTS: 0.2287
25-12-24 14:58:44.336 :   -> [Corr] Smoothed: 0.3641 | Raw: 0.2783
25-12-24 14:58:44.496 :   -> Processing Phase 2 (Smoothed)...
25-12-24 14:58:44.538 :      [Smooth JSCC] PSNR: 27.32dB | LPIPS: 0.3068 | DISTS: 0.2375
25-12-24 14:59:58.181 :      [Smooth] Ratio: 9.99% | PSNR: 25.82dB | LPIPS: 0.1722 | DISTS: 0.1432
25-12-24 14:59:58.234 :   -> Processing Phase 2 (Raw)...
25-12-24 14:59:58.274 :      [Raw JSCC   ] PSNR: 27.42dB | LPIPS: 0.3008 | DISTS: 0.2362
25-12-24 15:01:13.450 :      [Raw   ] Ratio: 9.99% | PSNR: 25.94dB | LPIPS: 0.1637 | DISTS: 0.1501
25-12-24 15:01:13.513 : --------------------------------------------
25-12-24 15:01:13.528 : Batch 86/100: Phase 1 (Initial)...
25-12-24 15:02:27.505 :   -> Phase 1 | PSNR: 24.35dB | LPIPS: 0.1128 | DISTS: 0.1187
25-12-24 15:02:27.520 :   -> [Base JSCC] Init | PSNR: 25.95dB | LPIPS: 0.2435 | DISTS: 0.1929
25-12-24 15:02:27.526 :   -> [Corr] Smoothed: 0.3552 | Raw: 0.3084
25-12-24 15:02:27.679 :   -> Processing Phase 2 (Smoothed)...
25-12-24 15:02:27.719 :      [Smooth JSCC] PSNR: 26.10dB | LPIPS: 0.2493 | DISTS: 0.2131
25-12-24 15:03:43.172 :      [Smooth] Ratio: 9.99% | PSNR: 24.27dB | LPIPS: 0.1166 | DISTS: 0.1161
25-12-24 15:03:43.224 :   -> Processing Phase 2 (Raw)...
25-12-24 15:03:43.263 :      [Raw JSCC   ] PSNR: 26.42dB | LPIPS: 0.2409 | DISTS: 0.2010
25-12-24 15:04:57.264 :      [Raw   ] Ratio: 9.99% | PSNR: 24.50dB | LPIPS: 0.1179 | DISTS: 0.1283
25-12-24 15:04:57.325 : --------------------------------------------
25-12-24 15:04:57.340 : Batch 87/100: Phase 1 (Initial)...
25-12-24 15:06:13.917 :   -> Phase 1 | PSNR: 22.74dB | LPIPS: 0.1353 | DISTS: 0.1542
25-12-24 15:06:13.933 :   -> [Base JSCC] Init | PSNR: 24.09dB | LPIPS: 0.2041 | DISTS: 0.2259
25-12-24 15:06:13.939 :   -> [Corr] Smoothed: 0.3469 | Raw: 0.3227
25-12-24 15:06:14.096 :   -> Processing Phase 2 (Smoothed)...
25-12-24 15:06:14.137 :      [Smooth JSCC] PSNR: 24.07dB | LPIPS: 0.1992 | DISTS: 0.2265
25-12-24 15:07:33.252 :      [Smooth] Ratio: 9.99% | PSNR: 22.65dB | LPIPS: 0.1279 | DISTS: 0.1381
25-12-24 15:07:33.306 :   -> Processing Phase 2 (Raw)...
25-12-24 15:07:33.351 :      [Raw JSCC   ] PSNR: 24.24dB | LPIPS: 0.1892 | DISTS: 0.2249
25-12-24 15:08:54.357 :      [Raw   ] Ratio: 9.99% | PSNR: 22.75dB | LPIPS: 0.1197 | DISTS: 0.1545
25-12-24 15:08:54.420 : --------------------------------------------
25-12-24 15:08:54.436 : Batch 88/100: Phase 1 (Initial)...
25-12-24 15:10:11.799 :   -> Phase 1 | PSNR: 24.33dB | LPIPS: 0.2187 | DISTS: 0.1764
25-12-24 15:10:11.816 :   -> [Base JSCC] Init | PSNR: 26.28dB | LPIPS: 0.3289 | DISTS: 0.2582
25-12-24 15:10:11.823 :   -> [Corr] Smoothed: 0.4715 | Raw: 0.4076
25-12-24 15:10:12.000 :   -> Processing Phase 2 (Smoothed)...
25-12-24 15:10:12.043 :      [Smooth JSCC] PSNR: 26.37dB | LPIPS: 0.3286 | DISTS: 0.2648
25-12-24 15:11:35.061 :      [Smooth] Ratio: 9.99% | PSNR: 24.41dB | LPIPS: 0.2037 | DISTS: 0.1583
25-12-24 15:11:35.118 :   -> Processing Phase 2 (Raw)...
25-12-24 15:11:35.164 :      [Raw JSCC   ] PSNR: 26.44dB | LPIPS: 0.3281 | DISTS: 0.2655
25-12-24 15:12:49.887 :      [Raw   ] Ratio: 9.99% | PSNR: 24.27dB | LPIPS: 0.2103 | DISTS: 0.1676
25-12-24 15:12:49.951 : --------------------------------------------
25-12-24 15:12:49.967 : Batch 89/100: Phase 1 (Initial)...
25-12-24 15:14:05.054 :   -> Phase 1 | PSNR: 23.95dB | LPIPS: 0.1026 | DISTS: 0.1337
25-12-24 15:14:05.068 :   -> [Base JSCC] Init | PSNR: 25.83dB | LPIPS: 0.1730 | DISTS: 0.1931
25-12-24 15:14:05.075 :   -> [Corr] Smoothed: 0.5072 | Raw: 0.3950
25-12-24 15:14:05.237 :   -> Processing Phase 2 (Smoothed)...
25-12-24 15:14:05.277 :      [Smooth JSCC] PSNR: 25.85dB | LPIPS: 0.1756 | DISTS: 0.1933
25-12-24 15:15:20.451 :      [Smooth] Ratio: 9.99% | PSNR: 23.95dB | LPIPS: 0.1011 | DISTS: 0.1231
25-12-24 15:15:20.505 :   -> Processing Phase 2 (Raw)...
25-12-24 15:15:20.544 :      [Raw JSCC   ] PSNR: 25.89dB | LPIPS: 0.1764 | DISTS: 0.1936
25-12-24 15:16:36.206 :      [Raw   ] Ratio: 9.99% | PSNR: 23.96dB | LPIPS: 0.1218 | DISTS: 0.1349
25-12-24 15:16:36.268 : --------------------------------------------
25-12-24 15:16:36.285 : Batch 90/100: Phase 1 (Initial)...
25-12-24 15:17:52.199 :   -> Phase 1 | PSNR: 25.40dB | LPIPS: 0.1008 | DISTS: 0.1122
25-12-24 15:17:52.214 :   -> [Base JSCC] Init | PSNR: 27.27dB | LPIPS: 0.2336 | DISTS: 0.1973
25-12-24 15:17:52.220 :   -> [Corr] Smoothed: 0.4013 | Raw: 0.3366
25-12-24 15:17:52.395 :   -> Processing Phase 2 (Smoothed)...
25-12-24 15:17:52.434 :      [Smooth JSCC] PSNR: 27.12dB | LPIPS: 0.2291 | DISTS: 0.1901
25-12-24 15:19:06.949 :      [Smooth] Ratio: 9.99% | PSNR: 24.98dB | LPIPS: 0.1102 | DISTS: 0.1274
25-12-24 15:19:07.002 :   -> Processing Phase 2 (Raw)...
25-12-24 15:19:07.044 :      [Raw JSCC   ] PSNR: 27.10dB | LPIPS: 0.2267 | DISTS: 0.1907
25-12-24 15:20:23.333 :      [Raw   ] Ratio: 9.99% | PSNR: 25.18dB | LPIPS: 0.1023 | DISTS: 0.1216
25-12-24 15:20:23.393 : --------------------------------------------
25-12-24 15:20:23.408 : Batch 91/100: Phase 1 (Initial)...
25-12-24 15:21:38.250 :   -> Phase 1 | PSNR: 27.01dB | LPIPS: 0.0960 | DISTS: 0.1191
25-12-24 15:21:38.264 :   -> [Base JSCC] Init | PSNR: 28.59dB | LPIPS: 0.2039 | DISTS: 0.2180
25-12-24 15:21:38.271 :   -> [Corr] Smoothed: 0.2600 | Raw: 0.2475
25-12-24 15:21:38.433 :   -> Processing Phase 2 (Smoothed)...
25-12-24 15:21:38.472 :      [Smooth JSCC] PSNR: 28.82dB | LPIPS: 0.1987 | DISTS: 0.2100
25-12-24 15:22:52.694 :      [Smooth] Ratio: 9.99% | PSNR: 27.24dB | LPIPS: 0.0867 | DISTS: 0.1194
25-12-24 15:22:52.749 :   -> Processing Phase 2 (Raw)...
25-12-24 15:22:52.788 :      [Raw JSCC   ] PSNR: 28.94dB | LPIPS: 0.1975 | DISTS: 0.2078
25-12-24 15:24:07.423 :      [Raw   ] Ratio: 9.99% | PSNR: 27.37dB | LPIPS: 0.0926 | DISTS: 0.1392
25-12-24 15:24:07.485 : --------------------------------------------
25-12-24 15:24:07.500 : Batch 92/100: Phase 1 (Initial)...
25-12-24 15:25:21.682 :   -> Phase 1 | PSNR: 25.26dB | LPIPS: 0.1119 | DISTS: 0.1246
25-12-24 15:25:21.697 :   -> [Base JSCC] Init | PSNR: 26.65dB | LPIPS: 0.2533 | DISTS: 0.2061
25-12-24 15:25:21.703 :   -> [Corr] Smoothed: 0.2632 | Raw: 0.2396
25-12-24 15:25:21.878 :   -> Processing Phase 2 (Smoothed)...
25-12-24 15:25:21.922 :      [Smooth JSCC] PSNR: 26.48dB | LPIPS: 0.2426 | DISTS: 0.2156
25-12-24 15:26:38.816 :      [Smooth] Ratio: 9.99% | PSNR: 24.91dB | LPIPS: 0.1040 | DISTS: 0.1262
25-12-24 15:26:38.870 :   -> Processing Phase 2 (Raw)...
25-12-24 15:26:38.923 :      [Raw JSCC   ] PSNR: 26.61dB | LPIPS: 0.2445 | DISTS: 0.2080
25-12-24 15:27:54.050 :      [Raw   ] Ratio: 9.99% | PSNR: 24.78dB | LPIPS: 0.0947 | DISTS: 0.1189
25-12-24 15:27:54.110 : --------------------------------------------
25-12-24 15:27:54.125 : Batch 93/100: Phase 1 (Initial)...
25-12-24 15:29:10.703 :   -> Phase 1 | PSNR: 27.39dB | LPIPS: 0.1240 | DISTS: 0.1407
25-12-24 15:29:10.718 :   -> [Base JSCC] Init | PSNR: 29.03dB | LPIPS: 0.2166 | DISTS: 0.2410
25-12-24 15:29:10.724 :   -> [Corr] Smoothed: 0.3833 | Raw: 0.3218
25-12-24 15:29:10.886 :   -> Processing Phase 2 (Smoothed)...
25-12-24 15:29:10.925 :      [Smooth JSCC] PSNR: 28.80dB | LPIPS: 0.2212 | DISTS: 0.2506
25-12-24 15:30:26.677 :      [Smooth] Ratio: 9.99% | PSNR: 27.09dB | LPIPS: 0.1383 | DISTS: 0.1356
25-12-24 15:30:26.735 :   -> Processing Phase 2 (Raw)...
25-12-24 15:30:26.775 :      [Raw JSCC   ] PSNR: 29.09dB | LPIPS: 0.2230 | DISTS: 0.2448
25-12-24 15:31:41.666 :      [Raw   ] Ratio: 9.99% | PSNR: 27.46dB | LPIPS: 0.1213 | DISTS: 0.1277
25-12-24 15:31:41.732 : --------------------------------------------
25-12-24 15:31:41.748 : Batch 94/100: Phase 1 (Initial)...
25-12-24 15:32:57.067 :   -> Phase 1 | PSNR: 25.09dB | LPIPS: 0.1461 | DISTS: 0.1379
25-12-24 15:32:57.082 :   -> [Base JSCC] Init | PSNR: 26.96dB | LPIPS: 0.2212 | DISTS: 0.2225
25-12-24 15:32:57.088 :   -> [Corr] Smoothed: 0.3283 | Raw: 0.2709
25-12-24 15:32:57.243 :   -> Processing Phase 2 (Smoothed)...
25-12-24 15:32:57.282 :      [Smooth JSCC] PSNR: 26.61dB | LPIPS: 0.2212 | DISTS: 0.2300
25-12-24 15:34:13.298 :      [Smooth] Ratio: 9.99% | PSNR: 24.44dB | LPIPS: 0.1596 | DISTS: 0.1526
25-12-24 15:34:13.355 :   -> Processing Phase 2 (Raw)...
25-12-24 15:34:13.397 :      [Raw JSCC   ] PSNR: 26.72dB | LPIPS: 0.2202 | DISTS: 0.2223
25-12-24 15:35:28.331 :      [Raw   ] Ratio: 9.99% | PSNR: 24.49dB | LPIPS: 0.1431 | DISTS: 0.1499
25-12-24 15:35:28.390 : --------------------------------------------
25-12-24 15:35:28.405 : Batch 95/100: Phase 1 (Initial)...
25-12-24 15:36:41.611 :   -> Phase 1 | PSNR: 25.06dB | LPIPS: 0.1389 | DISTS: 0.1501
25-12-24 15:36:41.626 :   -> [Base JSCC] Init | PSNR: 26.69dB | LPIPS: 0.1970 | DISTS: 0.2105
25-12-24 15:36:41.632 :   -> [Corr] Smoothed: 0.3578 | Raw: 0.3418
25-12-24 15:36:41.819 :   -> Processing Phase 2 (Smoothed)...
25-12-24 15:36:41.858 :      [Smooth JSCC] PSNR: 26.37dB | LPIPS: 0.2059 | DISTS: 0.2218
25-12-24 15:37:55.824 :      [Smooth] Ratio: 9.99% | PSNR: 24.81dB | LPIPS: 0.1302 | DISTS: 0.1710
25-12-24 15:37:55.899 :   -> Processing Phase 2 (Raw)...
25-12-24 15:37:55.940 :      [Raw JSCC   ] PSNR: 26.58dB | LPIPS: 0.2031 | DISTS: 0.2200
25-12-24 15:39:10.594 :      [Raw   ] Ratio: 9.99% | PSNR: 24.79dB | LPIPS: 0.1200 | DISTS: 0.1545
25-12-24 15:39:10.656 : --------------------------------------------
25-12-24 15:39:10.671 : Batch 96/100: Phase 1 (Initial)...
25-12-24 15:40:25.688 :   -> Phase 1 | PSNR: 24.64dB | LPIPS: 0.1135 | DISTS: 0.1339
25-12-24 15:40:25.702 :   -> [Base JSCC] Init | PSNR: 25.87dB | LPIPS: 0.2110 | DISTS: 0.2100
25-12-24 15:40:25.709 :   -> [Corr] Smoothed: 0.3947 | Raw: 0.3421
25-12-24 15:40:25.903 :   -> Processing Phase 2 (Smoothed)...
25-12-24 15:40:25.941 :      [Smooth JSCC] PSNR: 25.82dB | LPIPS: 0.2156 | DISTS: 0.2090
25-12-24 15:41:40.105 :      [Smooth] Ratio: 9.99% | PSNR: 24.68dB | LPIPS: 0.1203 | DISTS: 0.1406
25-12-24 15:41:40.161 :   -> Processing Phase 2 (Raw)...
25-12-24 15:41:40.201 :      [Raw JSCC   ] PSNR: 26.02dB | LPIPS: 0.2143 | DISTS: 0.2039
25-12-24 15:42:54.463 :      [Raw   ] Ratio: 9.99% | PSNR: 24.93dB | LPIPS: 0.1153 | DISTS: 0.1417
25-12-24 15:42:54.548 : --------------------------------------------
25-12-24 15:42:54.565 : Batch 97/100: Phase 1 (Initial)...
25-12-24 15:44:08.261 :   -> Phase 1 | PSNR: 23.83dB | LPIPS: 0.1236 | DISTS: 0.1392
25-12-24 15:44:08.276 :   -> [Base JSCC] Init | PSNR: 25.63dB | LPIPS: 0.2418 | DISTS: 0.2119
25-12-24 15:44:08.284 :   -> [Corr] Smoothed: 0.2840 | Raw: 0.2725
25-12-24 15:44:08.454 :   -> Processing Phase 2 (Smoothed)...
25-12-24 15:44:08.494 :      [Smooth JSCC] PSNR: 25.67dB | LPIPS: 0.2456 | DISTS: 0.2153
25-12-24 15:45:22.341 :      [Smooth] Ratio: 9.99% | PSNR: 23.65dB | LPIPS: 0.1255 | DISTS: 0.1280
25-12-24 15:45:22.396 :   -> Processing Phase 2 (Raw)...
25-12-24 15:45:22.436 :      [Raw JSCC   ] PSNR: 25.78dB | LPIPS: 0.2449 | DISTS: 0.2197
25-12-24 15:46:36.747 :      [Raw   ] Ratio: 9.99% | PSNR: 23.57dB | LPIPS: 0.1276 | DISTS: 0.1220
25-12-24 15:46:36.809 : --------------------------------------------
25-12-24 15:46:36.825 : Batch 98/100: Phase 1 (Initial)...
25-12-24 15:47:51.079 :   -> Phase 1 | PSNR: 27.63dB | LPIPS: 0.1203 | DISTS: 0.1452
25-12-24 15:47:51.094 :   -> [Base JSCC] Init | PSNR: 29.03dB | LPIPS: 0.2411 | DISTS: 0.2431
25-12-24 15:47:51.100 :   -> [Corr] Smoothed: 0.5344 | Raw: 0.4353
25-12-24 15:47:51.260 :   -> Processing Phase 2 (Smoothed)...
25-12-24 15:47:51.300 :      [Smooth JSCC] PSNR: 28.87dB | LPIPS: 0.2444 | DISTS: 0.2447
25-12-24 15:49:04.654 :      [Smooth] Ratio: 9.99% | PSNR: 27.12dB | LPIPS: 0.1187 | DISTS: 0.1314
25-12-24 15:49:04.707 :   -> Processing Phase 2 (Raw)...
25-12-24 15:49:04.747 :      [Raw JSCC   ] PSNR: 29.11dB | LPIPS: 0.2386 | DISTS: 0.2427
25-12-24 15:50:18.109 :      [Raw   ] Ratio: 9.99% | PSNR: 27.35dB | LPIPS: 0.1261 | DISTS: 0.1351
25-12-24 15:50:18.170 : --------------------------------------------
25-12-24 15:50:18.186 : Batch 99/100: Phase 1 (Initial)...
25-12-24 15:51:31.382 :   -> Phase 1 | PSNR: 23.19dB | LPIPS: 0.1973 | DISTS: 0.1590
25-12-24 15:51:31.396 :   -> [Base JSCC] Init | PSNR: 25.21dB | LPIPS: 0.2792 | DISTS: 0.2135
25-12-24 15:51:31.402 :   -> [Corr] Smoothed: 0.4233 | Raw: 0.3529
25-12-24 15:51:31.546 :   -> Processing Phase 2 (Smoothed)...
25-12-24 15:51:31.585 :      [Smooth JSCC] PSNR: 24.69dB | LPIPS: 0.2880 | DISTS: 0.2227
25-12-24 15:52:45.107 :      [Smooth] Ratio: 9.99% | PSNR: 22.42dB | LPIPS: 0.2006 | DISTS: 0.1609
25-12-24 15:52:45.164 :   -> Processing Phase 2 (Raw)...
25-12-24 15:52:45.204 :      [Raw JSCC   ] PSNR: 24.99dB | LPIPS: 0.2813 | DISTS: 0.2186
25-12-24 15:54:00.338 :      [Raw   ] Ratio: 9.99% | PSNR: 22.55dB | LPIPS: 0.1800 | DISTS: 0.1438
25-12-24 15:54:00.404 : --------------------------------------------
25-12-24 15:54:00.420 : Batch 100/100: Phase 1 (Initial)...
25-12-24 15:55:15.408 :   -> Phase 1 | PSNR: 25.93dB | LPIPS: 0.1053 | DISTS: 0.1318
25-12-24 15:55:15.423 :   -> [Base JSCC] Init | PSNR: 27.48dB | LPIPS: 0.2650 | DISTS: 0.2141
25-12-24 15:55:15.431 :   -> [Corr] Smoothed: 0.3755 | Raw: 0.2994
25-12-24 15:55:15.589 :   -> Processing Phase 2 (Smoothed)...
25-12-24 15:55:15.631 :      [Smooth JSCC] PSNR: 27.36dB | LPIPS: 0.2705 | DISTS: 0.2106
25-12-24 15:56:29.447 :      [Smooth] Ratio: 9.99% | PSNR: 25.68dB | LPIPS: 0.1148 | DISTS: 0.1192
25-12-24 15:56:29.499 :   -> Processing Phase 2 (Raw)...
25-12-24 15:56:29.537 :      [Raw JSCC   ] PSNR: 27.56dB | LPIPS: 0.2680 | DISTS: 0.2148
25-12-24 15:57:42.752 :      [Raw   ] Ratio: 9.99% | PSNR: 25.85dB | LPIPS: 0.1127 | DISTS: 0.1213
25-12-24 15:57:42.813 : --------------------------------------------
25-12-24 15:57:42.820 : Saved 100 results to /home/naaa/diffcom/results_retrans_comparison/ffhq_demo/hifi_diffcom/djscc_2/awgn_03dB/RetransComparison_rate_0.1_zeta0.3_seed22/retransmission_comparison.json
25-12-24 15:57:42.820 : Final Avg | P2(Smooth) PSNR: 24.44dB | P2(Raw) PSNR: 24.52dB
