25-12-21 16:18:54.049 : 【Channel】: Built awgn channel, SNR 0 dB
25-12-21 16:18:54.500 : Start from timestep 252 with SNR from -4.394049644470215 to 3.999884605407715
25-12-21 16:18:54.501 : 【Config】: Retransmission Threshold: 0.3
25-12-21 16:18:57.584 : Batch 1: Phase 1 (Initial Reconstruction)...
25-12-21 16:20:05.539 :   -> Phase 1 PSNR: 20.77dB
25-12-21 16:20:05.539 : Batch 1: Processing Retransmission...
25-12-21 16:26:24.661 : 【Channel】: Built awgn channel, SNR 0 dB
25-12-21 16:26:25.049 : Start from timestep 252 with SNR from -4.394049644470215 to 3.999884605407715
25-12-21 16:26:25.049 : 【Config】: Retransmission Threshold: 0.3
25-12-21 16:26:28.073 : Batch 1: Phase 1 (Initial Reconstruction)...
25-12-21 16:27:43.190 :   -> Phase 1 PSNR: 20.77dB
25-12-21 16:27:43.190 : Batch 1: Processing Retransmission...
25-12-21 16:30:27.773 : 【Channel】: Built awgn channel, SNR 0 dB
25-12-21 16:30:28.141 : Start from timestep 252 with SNR from -4.394049644470215 to 3.999884605407715
25-12-21 16:30:28.142 : 【Config】: Retransmission Threshold: 0.3
25-12-21 16:30:31.169 : Batch 1: Phase 1 (Initial Reconstruction)...
25-12-21 16:31:45.057 :   -> Phase 1 PSNR: 20.77dB
25-12-21 16:31:45.057 : Batch 1: Processing Retransmission...
25-12-21 16:31:45.080 :   -> Retransmission Ratio: 24.32% (Th=0.3)
25-12-21 16:31:45.080 :   -> Effective CBR: 0.0208 -> 0.0259
25-12-21 16:31:45.080 : Batch 1: Phase 2 (Refinement)...
25-12-21 16:33:00.936 :   -> Phase 2 PSNR: 22.02dB (+1.25)
25-12-21 16:35:42.740 : 【Channel】: Built awgn channel, SNR 0 dB
25-12-21 16:35:42.985 : Start from timestep 252 with SNR from -4.394049644470215 to 3.999884605407715
25-12-21 16:35:42.986 : 【Config】: Retransmission Threshold: 0.3
25-12-21 16:36:05.223 : 【Channel】: Built awgn channel, SNR 0 dB
25-12-21 16:36:05.505 : Start from timestep 252 with SNR from -4.394049644470215 to 3.999884605407715
25-12-21 16:36:05.506 : 【Config】: Retransmission Threshold: 0.3
25-12-21 16:36:07.727 : Batch 1: Phase 1 (Initial Reconstruction)...
25-12-21 16:37:22.101 :   -> Phase 1 PSNR: 20.77dB
25-12-21 16:37:22.102 : Batch 1: Processing Retransmission...
25-12-21 16:37:22.114 :   -> Retransmission Ratio: 24.29% (Th=0.3)
25-12-21 16:37:22.114 :   -> Effective CBR: 0.0208 -> 0.0259
25-12-21 16:37:22.114 : Batch 1: Phase 2 (Refinement)...
25-12-21 16:38:40.636 :   -> Phase 2 PSNR: 22.02dB (+1.25)
25-12-21 16:38:40.810 : --------------------------------------------
25-12-21 16:38:40.829 : Batch 2: Phase 1 (Initial Reconstruction)...
25-12-21 16:40:00.279 :   -> Phase 1 PSNR: 20.70dB
25-12-21 16:40:00.279 : Batch 2: Processing Retransmission...
25-12-21 16:40:00.292 :   -> Retransmission Ratio: 35.47% (Th=0.3)
25-12-21 16:40:00.292 :   -> Effective CBR: 0.0208 -> 0.0282
25-12-21 16:40:00.292 : Batch 2: Phase 2 (Refinement)...
25-12-21 16:41:17.205 :   -> Phase 2 PSNR: 22.16dB (+1.46)
25-12-21 16:41:17.361 : --------------------------------------------
25-12-21 16:41:17.401 : Batch 3: Phase 1 (Initial Reconstruction)...
25-12-21 16:42:34.834 :   -> Phase 1 PSNR: 23.04dB
25-12-21 16:42:34.835 : Batch 3: Processing Retransmission...
25-12-21 16:42:34.847 :   -> Retransmission Ratio: 43.73% (Th=0.3)
25-12-21 16:42:34.847 :   -> Effective CBR: 0.0208 -> 0.0299
25-12-21 16:42:34.847 : Batch 3: Phase 2 (Refinement)...
25-12-21 16:43:51.590 :   -> Phase 2 PSNR: 25.35dB (+2.31)
25-12-21 16:43:51.741 : --------------------------------------------
25-12-21 16:43:51.782 : Batch 4: Phase 1 (Initial Reconstruction)...
25-12-21 16:45:08.002 :   -> Phase 1 PSNR: 23.04dB
25-12-21 16:45:08.002 : Batch 4: Processing Retransmission...
25-12-21 16:45:08.014 :   -> Retransmission Ratio: 48.44% (Th=0.3)
25-12-21 16:45:08.014 :   -> Effective CBR: 0.0208 -> 0.0309
25-12-21 16:45:08.014 : Batch 4: Phase 2 (Refinement)...
25-12-21 16:46:23.509 :   -> Phase 2 PSNR: 24.52dB (+1.48)
25-12-21 16:46:23.673 : --------------------------------------------
25-12-21 16:46:23.712 : Batch 5: Phase 1 (Initial Reconstruction)...
25-12-21 16:47:40.357 :   -> Phase 1 PSNR: 21.85dB
25-12-21 16:47:40.358 : Batch 5: Processing Retransmission...
25-12-21 16:47:40.369 :   -> Retransmission Ratio: 20.87% (Th=0.3)
25-12-21 16:47:40.369 :   -> Effective CBR: 0.0208 -> 0.0252
25-12-21 16:47:40.369 : Batch 5: Phase 2 (Refinement)...
25-12-21 16:48:55.870 :   -> Phase 2 PSNR: 23.03dB (+1.19)
25-12-21 16:48:56.070 : --------------------------------------------
25-12-21 16:48:56.111 : Batch 6: Phase 1 (Initial Reconstruction)...
25-12-21 16:50:11.744 :   -> Phase 1 PSNR: 19.37dB
25-12-21 16:50:11.745 : Batch 6: Processing Retransmission...
25-12-21 16:50:11.756 :   -> Retransmission Ratio: 38.75% (Th=0.3)
25-12-21 16:50:11.756 :   -> Effective CBR: 0.0208 -> 0.0289
25-12-21 16:50:11.756 : Batch 6: Phase 2 (Refinement)...
25-12-21 16:51:27.621 :   -> Phase 2 PSNR: 20.59dB (+1.22)
25-12-21 16:51:27.793 : --------------------------------------------
25-12-21 16:51:27.834 : Batch 7: Phase 1 (Initial Reconstruction)...
25-12-21 16:52:44.257 :   -> Phase 1 PSNR: 20.10dB
25-12-21 16:52:44.257 : Batch 7: Processing Retransmission...
25-12-21 16:52:44.269 :   -> Retransmission Ratio: 51.86% (Th=0.3)
25-12-21 16:52:44.269 :   -> Effective CBR: 0.0208 -> 0.0316
25-12-21 16:52:44.269 : Batch 7: Phase 2 (Refinement)...
25-12-21 16:54:00.365 :   -> Phase 2 PSNR: 21.53dB (+1.42)
25-12-21 16:54:00.524 : --------------------------------------------
25-12-21 16:54:00.563 : Batch 8: Phase 1 (Initial Reconstruction)...
25-12-21 16:55:16.013 :   -> Phase 1 PSNR: 24.28dB
25-12-21 16:55:16.013 : Batch 8: Processing Retransmission...
25-12-21 16:55:16.025 :   -> Retransmission Ratio: 38.94% (Th=0.3)
25-12-21 16:55:16.025 :   -> Effective CBR: 0.0208 -> 0.0289
25-12-21 16:55:16.025 : Batch 8: Phase 2 (Refinement)...
25-12-21 16:56:32.341 :   -> Phase 2 PSNR: 26.04dB (+1.75)
25-12-21 16:56:32.488 : --------------------------------------------
25-12-21 16:56:32.513 : Batch 9: Phase 1 (Initial Reconstruction)...
25-12-21 16:57:48.850 :   -> Phase 1 PSNR: 21.60dB
25-12-21 16:57:48.850 : Batch 9: Processing Retransmission...
25-12-21 16:57:48.861 :   -> Retransmission Ratio: 42.68% (Th=0.3)
25-12-21 16:57:48.861 :   -> Effective CBR: 0.0208 -> 0.0297
25-12-21 16:57:48.861 : Batch 9: Phase 2 (Refinement)...
25-12-21 16:59:05.658 :   -> Phase 2 PSNR: 23.18dB (+1.58)
25-12-21 16:59:05.830 : --------------------------------------------
25-12-21 16:59:05.856 : Batch 10: Phase 1 (Initial Reconstruction)...
25-12-21 17:00:21.956 :   -> Phase 1 PSNR: 23.31dB
25-12-21 17:00:21.956 : Batch 10: Processing Retransmission...
25-12-21 17:00:21.967 :   -> Retransmission Ratio: 49.27% (Th=0.3)
25-12-21 17:00:21.967 :   -> Effective CBR: 0.0208 -> 0.0311
25-12-21 17:00:21.967 : Batch 10: Phase 2 (Refinement)...
25-12-21 17:01:39.405 :   -> Phase 2 PSNR: 25.11dB (+1.81)
25-12-21 17:01:39.594 : --------------------------------------------
25-12-21 17:01:39.634 : Batch 11: Phase 1 (Initial Reconstruction)...
25-12-21 17:02:55.764 :   -> Phase 1 PSNR: 22.86dB
25-12-21 17:02:55.764 : Batch 11: Processing Retransmission...
25-12-21 17:02:55.775 :   -> Retransmission Ratio: 47.78% (Th=0.3)
25-12-21 17:02:55.775 :   -> Effective CBR: 0.0208 -> 0.0308
25-12-21 17:02:55.775 : Batch 11: Phase 2 (Refinement)...
25-12-21 17:04:12.979 :   -> Phase 2 PSNR: 24.99dB (+2.13)
25-12-21 17:04:13.149 : --------------------------------------------
25-12-21 17:04:13.175 : Batch 12: Phase 1 (Initial Reconstruction)...
25-12-21 17:05:30.446 :   -> Phase 1 PSNR: 22.73dB
25-12-21 17:05:30.446 : Batch 12: Processing Retransmission...
25-12-21 17:05:30.460 :   -> Retransmission Ratio: 22.02% (Th=0.3)
25-12-21 17:05:30.460 :   -> Effective CBR: 0.0208 -> 0.0254
25-12-21 17:05:30.460 : Batch 12: Phase 2 (Refinement)...
25-12-21 17:06:46.825 :   -> Phase 2 PSNR: 23.36dB (+0.62)
25-12-21 17:06:46.980 : --------------------------------------------
25-12-21 17:06:47.011 : Batch 13: Phase 1 (Initial Reconstruction)...
25-12-21 17:08:02.071 :   -> Phase 1 PSNR: 19.30dB
25-12-21 17:08:02.071 : Batch 13: Processing Retransmission...
25-12-21 17:08:02.082 :   -> Retransmission Ratio: 50.22% (Th=0.3)
25-12-21 17:08:02.082 :   -> Effective CBR: 0.0208 -> 0.0313
25-12-21 17:08:02.082 : Batch 13: Phase 2 (Refinement)...
25-12-21 17:09:18.294 :   -> Phase 2 PSNR: 20.21dB (+0.90)
25-12-21 17:09:18.451 : --------------------------------------------
25-12-21 17:09:18.481 : Batch 14: Phase 1 (Initial Reconstruction)...
25-12-21 17:10:34.318 :   -> Phase 1 PSNR: 21.83dB
25-12-21 17:10:34.318 : Batch 14: Processing Retransmission...
25-12-21 17:10:34.329 :   -> Retransmission Ratio: 36.99% (Th=0.3)
25-12-21 17:10:34.329 :   -> Effective CBR: 0.0208 -> 0.0285
25-12-21 17:10:34.329 : Batch 14: Phase 2 (Refinement)...
25-12-21 17:11:50.569 :   -> Phase 2 PSNR: 22.84dB (+1.01)
25-12-21 17:11:50.743 : --------------------------------------------
25-12-21 17:11:50.784 : Batch 15: Phase 1 (Initial Reconstruction)...
25-12-21 17:13:07.500 :   -> Phase 1 PSNR: 21.47dB
25-12-21 17:13:07.500 : Batch 15: Processing Retransmission...
25-12-21 17:13:07.512 :   -> Retransmission Ratio: 39.97% (Th=0.3)
25-12-21 17:13:07.512 :   -> Effective CBR: 0.0208 -> 0.0292
25-12-21 17:13:07.512 : Batch 15: Phase 2 (Refinement)...
25-12-21 17:14:24.294 :   -> Phase 2 PSNR: 22.82dB (+1.35)
25-12-21 17:14:24.455 : --------------------------------------------
25-12-21 17:14:24.498 : Batch 16: Phase 1 (Initial Reconstruction)...
25-12-21 17:15:40.204 :   -> Phase 1 PSNR: 17.37dB
25-12-21 17:15:40.205 : Batch 16: Processing Retransmission...
25-12-21 17:15:40.216 :   -> Retransmission Ratio: 46.90% (Th=0.3)
25-12-21 17:15:40.216 :   -> Effective CBR: 0.0208 -> 0.0306
25-12-21 17:15:40.216 : Batch 16: Phase 2 (Refinement)...
25-12-21 17:16:57.037 :   -> Phase 2 PSNR: 17.80dB (+0.43)
25-12-21 17:16:57.191 : --------------------------------------------
25-12-21 17:16:57.216 : Batch 17: Phase 1 (Initial Reconstruction)...
25-12-21 17:18:13.849 :   -> Phase 1 PSNR: 22.96dB
25-12-21 17:18:13.849 : Batch 17: Processing Retransmission...
25-12-21 17:18:13.860 :   -> Retransmission Ratio: 20.39% (Th=0.3)
25-12-21 17:18:13.861 :   -> Effective CBR: 0.0208 -> 0.0251
25-12-21 17:18:13.861 : Batch 17: Phase 2 (Refinement)...
25-12-21 17:19:30.126 :   -> Phase 2 PSNR: 24.26dB (+1.29)
25-12-21 17:19:30.303 : --------------------------------------------
25-12-21 17:19:30.321 : Batch 18: Phase 1 (Initial Reconstruction)...
25-12-21 17:20:46.335 :   -> Phase 1 PSNR: 22.44dB
25-12-21 17:20:46.335 : Batch 18: Processing Retransmission...
25-12-21 17:20:46.348 :   -> Retransmission Ratio: 23.80% (Th=0.3)
25-12-21 17:20:46.348 :   -> Effective CBR: 0.0208 -> 0.0258
25-12-21 17:20:46.348 : Batch 18: Phase 2 (Refinement)...
25-12-21 17:22:02.228 :   -> Phase 2 PSNR: 23.26dB (+0.82)
25-12-21 17:22:02.403 : --------------------------------------------
25-12-21 17:22:02.441 : Batch 19: Phase 1 (Initial Reconstruction)...
25-12-21 17:23:18.870 :   -> Phase 1 PSNR: 21.94dB
25-12-21 17:23:18.870 : Batch 19: Processing Retransmission...
25-12-21 17:23:18.881 :   -> Retransmission Ratio: 38.26% (Th=0.3)
25-12-21 17:23:18.881 :   -> Effective CBR: 0.0208 -> 0.0288
25-12-21 17:23:18.881 : Batch 19: Phase 2 (Refinement)...
25-12-21 17:24:35.792 :   -> Phase 2 PSNR: 23.22dB (+1.28)
25-12-21 17:24:35.940 : --------------------------------------------
25-12-21 17:24:35.961 : Batch 20: Phase 1 (Initial Reconstruction)...
25-12-21 17:25:52.011 :   -> Phase 1 PSNR: 24.41dB
25-12-21 17:25:52.011 : Batch 20: Processing Retransmission...
25-12-21 17:25:52.023 :   -> Retransmission Ratio: 33.15% (Th=0.3)
25-12-21 17:25:52.023 :   -> Effective CBR: 0.0208 -> 0.0277
25-12-21 17:25:52.023 : Batch 20: Phase 2 (Refinement)...
25-12-21 17:27:08.119 :   -> Phase 2 PSNR: 25.77dB (+1.36)
25-12-21 17:27:08.316 : --------------------------------------------
25-12-21 17:27:08.353 : Batch 21: Phase 1 (Initial Reconstruction)...
25-12-21 17:28:24.994 :   -> Phase 1 PSNR: 25.30dB
25-12-21 17:28:24.994 : Batch 21: Processing Retransmission...
25-12-21 17:28:25.006 :   -> Retransmission Ratio: 26.29% (Th=0.3)
25-12-21 17:28:25.006 :   -> Effective CBR: 0.0208 -> 0.0263
25-12-21 17:28:25.006 : Batch 21: Phase 2 (Refinement)...
25-12-21 17:29:42.025 :   -> Phase 2 PSNR: 27.01dB (+1.72)
25-12-21 17:29:42.178 : --------------------------------------------
25-12-21 17:29:42.196 : Batch 22: Phase 1 (Initial Reconstruction)...
25-12-21 17:30:59.430 :   -> Phase 1 PSNR: 23.66dB
25-12-21 17:30:59.430 : Batch 22: Processing Retransmission...
25-12-21 17:30:59.441 :   -> Retransmission Ratio: 47.19% (Th=0.3)
25-12-21 17:30:59.442 :   -> Effective CBR: 0.0208 -> 0.0307
25-12-21 17:30:59.442 : Batch 22: Phase 2 (Refinement)...
25-12-21 17:32:17.040 :   -> Phase 2 PSNR: 26.02dB (+2.36)
25-12-21 17:32:17.202 : --------------------------------------------
25-12-21 17:32:17.220 : Batch 23: Phase 1 (Initial Reconstruction)...
25-12-21 17:33:34.479 :   -> Phase 1 PSNR: 21.86dB
25-12-21 17:33:34.480 : Batch 23: Processing Retransmission...
25-12-21 17:33:34.491 :   -> Retransmission Ratio: 27.78% (Th=0.3)
25-12-21 17:33:34.491 :   -> Effective CBR: 0.0208 -> 0.0266
25-12-21 17:33:34.491 : Batch 23: Phase 2 (Refinement)...
25-12-21 17:34:50.849 :   -> Phase 2 PSNR: 22.83dB (+0.97)
25-12-21 17:34:51.014 : --------------------------------------------
25-12-21 17:34:51.032 : Batch 24: Phase 1 (Initial Reconstruction)...
25-12-21 17:36:07.319 :   -> Phase 1 PSNR: 19.52dB
25-12-21 17:36:07.319 : Batch 24: Processing Retransmission...
25-12-21 17:36:07.331 :   -> Retransmission Ratio: 40.84% (Th=0.3)
25-12-21 17:36:07.331 :   -> Effective CBR: 0.0208 -> 0.0293
25-12-21 17:36:07.331 : Batch 24: Phase 2 (Refinement)...
25-12-21 17:37:23.531 :   -> Phase 2 PSNR: 20.95dB (+1.43)
25-12-21 17:37:23.679 : --------------------------------------------
25-12-21 17:37:23.705 : Batch 25: Phase 1 (Initial Reconstruction)...
