25-12-24 16:44:51.214 : 【Channel】: Built awgn channel, SNR 0 dB
25-12-24 16:44:51.588 : Start from timestep 252 with SNR from -4.394049644470215 to 3.999884605407715
25-12-24 16:44:51.588 : 【Config】: Retransmission Mode: rate, Value: 0.1
25-12-24 16:44:54.814 : Batch 1/100: Phase 1 (Initial)...
25-12-24 16:45:54.546 :   -> Phase 1 | PSNR: 20.77dB | LPIPS: 0.1649 | DISTS: 0.1785
25-12-24 16:45:54.564 :   -> [Base JSCC] Init | PSNR: 22.82dB | LPIPS: 0.1946 | DISTS: 0.2209
25-12-24 16:45:54.711 :   -> [Corr] Smoothed: 0.5124 | Raw: 0.5080
25-12-24 16:45:54.891 :   -> Processing Phase 2 (Smoothed)...
25-12-24 16:45:54.976 :      [Smooth JSCC] PSNR: 23.44dB | LPIPS: 0.1852 | DISTS: 0.2192
25-12-24 16:46:54.395 :      [Smooth] Ratio: 9.99% | PSNR: 21.03dB | LPIPS: 0.1985 | DISTS: 0.1839
25-12-24 16:46:54.444 :   -> Processing Phase 2 (Raw)...
25-12-24 16:46:54.478 :      [Raw JSCC   ] PSNR: 23.65dB | LPIPS: 0.1773 | DISTS: 0.2172
25-12-24 16:47:54.077 :      [Raw   ] Ratio: 9.99% | PSNR: 20.95dB | LPIPS: 0.1963 | DISTS: 0.1794
25-12-24 16:47:54.129 : --------------------------------------------
25-12-24 16:47:54.144 : Batch 2/100: Phase 1 (Initial)...
25-12-24 16:48:23.516 : 
[!] Process Interrupted by User. Saving current results...
25-12-24 16:48:23.521 : Saved 1 results to /home/naaa/diffcom/results_retrans_comparison/ffhq_demo/hifi_diffcom/djscc_2/awgn_00dB/RetransComparison_rate_0.1_zeta0.3_seed22/retransmission_comparison.json
25-12-24 16:48:23.521 : Final Avg | P2(Smooth) PSNR: 21.03dB | P2(Raw) PSNR: 20.95dB
25-12-24 16:51:30.213 : 【Channel】: Built awgn channel, SNR 0 dB
25-12-24 16:51:30.520 : Start from timestep 252 with SNR from -4.394049644470215 to 3.999884605407715
25-12-24 16:51:30.521 : 【Config】: Retransmission Mode: rate, Value: 0.1
25-12-24 16:51:32.970 : Batch 1/100: Phase 1 (Initial)...
25-12-24 16:52:33.172 :   -> Phase 1 | PSNR: 20.77dB | LPIPS: 0.1648 | DISTS: 0.1784
25-12-24 16:52:33.185 :   -> [Base JSCC] Init | PSNR: 22.82dB | LPIPS: 0.1946 | DISTS: 0.2209
25-12-24 16:52:33.256 :   -> [Corr] Smoothed: 0.5121 | Raw: 0.5076
25-12-24 16:52:33.440 :   -> Processing Phase 2 (Smoothed)...
25-12-24 16:52:33.521 :      [Smooth JSCC] PSNR: 23.46dB
25-12-24 16:53:33.577 :      [Smooth] Ratio: 9.99% | PSNR: 21.03dB | LPIPS: 0.1986 | DISTS: 0.1851
25-12-24 16:53:33.628 :   -> Processing Phase 2 (Raw)...
25-12-24 16:53:33.660 :      [Raw JSCC   ] PSNR: 23.64dB
25-12-24 16:54:32.417 :      [Raw   ] Ratio: 9.99% | PSNR: 20.95dB | LPIPS: 0.1959 | DISTS: 0.1796
25-12-24 16:54:32.468 :   -> Processing Phase 2 (Random)...
25-12-24 16:54:32.517 :      [Random JSCC] PSNR: 23.14dB
25-12-24 16:55:33.552 :      [Random] Ratio: 9.99% | PSNR: 21.32dB | LPIPS: 0.1706 | DISTS: 0.1657
25-12-24 16:55:33.584 : --------------------------------------------
25-12-24 16:55:33.600 : Batch 2/100: Phase 1 (Initial)...
25-12-24 16:56:35.057 :   -> Phase 1 | PSNR: 20.72dB | LPIPS: 0.2389 | DISTS: 0.1616
25-12-24 16:56:35.070 :   -> [Base JSCC] Init | PSNR: 23.12dB | LPIPS: 0.2565 | DISTS: 0.2346
25-12-24 16:56:35.083 :   -> [Corr] Smoothed: 0.4137 | Raw: 0.4007
25-12-24 16:56:35.263 :   -> Processing Phase 2 (Smoothed)...
25-12-24 16:56:35.297 :      [Smooth JSCC] PSNR: 23.78dB
25-12-24 16:57:36.104 :      [Smooth] Ratio: 9.99% | PSNR: 21.12dB | LPIPS: 0.2193 | DISTS: 0.1810
25-12-24 16:57:36.157 :   -> Processing Phase 2 (Raw)...
25-12-24 16:57:36.188 :      [Raw JSCC   ] PSNR: 23.95dB
25-12-24 16:58:36.472 :      [Raw   ] Ratio: 9.99% | PSNR: 21.57dB | LPIPS: 0.2019 | DISTS: 0.1637
25-12-24 16:58:36.550 :   -> Processing Phase 2 (Random)...
25-12-24 16:58:36.596 :      [Random JSCC] PSNR: 23.50dB
25-12-24 16:59:37.029 :      [Random] Ratio: 9.99% | PSNR: 21.33dB | LPIPS: 0.1988 | DISTS: 0.1534
25-12-24 16:59:37.064 : --------------------------------------------
25-12-24 16:59:37.095 : Batch 3/100: Phase 1 (Initial)...
25-12-24 17:00:36.351 :   -> Phase 1 | PSNR: 22.60dB | LPIPS: 0.2216 | DISTS: 0.1886
25-12-24 17:00:36.365 :   -> [Base JSCC] Init | PSNR: 24.98dB | LPIPS: 0.2953 | DISTS: 0.2521
25-12-24 17:00:36.372 :   -> [Corr] Smoothed: 0.4568 | Raw: 0.3592
25-12-24 17:00:36.540 :   -> Processing Phase 2 (Smoothed)...
25-12-24 17:00:36.572 :      [Smooth JSCC] PSNR: 25.33dB
25-12-24 17:01:36.188 :      [Smooth] Ratio: 9.99% | PSNR: 22.95dB | LPIPS: 0.1883 | DISTS: 0.1845
25-12-24 17:01:36.238 :   -> Processing Phase 2 (Raw)...
25-12-24 17:01:36.271 :      [Raw JSCC   ] PSNR: 25.33dB
25-12-24 17:02:37.097 :      [Raw   ] Ratio: 9.99% | PSNR: 22.67dB | LPIPS: 0.1919 | DISTS: 0.1754
25-12-24 17:02:37.152 :   -> Processing Phase 2 (Random)...
25-12-24 17:02:37.183 :      [Random JSCC] PSNR: 25.31dB
25-12-24 17:03:37.290 :      [Random] Ratio: 9.99% | PSNR: 22.73dB | LPIPS: 0.1855 | DISTS: 0.1721
25-12-24 17:03:37.340 : --------------------------------------------
25-12-24 17:03:37.356 : Batch 4/100: Phase 1 (Initial)...
25-12-24 17:04:37.641 :   -> Phase 1 | PSNR: 22.75dB | LPIPS: 0.1772 | DISTS: 0.1851
25-12-24 17:04:37.656 :   -> [Base JSCC] Init | PSNR: 25.06dB | LPIPS: 0.3556 | DISTS: 0.2895
25-12-24 17:04:37.663 :   -> [Corr] Smoothed: 0.4565 | Raw: 0.3411
25-12-24 17:04:37.831 :   -> Processing Phase 2 (Smoothed)...
25-12-24 17:04:37.863 :      [Smooth JSCC] PSNR: 25.09dB
25-12-24 17:05:37.134 :      [Smooth] Ratio: 9.99% | PSNR: 22.67dB | LPIPS: 0.1875 | DISTS: 0.1873
25-12-24 17:05:37.185 :   -> Processing Phase 2 (Raw)...
25-12-24 17:05:37.216 :      [Raw JSCC   ] PSNR: 25.21dB
25-12-24 17:06:36.296 :      [Raw   ] Ratio: 9.99% | PSNR: 22.70dB | LPIPS: 0.1861 | DISTS: 0.1878
25-12-24 17:06:36.357 :   -> Processing Phase 2 (Random)...
25-12-24 17:06:36.388 :      [Random JSCC] PSNR: 25.29dB
25-12-24 17:07:37.462 :      [Random] Ratio: 9.99% | PSNR: 22.96dB | LPIPS: 0.1796 | DISTS: 0.1734
25-12-24 17:07:37.494 : --------------------------------------------
25-12-24 17:07:37.511 : Batch 5/100: Phase 1 (Initial)...
25-12-24 17:08:37.595 :   -> Phase 1 | PSNR: 22.23dB | LPIPS: 0.1595 | DISTS: 0.1618
25-12-24 17:08:37.609 :   -> [Base JSCC] Init | PSNR: 24.30dB | LPIPS: 0.2400 | DISTS: 0.2113
25-12-24 17:08:37.625 :   -> [Corr] Smoothed: 0.4196 | Raw: 0.3974
25-12-24 17:08:37.787 :   -> Processing Phase 2 (Smoothed)...
25-12-24 17:08:37.820 :      [Smooth JSCC] PSNR: 24.57dB
25-12-24 17:09:38.249 :      [Smooth] Ratio: 9.99% | PSNR: 22.37dB | LPIPS: 0.1552 | DISTS: 0.1495
25-12-24 17:09:38.300 :   -> Processing Phase 2 (Raw)...
25-12-24 17:09:38.331 :      [Raw JSCC   ] PSNR: 24.73dB
25-12-24 17:10:38.250 :      [Raw   ] Ratio: 9.99% | PSNR: 22.42dB | LPIPS: 0.1551 | DISTS: 0.1531
25-12-24 17:10:38.309 :   -> Processing Phase 2 (Random)...
25-12-24 17:10:38.340 :      [Random JSCC] PSNR: 24.64dB
25-12-24 17:11:38.045 :      [Random] Ratio: 9.99% | PSNR: 22.85dB | LPIPS: 0.1489 | DISTS: 0.1432
25-12-24 17:11:38.083 : --------------------------------------------
25-12-24 17:11:38.099 : Batch 6/100: Phase 1 (Initial)...
25-12-24 17:12:38.028 :   -> Phase 1 | PSNR: 19.58dB | LPIPS: 0.2828 | DISTS: 0.2029
25-12-24 17:12:38.042 :   -> [Base JSCC] Init | PSNR: 21.53dB | LPIPS: 0.3729 | DISTS: 0.2750
25-12-24 17:12:38.060 :   -> [Corr] Smoothed: 0.4480 | Raw: 0.4022
25-12-24 17:12:38.205 :   -> Processing Phase 2 (Smoothed)...
25-12-24 17:12:38.238 :      [Smooth JSCC] PSNR: 21.70dB
25-12-24 17:13:39.636 :      [Smooth] Ratio: 9.99% | PSNR: 19.57dB | LPIPS: 0.3345 | DISTS: 0.2030
25-12-24 17:13:39.682 :   -> Processing Phase 2 (Raw)...
25-12-24 17:13:39.716 :      [Raw JSCC   ] PSNR: 22.03dB
25-12-24 17:14:40.221 :      [Raw   ] Ratio: 9.99% | PSNR: 19.87dB | LPIPS: 0.3105 | DISTS: 0.1992
25-12-24 17:14:40.273 :   -> Processing Phase 2 (Random)...
25-12-24 17:14:40.304 :      [Random JSCC] PSNR: 21.79dB
25-12-24 17:15:40.455 :      [Random] Ratio: 9.99% | PSNR: 19.61dB | LPIPS: 0.3305 | DISTS: 0.2135
25-12-24 17:15:40.496 : --------------------------------------------
25-12-24 17:15:40.518 : Batch 7/100: Phase 1 (Initial)...
25-12-24 17:16:40.523 :   -> Phase 1 | PSNR: 19.74dB | LPIPS: 0.3097 | DISTS: 0.2025
25-12-24 17:16:40.538 :   -> [Base JSCC] Init | PSNR: 21.87dB | LPIPS: 0.3797 | DISTS: 0.2529
25-12-24 17:16:40.545 :   -> [Corr] Smoothed: 0.3074 | Raw: 0.2638
25-12-24 17:16:40.690 :   -> Processing Phase 2 (Smoothed)...
25-12-24 17:16:40.722 :      [Smooth JSCC] PSNR: 22.25dB
25-12-24 17:17:41.367 :      [Smooth] Ratio: 9.99% | PSNR: 20.13dB | LPIPS: 0.2923 | DISTS: 0.2157
25-12-24 17:17:41.423 :   -> Processing Phase 2 (Raw)...
25-12-24 17:17:41.453 :      [Raw JSCC   ] PSNR: 22.34dB
25-12-24 17:18:40.657 :      [Raw   ] Ratio: 9.99% | PSNR: 20.14dB | LPIPS: 0.2897 | DISTS: 0.2038
25-12-24 17:18:40.716 :   -> Processing Phase 2 (Random)...
25-12-24 17:18:40.749 :      [Random JSCC] PSNR: 22.24dB
25-12-24 17:19:39.655 :      [Random] Ratio: 9.99% | PSNR: 20.13dB | LPIPS: 0.3023 | DISTS: 0.2250
25-12-24 17:19:39.687 : --------------------------------------------
25-12-24 17:19:39.712 : Batch 8/100: Phase 1 (Initial)...
25-12-24 17:20:38.663 :   -> Phase 1 | PSNR: 23.34dB | LPIPS: 0.1489 | DISTS: 0.1688
25-12-24 17:20:38.677 :   -> [Base JSCC] Init | PSNR: 26.48dB | LPIPS: 0.2577 | DISTS: 0.2492
25-12-24 17:20:38.684 :   -> [Corr] Smoothed: 0.4033 | Raw: 0.3210
25-12-24 17:20:38.840 :   -> Processing Phase 2 (Smoothed)...
25-12-24 17:20:38.871 :      [Smooth JSCC] PSNR: 26.71dB
25-12-24 17:21:37.511 :      [Smooth] Ratio: 9.99% | PSNR: 23.56dB | LPIPS: 0.1672 | DISTS: 0.1899
25-12-24 17:21:37.565 :   -> Processing Phase 2 (Raw)...
25-12-24 17:21:37.597 :      [Raw JSCC   ] PSNR: 26.86dB
25-12-24 17:22:37.108 :      [Raw   ] Ratio: 9.99% | PSNR: 23.33dB | LPIPS: 0.1445 | DISTS: 0.1796
25-12-24 17:22:37.164 :   -> Processing Phase 2 (Random)...
25-12-24 17:22:37.194 :      [Random JSCC] PSNR: 26.92dB
25-12-24 17:23:36.198 :      [Random] Ratio: 9.99% | PSNR: 23.63dB | LPIPS: 0.1697 | DISTS: 0.1865
25-12-24 17:23:36.230 : --------------------------------------------
25-12-24 17:23:36.245 : Batch 9/100: Phase 1 (Initial)...
25-12-24 17:24:35.527 :   -> Phase 1 | PSNR: 22.08dB | LPIPS: 0.2659 | DISTS: 0.1918
25-12-24 17:24:35.541 :   -> [Base JSCC] Init | PSNR: 23.77dB | LPIPS: 0.3988 | DISTS: 0.2691
25-12-24 17:24:35.550 :   -> [Corr] Smoothed: 0.3652 | Raw: 0.2624
25-12-24 17:24:35.700 :   -> Processing Phase 2 (Smoothed)...
25-12-24 17:24:35.731 :      [Smooth JSCC] PSNR: 24.03dB
25-12-24 17:25:35.048 :      [Smooth] Ratio: 9.99% | PSNR: 21.85dB | LPIPS: 0.2159 | DISTS: 0.1483
25-12-24 17:25:35.099 :   -> Processing Phase 2 (Raw)...
25-12-24 17:25:35.131 :      [Raw JSCC   ] PSNR: 24.09dB
25-12-24 17:26:33.651 :      [Raw   ] Ratio: 9.99% | PSNR: 22.09dB | LPIPS: 0.2076 | DISTS: 0.1523
25-12-24 17:26:33.711 :   -> Processing Phase 2 (Random)...
25-12-24 17:26:33.742 :      [Random JSCC] PSNR: 23.92dB
25-12-24 17:27:32.724 :      [Random] Ratio: 9.99% | PSNR: 21.94dB | LPIPS: 0.2205 | DISTS: 0.1672
25-12-24 17:27:32.756 : --------------------------------------------
25-12-24 17:27:32.770 : Batch 10/100: Phase 1 (Initial)...
25-12-24 17:28:32.135 :   -> Phase 1 | PSNR: 22.73dB | LPIPS: 0.1756 | DISTS: 0.2041
25-12-24 17:28:32.149 :   -> [Base JSCC] Init | PSNR: 25.02dB | LPIPS: 0.2424 | DISTS: 0.2444
25-12-24 17:28:32.170 :   -> [Corr] Smoothed: 0.3712 | Raw: 0.2922
25-12-24 17:28:32.340 :   -> Processing Phase 2 (Smoothed)...
25-12-24 17:28:32.372 :      [Smooth JSCC] PSNR: 25.45dB
25-12-24 17:29:31.597 :      [Smooth] Ratio: 9.99% | PSNR: 23.37dB | LPIPS: 0.1720 | DISTS: 0.1766
25-12-24 17:29:31.653 :   -> Processing Phase 2 (Raw)...
25-12-24 17:29:31.684 :      [Raw JSCC   ] PSNR: 25.33dB
25-12-24 17:30:30.855 :      [Raw   ] Ratio: 9.99% | PSNR: 23.17dB | LPIPS: 0.1718 | DISTS: 0.2086
25-12-24 17:30:30.918 :   -> Processing Phase 2 (Random)...
25-12-24 17:30:30.949 :      [Random JSCC] PSNR: 25.45dB
25-12-24 17:31:29.700 :      [Random] Ratio: 9.99% | PSNR: 23.53dB | LPIPS: 0.1868 | DISTS: 0.1959
25-12-24 17:31:29.735 : --------------------------------------------
25-12-24 17:31:29.759 : Batch 11/100: Phase 1 (Initial)...
25-12-24 17:32:29.046 :   -> Phase 1 | PSNR: 23.12dB | LPIPS: 0.1234 | DISTS: 0.1578
25-12-24 17:32:29.060 :   -> [Base JSCC] Init | PSNR: 25.04dB | LPIPS: 0.2916 | DISTS: 0.2665
25-12-24 17:32:29.067 :   -> [Corr] Smoothed: 0.4345 | Raw: 0.3427
25-12-24 17:32:29.226 :   -> Processing Phase 2 (Smoothed)...
25-12-24 17:32:29.258 :      [Smooth JSCC] PSNR: 25.21dB
25-12-24 17:33:28.458 :      [Smooth] Ratio: 9.99% | PSNR: 22.98dB | LPIPS: 0.1426 | DISTS: 0.1487
25-12-24 17:33:28.509 :   -> Processing Phase 2 (Raw)...
25-12-24 17:33:28.541 :      [Raw JSCC   ] PSNR: 25.30dB
25-12-24 17:34:27.710 :      [Raw   ] Ratio: 9.99% | PSNR: 23.32dB | LPIPS: 0.1469 | DISTS: 0.1488
25-12-24 17:34:27.768 :   -> Processing Phase 2 (Random)...
25-12-24 17:34:27.799 :      [Random JSCC] PSNR: 25.56dB
25-12-24 17:35:27.138 :      [Random] Ratio: 9.99% | PSNR: 23.45dB | LPIPS: 0.1521 | DISTS: 0.1447
25-12-24 17:35:27.172 : --------------------------------------------
25-12-24 17:35:27.196 : Batch 12/100: Phase 1 (Initial)...
25-12-24 17:36:25.698 :   -> Phase 1 | PSNR: 22.94dB | LPIPS: 0.1758 | DISTS: 0.1821
25-12-24 17:36:25.712 :   -> [Base JSCC] Init | PSNR: 24.86dB | LPIPS: 0.3236 | DISTS: 0.2555
25-12-24 17:36:25.719 :   -> [Corr] Smoothed: 0.3469 | Raw: 0.3212
25-12-24 17:36:25.870 :   -> Processing Phase 2 (Smoothed)...
25-12-24 17:36:25.902 :      [Smooth JSCC] PSNR: 24.91dB
25-12-24 17:37:24.861 :      [Smooth] Ratio: 9.99% | PSNR: 22.89dB | LPIPS: 0.1881 | DISTS: 0.1885
25-12-24 17:37:24.911 :   -> Processing Phase 2 (Raw)...
25-12-24 17:37:24.943 :      [Raw JSCC   ] PSNR: 25.10dB
25-12-24 17:38:24.283 :      [Raw   ] Ratio: 9.99% | PSNR: 22.88dB | LPIPS: 0.2006 | DISTS: 0.1736
25-12-24 17:38:24.342 :   -> Processing Phase 2 (Random)...
25-12-24 17:38:24.373 :      [Random JSCC] PSNR: 25.24dB
25-12-24 17:39:23.475 :      [Random] Ratio: 9.99% | PSNR: 23.09dB | LPIPS: 0.1736 | DISTS: 0.1854
25-12-24 17:39:23.510 : --------------------------------------------
25-12-24 17:39:23.527 : Batch 13/100: Phase 1 (Initial)...
25-12-24 17:40:22.881 :   -> Phase 1 | PSNR: 19.35dB | LPIPS: 0.2088 | DISTS: 0.1544
25-12-24 17:40:22.895 :   -> [Base JSCC] Init | PSNR: 21.33dB | LPIPS: 0.3238 | DISTS: 0.2588
25-12-24 17:40:22.902 :   -> [Corr] Smoothed: 0.2499 | Raw: 0.2168
25-12-24 17:40:23.033 :   -> Processing Phase 2 (Smoothed)...
25-12-24 17:40:23.065 :      [Smooth JSCC] PSNR: 21.62dB
25-12-24 17:41:21.791 :      [Smooth] Ratio: 9.99% | PSNR: 19.65dB | LPIPS: 0.2079 | DISTS: 0.1589
25-12-24 17:41:21.839 :   -> Processing Phase 2 (Raw)...
25-12-24 17:41:21.870 :      [Raw JSCC   ] PSNR: 21.71dB
25-12-24 17:42:21.993 :      [Raw   ] Ratio: 9.99% | PSNR: 19.61dB | LPIPS: 0.2063 | DISTS: 0.1547
25-12-24 17:42:22.052 :   -> Processing Phase 2 (Random)...
25-12-24 17:42:22.084 :      [Random JSCC] PSNR: 21.67dB
25-12-24 17:43:20.952 :      [Random] Ratio: 9.99% | PSNR: 19.53dB | LPIPS: 0.1986 | DISTS: 0.1582
25-12-24 17:43:20.979 : --------------------------------------------
25-12-24 17:43:21.001 : Batch 14/100: Phase 1 (Initial)...
25-12-24 17:44:19.880 :   -> Phase 1 | PSNR: 21.50dB | LPIPS: 0.2181 | DISTS: 0.1815
25-12-24 17:44:19.895 :   -> [Base JSCC] Init | PSNR: 23.78dB | LPIPS: 0.3240 | DISTS: 0.2507
25-12-24 17:44:19.901 :   -> [Corr] Smoothed: 0.3420 | Raw: 0.3425
25-12-24 17:44:20.079 :   -> Processing Phase 2 (Smoothed)...
25-12-24 17:44:20.113 :      [Smooth JSCC] PSNR: 24.07dB
25-12-24 17:45:19.527 :      [Smooth] Ratio: 9.99% | PSNR: 21.82dB | LPIPS: 0.1957 | DISTS: 0.1840
25-12-24 17:45:19.580 :   -> Processing Phase 2 (Raw)...
25-12-24 17:45:19.611 :      [Raw JSCC   ] PSNR: 24.24dB
25-12-24 17:46:18.665 :      [Raw   ] Ratio: 9.99% | PSNR: 21.68dB | LPIPS: 0.2176 | DISTS: 0.1771
25-12-24 17:46:18.724 :   -> Processing Phase 2 (Random)...
25-12-24 17:46:18.755 :      [Random JSCC] PSNR: 24.23dB
25-12-24 17:47:18.082 :      [Random] Ratio: 9.99% | PSNR: 21.97dB | LPIPS: 0.2016 | DISTS: 0.1848
25-12-24 17:47:18.117 : --------------------------------------------
25-12-24 17:47:18.140 : Batch 15/100: Phase 1 (Initial)...
25-12-24 17:48:17.027 :   -> Phase 1 | PSNR: 21.33dB | LPIPS: 0.2544 | DISTS: 0.1884
25-12-24 17:48:17.042 :   -> [Base JSCC] Init | PSNR: 23.15dB | LPIPS: 0.4042 | DISTS: 0.2858
25-12-24 17:48:17.049 :   -> [Corr] Smoothed: 0.3731 | Raw: 0.2889
25-12-24 17:48:17.224 :   -> Processing Phase 2 (Smoothed)...
25-12-24 17:48:17.257 :      [Smooth JSCC] PSNR: 23.42dB
25-12-24 17:49:15.495 :      [Smooth] Ratio: 9.99% | PSNR: 21.73dB | LPIPS: 0.2302 | DISTS: 0.1787
25-12-24 17:49:15.544 :   -> Processing Phase 2 (Raw)...
25-12-24 17:49:15.576 :      [Raw JSCC   ] PSNR: 23.54dB
25-12-24 17:50:14.444 :      [Raw   ] Ratio: 9.99% | PSNR: 21.54dB | LPIPS: 0.2308 | DISTS: 0.1883
25-12-24 17:50:14.503 :   -> Processing Phase 2 (Random)...
25-12-24 17:50:14.534 :      [Random JSCC] PSNR: 23.44dB
25-12-24 17:51:13.413 :      [Random] Ratio: 9.99% | PSNR: 21.75dB | LPIPS: 0.2336 | DISTS: 0.1648
25-12-24 17:51:13.445 : --------------------------------------------
25-12-24 17:51:13.484 : Batch 16/100: Phase 1 (Initial)...
25-12-24 17:52:12.478 :   -> Phase 1 | PSNR: 17.35dB | LPIPS: 0.4039 | DISTS: 0.2529
25-12-24 17:52:12.492 :   -> [Base JSCC] Init | PSNR: 18.51dB | LPIPS: 0.5027 | DISTS: 0.3141
25-12-24 17:52:12.500 :   -> [Corr] Smoothed: 0.5121 | Raw: 0.3768
25-12-24 17:52:12.650 :   -> Processing Phase 2 (Smoothed)...
25-12-24 17:52:12.681 :      [Smooth JSCC] PSNR: 18.71dB
25-12-24 17:53:11.727 :      [Smooth] Ratio: 9.99% | PSNR: 17.58dB | LPIPS: 0.3715 | DISTS: 0.2526
25-12-24 17:53:11.778 :   -> Processing Phase 2 (Raw)...
25-12-24 17:53:11.810 :      [Raw JSCC   ] PSNR: 18.71dB
25-12-24 17:54:09.863 :      [Raw   ] Ratio: 9.99% | PSNR: 17.57dB | LPIPS: 0.3951 | DISTS: 0.2494
25-12-24 17:54:09.923 :   -> Processing Phase 2 (Random)...
25-12-24 17:54:09.954 :      [Random JSCC] PSNR: 18.61dB
25-12-24 17:55:09.097 :      [Random] Ratio: 9.99% | PSNR: 17.56dB | LPIPS: 0.3907 | DISTS: 0.2575
25-12-24 17:55:09.127 : --------------------------------------------
25-12-24 17:55:09.166 : Batch 17/100: Phase 1 (Initial)...
25-12-24 17:56:08.030 :   -> Phase 1 | PSNR: 23.23dB | LPIPS: 0.2016 | DISTS: 0.1733
25-12-24 17:56:08.044 :   -> [Base JSCC] Init | PSNR: 25.76dB | LPIPS: 0.3780 | DISTS: 0.2599
25-12-24 17:56:08.056 :   -> [Corr] Smoothed: 0.5419 | Raw: 0.4440
25-12-24 17:56:08.220 :   -> Processing Phase 2 (Smoothed)...
25-12-24 17:56:08.251 :      [Smooth JSCC] PSNR: 25.78dB
25-12-24 17:57:07.293 :      [Smooth] Ratio: 9.99% | PSNR: 23.14dB | LPIPS: 0.2083 | DISTS: 0.1656
25-12-24 17:57:07.346 :   -> Processing Phase 2 (Raw)...
25-12-24 17:57:07.378 :      [Raw JSCC   ] PSNR: 25.94dB
25-12-24 17:58:05.584 :      [Raw   ] Ratio: 9.99% | PSNR: 23.23dB | LPIPS: 0.2122 | DISTS: 0.1483
25-12-24 17:58:05.646 :   -> Processing Phase 2 (Random)...
25-12-24 17:58:05.677 :      [Random JSCC] PSNR: 26.05dB
25-12-24 17:59:04.659 :      [Random] Ratio: 9.99% | PSNR: 23.57dB | LPIPS: 0.1878 | DISTS: 0.1556
25-12-24 17:59:04.696 : --------------------------------------------
25-12-24 17:59:04.735 : Batch 18/100: Phase 1 (Initial)...
25-12-24 18:00:03.922 :   -> Phase 1 | PSNR: 22.05dB | LPIPS: 0.1754 | DISTS: 0.1482
25-12-24 18:00:03.936 :   -> [Base JSCC] Init | PSNR: 23.78dB | LPIPS: 0.3028 | DISTS: 0.2388
25-12-24 18:00:03.942 :   -> [Corr] Smoothed: 0.4461 | Raw: 0.3641
25-12-24 18:00:04.121 :   -> Processing Phase 2 (Smoothed)...
25-12-24 18:00:04.152 :      [Smooth JSCC] PSNR: 24.07dB
25-12-24 18:01:03.322 :      [Smooth] Ratio: 9.99% | PSNR: 22.04dB | LPIPS: 0.1951 | DISTS: 0.1561
25-12-24 18:01:03.368 :   -> Processing Phase 2 (Raw)...
25-12-24 18:01:03.399 :      [Raw JSCC   ] PSNR: 24.11dB
25-12-24 18:02:02.753 :      [Raw   ] Ratio: 9.99% | PSNR: 22.18dB | LPIPS: 0.1887 | DISTS: 0.1475
25-12-24 18:02:02.806 :   -> Processing Phase 2 (Random)...
25-12-24 18:02:02.837 :      [Random JSCC] PSNR: 24.11dB
25-12-24 18:03:01.263 :      [Random] Ratio: 9.99% | PSNR: 22.28dB | LPIPS: 0.1681 | DISTS: 0.1441
25-12-24 18:03:01.295 : --------------------------------------------
25-12-24 18:03:01.313 : Batch 19/100: Phase 1 (Initial)...
25-12-24 18:04:00.592 :   -> Phase 1 | PSNR: 22.56dB | LPIPS: 0.1413 | DISTS: 0.1366
25-12-24 18:04:00.606 :   -> [Base JSCC] Init | PSNR: 23.66dB | LPIPS: 0.2758 | DISTS: 0.2338
25-12-24 18:04:00.612 :   -> [Corr] Smoothed: 0.4549 | Raw: 0.3611
25-12-24 18:04:00.786 :   -> Processing Phase 2 (Smoothed)...
25-12-24 18:04:00.825 :      [Smooth JSCC] PSNR: 23.83dB
25-12-24 18:04:59.929 :      [Smooth] Ratio: 9.99% | PSNR: 22.08dB | LPIPS: 0.1573 | DISTS: 0.1610
25-12-24 18:04:59.980 :   -> Processing Phase 2 (Raw)...
25-12-24 18:05:00.010 :      [Raw JSCC   ] PSNR: 24.03dB
25-12-24 18:05:58.873 :      [Raw   ] Ratio: 9.99% | PSNR: 22.28dB | LPIPS: 0.1396 | DISTS: 0.1487
25-12-24 18:05:58.929 :   -> Processing Phase 2 (Random)...
25-12-24 18:05:58.960 :      [Random JSCC] PSNR: 23.95dB
25-12-24 18:06:57.812 :      [Random] Ratio: 9.99% | PSNR: 22.68dB | LPIPS: 0.1386 | DISTS: 0.1528
25-12-24 18:06:57.848 : --------------------------------------------
25-12-24 18:06:57.886 : Batch 20/100: Phase 1 (Initial)...
25-12-24 18:07:56.009 :   -> Phase 1 | PSNR: 23.49dB | LPIPS: 0.1276 | DISTS: 0.1576
25-12-24 18:07:56.023 :   -> [Base JSCC] Init | PSNR: 26.41dB | LPIPS: 0.2341 | DISTS: 0.2585
25-12-24 18:07:56.030 :   -> [Corr] Smoothed: 0.4586 | Raw: 0.3973
25-12-24 18:07:56.199 :   -> Processing Phase 2 (Smoothed)...
25-12-24 18:07:56.244 :      [Smooth JSCC] PSNR: 26.66dB
25-12-24 18:08:55.614 :      [Smooth] Ratio: 9.99% | PSNR: 23.99dB | LPIPS: 0.1414 | DISTS: 0.1592
25-12-24 18:08:55.664 :   -> Processing Phase 2 (Raw)...
25-12-24 18:08:55.696 :      [Raw JSCC   ] PSNR: 26.70dB
25-12-24 18:09:54.781 :      [Raw   ] Ratio: 9.99% | PSNR: 24.02dB | LPIPS: 0.1251 | DISTS: 0.1357
25-12-24 18:09:54.837 :   -> Processing Phase 2 (Random)...
25-12-24 18:09:54.867 :      [Random JSCC] PSNR: 27.03dB
25-12-24 18:10:54.033 :      [Random] Ratio: 9.99% | PSNR: 24.12dB | LPIPS: 0.1216 | DISTS: 0.1479
25-12-24 18:10:54.066 : --------------------------------------------
25-12-24 18:10:54.104 : Batch 21/100: Phase 1 (Initial)...
25-12-24 18:11:53.224 :   -> Phase 1 | PSNR: 26.35dB | LPIPS: 0.2494 | DISTS: 0.1722
25-12-24 18:11:53.238 :   -> [Base JSCC] Init | PSNR: 28.12dB | LPIPS: 0.3633 | DISTS: 0.2493
25-12-24 18:11:53.244 :   -> [Corr] Smoothed: 0.3871 | Raw: 0.3405
25-12-24 18:11:53.413 :   -> Processing Phase 2 (Smoothed)...
25-12-24 18:11:53.446 :      [Smooth JSCC] PSNR: 28.02dB
25-12-24 18:12:52.042 :      [Smooth] Ratio: 9.99% | PSNR: 25.98dB | LPIPS: 0.2523 | DISTS: 0.1674
25-12-24 18:12:52.096 :   -> Processing Phase 2 (Raw)...
25-12-24 18:12:52.127 :      [Raw JSCC   ] PSNR: 28.15dB
25-12-24 18:13:51.184 :      [Raw   ] Ratio: 9.99% | PSNR: 26.06dB | LPIPS: 0.2245 | DISTS: 0.1688
25-12-24 18:13:51.242 :   -> Processing Phase 2 (Random)...
25-12-24 18:13:51.273 :      [Random JSCC] PSNR: 28.22dB
25-12-24 18:14:50.221 :      [Random] Ratio: 9.99% | PSNR: 26.53dB | LPIPS: 0.2101 | DISTS: 0.1677
25-12-24 18:14:50.261 : --------------------------------------------
25-12-24 18:14:50.284 : Batch 22/100: Phase 1 (Initial)...
25-12-24 18:15:49.199 :   -> Phase 1 | PSNR: 23.53dB | LPIPS: 0.1475 | DISTS: 0.1515
25-12-24 18:15:49.213 :   -> [Base JSCC] Init | PSNR: 25.95dB | LPIPS: 0.2711 | DISTS: 0.2402
25-12-24 18:15:49.220 :   -> [Corr] Smoothed: 0.3865 | Raw: 0.2883
25-12-24 18:15:49.398 :   -> Processing Phase 2 (Smoothed)...
25-12-24 18:15:49.429 :      [Smooth JSCC] PSNR: 26.23dB
25-12-24 18:16:48.192 :      [Smooth] Ratio: 9.99% | PSNR: 23.68dB | LPIPS: 0.1593 | DISTS: 0.1590
25-12-24 18:16:48.245 :   -> Processing Phase 2 (Raw)...
25-12-24 18:16:48.276 :      [Raw JSCC   ] PSNR: 26.20dB
25-12-24 18:17:46.373 :      [Raw   ] Ratio: 9.99% | PSNR: 23.72dB | LPIPS: 0.1519 | DISTS: 0.1455
25-12-24 18:17:46.435 :   -> Processing Phase 2 (Random)...
25-12-24 18:17:46.466 :      [Random JSCC] PSNR: 26.35dB
25-12-24 18:18:45.295 :      [Random] Ratio: 9.99% | PSNR: 23.78dB | LPIPS: 0.1396 | DISTS: 0.1412
25-12-24 18:18:45.330 : --------------------------------------------
25-12-24 18:18:45.355 : Batch 23/100: Phase 1 (Initial)...
25-12-24 18:19:44.067 :   -> Phase 1 | PSNR: 21.99dB | LPIPS: 0.2491 | DISTS: 0.1673
25-12-24 18:19:44.081 :   -> [Base JSCC] Init | PSNR: 24.12dB | LPIPS: 0.4214 | DISTS: 0.2615
25-12-24 18:19:44.088 :   -> [Corr] Smoothed: 0.3492 | Raw: 0.2918
25-12-24 18:19:44.244 :   -> Processing Phase 2 (Smoothed)...
25-12-24 18:19:44.275 :      [Smooth JSCC] PSNR: 24.26dB
25-12-24 18:20:43.070 :      [Smooth] Ratio: 9.99% | PSNR: 22.15dB | LPIPS: 0.2781 | DISTS: 0.1913
25-12-24 18:20:43.121 :   -> Processing Phase 2 (Raw)...
25-12-24 18:20:43.152 :      [Raw JSCC   ] PSNR: 24.38dB
25-12-24 18:21:41.324 :      [Raw   ] Ratio: 9.99% | PSNR: 22.34dB | LPIPS: 0.2462 | DISTS: 0.1723
25-12-24 18:21:41.382 :   -> Processing Phase 2 (Random)...
25-12-24 18:21:41.413 :      [Random JSCC] PSNR: 24.33dB
25-12-24 18:22:40.334 :      [Random] Ratio: 9.99% | PSNR: 22.07dB | LPIPS: 0.2775 | DISTS: 0.1965
25-12-24 18:22:40.368 : --------------------------------------------
25-12-24 18:22:40.391 : Batch 24/100: Phase 1 (Initial)...
25-12-24 18:23:39.264 :   -> Phase 1 | PSNR: 19.88dB | LPIPS: 0.2209 | DISTS: 0.1720
25-12-24 18:23:39.278 :   -> [Base JSCC] Init | PSNR: 21.53dB | LPIPS: 0.2379 | DISTS: 0.2212
25-12-24 18:23:39.287 :   -> [Corr] Smoothed: 0.4569 | Raw: 0.4191
25-12-24 18:23:39.443 :   -> Processing Phase 2 (Smoothed)...
25-12-24 18:23:39.476 :      [Smooth JSCC] PSNR: 22.06dB
25-12-24 18:24:37.999 :      [Smooth] Ratio: 9.99% | PSNR: 20.05dB | LPIPS: 0.2068 | DISTS: 0.1732
25-12-24 18:24:38.050 :   -> Processing Phase 2 (Raw)...
25-12-24 18:24:38.081 :      [Raw JSCC   ] PSNR: 22.13dB
25-12-24 18:25:37.561 :      [Raw   ] Ratio: 9.99% | PSNR: 20.21dB | LPIPS: 0.1995 | DISTS: 0.1715
25-12-24 18:25:37.618 :   -> Processing Phase 2 (Random)...
25-12-24 18:25:37.649 :      [Random JSCC] PSNR: 21.81dB
25-12-24 18:26:36.533 :      [Random] Ratio: 9.99% | PSNR: 19.95dB | LPIPS: 0.2056 | DISTS: 0.1576
25-12-24 18:26:36.566 : --------------------------------------------
25-12-24 18:26:36.590 : Batch 25/100: Phase 1 (Initial)...
25-12-24 18:27:35.763 :   -> Phase 1 | PSNR: 21.78dB | LPIPS: 0.2380 | DISTS: 0.1867
25-12-24 18:27:35.777 :   -> [Base JSCC] Init | PSNR: 23.82dB | LPIPS: 0.3420 | DISTS: 0.2574
25-12-24 18:27:35.784 :   -> [Corr] Smoothed: 0.3361 | Raw: 0.2609
25-12-24 18:27:35.949 :   -> Processing Phase 2 (Smoothed)...
25-12-24 18:27:35.981 :      [Smooth JSCC] PSNR: 24.00dB
25-12-24 18:28:34.207 :      [Smooth] Ratio: 9.99% | PSNR: 22.38dB | LPIPS: 0.2199 | DISTS: 0.1867
25-12-24 18:28:34.260 :   -> Processing Phase 2 (Raw)...
25-12-24 18:28:34.292 :      [Raw JSCC   ] PSNR: 24.14dB
25-12-24 18:29:33.436 :      [Raw   ] Ratio: 9.99% | PSNR: 22.10dB | LPIPS: 0.2224 | DISTS: 0.1829
25-12-24 18:29:33.496 :   -> Processing Phase 2 (Random)...
25-12-24 18:29:33.528 :      [Random JSCC] PSNR: 24.10dB
25-12-24 18:30:32.557 :      [Random] Ratio: 9.99% | PSNR: 22.47dB | LPIPS: 0.2172 | DISTS: 0.1813
25-12-24 18:30:32.591 : --------------------------------------------
25-12-24 18:30:32.616 : Batch 26/100: Phase 1 (Initial)...
25-12-24 18:31:31.812 :   -> Phase 1 | PSNR: 21.48dB | LPIPS: 0.2450 | DISTS: 0.2003
25-12-24 18:31:31.826 :   -> [Base JSCC] Init | PSNR: 23.45dB | LPIPS: 0.3385 | DISTS: 0.2592
25-12-24 18:31:31.832 :   -> [Corr] Smoothed: 0.5245 | Raw: 0.4328
25-12-24 18:31:31.991 :   -> Processing Phase 2 (Smoothed)...
25-12-24 18:31:32.022 :      [Smooth JSCC] PSNR: 23.73dB
25-12-24 18:32:31.125 :      [Smooth] Ratio: 9.99% | PSNR: 21.58dB | LPIPS: 0.2567 | DISTS: 0.2151
25-12-24 18:32:31.179 :   -> Processing Phase 2 (Raw)...
25-12-24 18:32:31.211 :      [Raw JSCC   ] PSNR: 23.86dB
25-12-24 18:33:29.332 :      [Raw   ] Ratio: 9.99% | PSNR: 21.47dB | LPIPS: 0.2505 | DISTS: 0.2343
25-12-24 18:33:29.392 :   -> Processing Phase 2 (Random)...
25-12-24 18:33:29.423 :      [Random JSCC] PSNR: 23.78dB
25-12-24 18:34:28.388 :      [Random] Ratio: 9.99% | PSNR: 21.51dB | LPIPS: 0.2311 | DISTS: 0.1924
25-12-24 18:34:28.423 : --------------------------------------------
25-12-24 18:34:28.446 : Batch 27/100: Phase 1 (Initial)...
25-12-24 18:35:27.421 :   -> Phase 1 | PSNR: 21.07dB | LPIPS: 0.1479 | DISTS: 0.1726
25-12-24 18:35:27.435 :   -> [Base JSCC] Init | PSNR: 22.84dB | LPIPS: 0.2184 | DISTS: 0.2368
25-12-24 18:35:27.441 :   -> [Corr] Smoothed: 0.2865 | Raw: 0.3092
25-12-24 18:35:27.606 :   -> Processing Phase 2 (Smoothed)...
25-12-24 18:35:27.639 :      [Smooth JSCC] PSNR: 22.86dB
25-12-24 18:36:26.968 :      [Smooth] Ratio: 9.99% | PSNR: 21.13dB | LPIPS: 0.1493 | DISTS: 0.1621
25-12-24 18:36:27.016 :   -> Processing Phase 2 (Raw)...
25-12-24 18:36:27.047 :      [Raw JSCC   ] PSNR: 22.79dB
25-12-24 18:37:26.159 :      [Raw   ] Ratio: 9.99% | PSNR: 21.17dB | LPIPS: 0.1245 | DISTS: 0.1455
25-12-24 18:37:26.218 :   -> Processing Phase 2 (Random)...
25-12-24 18:37:26.249 :      [Random JSCC] PSNR: 23.43dB
25-12-24 18:38:24.731 :      [Random] Ratio: 9.99% | PSNR: 21.71dB | LPIPS: 0.1327 | DISTS: 0.1621
25-12-24 18:38:24.766 : --------------------------------------------
25-12-24 18:38:24.797 : Batch 28/100: Phase 1 (Initial)...
25-12-24 18:39:24.100 :   -> Phase 1 | PSNR: 24.25dB | LPIPS: 0.1519 | DISTS: 0.1617
25-12-24 18:39:24.113 :   -> [Base JSCC] Init | PSNR: 26.46dB | LPIPS: 0.3237 | DISTS: 0.2371
25-12-24 18:39:24.121 :   -> [Corr] Smoothed: 0.3984 | Raw: 0.3500
25-12-24 18:39:24.265 :   -> Processing Phase 2 (Smoothed)...
25-12-24 18:39:24.296 :      [Smooth JSCC] PSNR: 26.52dB
25-12-24 18:40:23.045 :      [Smooth] Ratio: 9.99% | PSNR: 23.92dB | LPIPS: 0.1517 | DISTS: 0.1282
25-12-24 18:40:23.094 :   -> Processing Phase 2 (Raw)...
25-12-24 18:40:23.126 :      [Raw JSCC   ] PSNR: 26.79dB
25-12-24 18:41:21.360 :      [Raw   ] Ratio: 9.99% | PSNR: 23.97dB | LPIPS: 0.1527 | DISTS: 0.1433
25-12-24 18:41:21.414 :   -> Processing Phase 2 (Random)...
25-12-24 18:41:21.445 :      [Random JSCC] PSNR: 26.92dB
25-12-24 18:42:20.068 :      [Random] Ratio: 9.99% | PSNR: 24.58dB | LPIPS: 0.1485 | DISTS: 0.1489
25-12-24 18:42:20.101 : --------------------------------------------
25-12-24 18:42:20.124 : Batch 29/100: Phase 1 (Initial)...
25-12-24 18:43:18.591 :   -> Phase 1 | PSNR: 26.87dB | LPIPS: 0.1209 | DISTS: 0.1454
25-12-24 18:43:18.606 :   -> [Base JSCC] Init | PSNR: 29.20dB | LPIPS: 0.2112 | DISTS: 0.2040
25-12-24 18:43:18.612 :   -> [Corr] Smoothed: 0.3548 | Raw: 0.3244
25-12-24 18:43:18.772 :   -> Processing Phase 2 (Smoothed)...
25-12-24 18:43:18.804 :      [Smooth JSCC] PSNR: 29.55dB
25-12-24 18:44:18.024 :      [Smooth] Ratio: 9.99% | PSNR: 26.60dB | LPIPS: 0.1082 | DISTS: 0.1367
25-12-24 18:44:18.078 :   -> Processing Phase 2 (Raw)...
25-12-24 18:44:18.109 :      [Raw JSCC   ] PSNR: 29.51dB
25-12-24 18:45:17.037 :      [Raw   ] Ratio: 9.99% | PSNR: 26.74dB | LPIPS: 0.0973 | DISTS: 0.1291
25-12-24 18:45:17.094 :   -> Processing Phase 2 (Random)...
25-12-24 18:45:17.125 :      [Random JSCC] PSNR: 29.42dB
25-12-24 18:46:16.403 :      [Random] Ratio: 9.99% | PSNR: 27.23dB | LPIPS: 0.0919 | DISTS: 0.1349
25-12-24 18:46:16.438 : --------------------------------------------
25-12-24 18:46:16.470 : Batch 30/100: Phase 1 (Initial)...
25-12-24 18:47:15.543 :   -> Phase 1 | PSNR: 22.38dB | LPIPS: 0.1322 | DISTS: 0.1325
25-12-24 18:47:15.557 :   -> [Base JSCC] Init | PSNR: 24.47dB | LPIPS: 0.3130 | DISTS: 0.2468
25-12-24 18:47:15.565 :   -> [Corr] Smoothed: 0.4615 | Raw: 0.3652
25-12-24 18:47:15.741 :   -> Processing Phase 2 (Smoothed)...
25-12-24 18:47:15.775 :      [Smooth JSCC] PSNR: 24.66dB
25-12-24 18:48:14.051 :      [Smooth] Ratio: 9.99% | PSNR: 22.55dB | LPIPS: 0.1560 | DISTS: 0.1826
25-12-24 18:48:14.104 :   -> Processing Phase 2 (Raw)...
25-12-24 18:48:14.135 :      [Raw JSCC   ] PSNR: 24.65dB
25-12-24 18:49:13.133 :      [Raw   ] Ratio: 9.99% | PSNR: 22.57dB | LPIPS: 0.1371 | DISTS: 0.1345
25-12-24 18:49:13.192 :   -> Processing Phase 2 (Random)...
25-12-24 18:49:13.223 :      [Random JSCC] PSNR: 24.88dB
25-12-24 18:50:12.546 :      [Random] Ratio: 9.99% | PSNR: 22.50dB | LPIPS: 0.1479 | DISTS: 0.1418
25-12-24 18:50:12.582 : --------------------------------------------
25-12-24 18:50:12.605 : Batch 31/100: Phase 1 (Initial)...
25-12-24 18:51:10.782 :   -> Phase 1 | PSNR: 24.84dB | LPIPS: 0.1664 | DISTS: 0.1799
25-12-24 18:51:10.796 :   -> [Base JSCC] Init | PSNR: 27.41dB | LPIPS: 0.2943 | DISTS: 0.2585
25-12-24 18:51:10.802 :   -> [Corr] Smoothed: 0.3645 | Raw: 0.2907
25-12-24 18:51:10.993 :   -> Processing Phase 2 (Smoothed)...
25-12-24 18:51:11.025 :      [Smooth JSCC] PSNR: 27.20dB
25-12-24 18:51:55.283 : 
[!] Process Interrupted by User. Saving current results...
25-12-24 18:51:55.295 : Saved 30 results to /home/naaa/diffcom/results_retrans_comparison/ffhq_demo/hifi_diffcom/djscc_2/awgn_00dB/RetransComparison_rate_0.1_zeta0.3_seed22/retransmission_comparison.json
25-12-24 18:51:55.295 : Final Avg | Smooth PSNR: 22.22dB | Raw PSNR: 22.25dB | Random PSNR: 22.41dB
