25-12-21 23:58:21.653 : 【Channel】: Built awgn channel, SNR 30 dB
25-12-21 23:58:21.931 : Start from timestep 194 with SNR from -4.394049644470215 to 3.999884605407715
25-12-21 23:58:21.931 : 【Config】: Retransmission Mode: rate, Value: 0.999
25-12-21 23:58:24.152 : Batch 1/100: Phase 1 (Initial Reconstruction)...
25-12-21 23:59:24.423 :   -> Phase 1 Results | PSNR: 28.10dB | LPIPS: 0.0355 | DISTS: 0.0901
25-12-21 23:59:24.438 :   -> [Diagnosis] Init JSCC | PSNR: 28.91dB | LPIPS: 0.0818
25-12-21 23:59:24.438 : Batch 1/100: Processing Semantic Retransmission...
25-12-21 23:59:24.450 :   -> Retransmission Ratio: 99.88% (Target=0.999)
25-12-21 23:59:24.478 :   -> [Diagnosis] After Signal Update | PSNR: 28.89dB (+-0.01dB)
25-12-21 23:59:24.478 : Batch 1/100: Phase 2 (Refinement)...
25-12-22 00:00:24.224 :   -> Phase 2 Results | PSNR: 27.68dB | LPIPS: 0.0477 | DISTS: 0.1001
25-12-22 00:00:24.225 :   -> Gain vs Phase 1 | PSNR: +-0.42dB | LPIPS: 0.0122
25-12-22 00:00:24.389 : --------------------------------------------
25-12-22 00:00:24.406 : Batch 2/100: Phase 1 (Initial Reconstruction)...
25-12-22 00:01:24.062 :   -> Phase 1 Results | PSNR: 30.04dB | LPIPS: 0.0377 | DISTS: 0.0659
25-12-22 00:01:24.077 :   -> [Diagnosis] Init JSCC | PSNR: 30.02dB | LPIPS: 0.0756
25-12-22 00:01:24.077 : Batch 2/100: Processing Semantic Retransmission...
25-12-22 00:01:24.088 :   -> Retransmission Ratio: 99.88% (Target=0.999)
25-12-22 00:01:24.115 :   -> [Diagnosis] After Signal Update | PSNR: 29.95dB (+-0.06dB)
25-12-22 00:01:24.115 : Batch 2/100: Phase 2 (Refinement)...
25-12-22 00:02:23.000 :   -> Phase 2 Results | PSNR: 29.11dB | LPIPS: 0.0400 | DISTS: 0.0784
25-12-22 00:02:23.000 :   -> Gain vs Phase 1 | PSNR: +-0.93dB | LPIPS: 0.0023
25-12-22 00:02:23.183 : --------------------------------------------
25-12-22 00:02:23.200 : Batch 3/100: Phase 1 (Initial Reconstruction)...
25-12-22 00:03:22.292 :   -> Phase 1 Results | PSNR: 33.28dB | LPIPS: 0.0289 | DISTS: 0.0718
25-12-22 00:03:22.307 :   -> [Diagnosis] Init JSCC | PSNR: 33.00dB | LPIPS: 0.0844
25-12-22 00:03:22.307 : Batch 3/100: Processing Semantic Retransmission...
25-12-22 00:03:22.319 :   -> Retransmission Ratio: 99.88% (Target=0.999)
25-12-22 00:03:22.346 :   -> [Diagnosis] After Signal Update | PSNR: 32.69dB (+-0.32dB)
25-12-22 00:03:22.347 : Batch 3/100: Phase 2 (Refinement)...
