25-12-21 18:57:20.319 : 【Channel】: Built awgn channel, SNR 0 dB
25-12-21 18:57:20.567 : Start from timestep 252 with SNR from -4.394049644470215 to 3.999884605407715
25-12-21 18:57:20.567 : 【Config】: Retransmission Mode: rate, Value: 0.1
25-12-21 18:57:22.865 : Batch 1/100: Phase 1 (Initial Reconstruction)...
25-12-21 18:58:39.338 :   -> Phase 1 Results | PSNR: 20.77dB | LPIPS: 0.1650 | DISTS: 0.1783
25-12-21 18:58:39.355 :   -> [Diagnosis] Init JSCC | PSNR: 22.82dB | LPIPS: 0.1946
25-12-21 18:58:39.355 : Batch 1/100: Processing Pixel-based Retransmission...
25-12-21 18:58:39.362 :   -> Retransmission Ratio: 10.00% (Target=0.1)
25-12-21 18:58:39.377 :   -> [Diagnosis] After Patching | PSNR: 24.86dB (+2.04dB)
25-12-21 18:58:39.377 : Batch 1/100: Phase 2 (Refinement)...
25-12-21 18:59:55.318 :   -> Phase 2 Results | PSNR: 22.95dB | LPIPS: 0.1668 | DISTS: 0.1571
25-12-21 18:59:55.318 :   -> Gain vs Phase 1 | PSNR: +2.18dB | LPIPS: 0.0018
25-12-21 18:59:55.494 : --------------------------------------------
25-12-21 18:59:55.511 : Batch 2/100: Phase 1 (Initial Reconstruction)...
25-12-21 19:01:11.760 :   -> Phase 1 Results | PSNR: 20.78dB | LPIPS: 0.2149 | DISTS: 0.1573
25-12-21 19:01:11.775 :   -> [Diagnosis] Init JSCC | PSNR: 22.44dB | LPIPS: 0.2503
25-12-21 19:01:11.775 : Batch 2/100: Processing Pixel-based Retransmission...
25-12-21 19:01:11.781 :   -> Retransmission Ratio: 10.00% (Target=0.1)
25-12-21 19:01:11.798 :   -> [Diagnosis] After Patching | PSNR: 23.56dB (+1.11dB)
25-12-21 19:01:11.798 : Batch 2/100: Phase 2 (Refinement)...
25-12-21 19:02:28.088 :   -> Phase 2 Results | PSNR: 22.30dB | LPIPS: 0.1887 | DISTS: 0.1502
25-12-21 19:02:28.088 :   -> Gain vs Phase 1 | PSNR: +1.52dB | LPIPS: -0.0262
25-12-21 19:02:28.288 : --------------------------------------------
25-12-21 19:02:28.305 : Batch 3/100: Phase 1 (Initial Reconstruction)...
25-12-21 19:03:44.057 :   -> Phase 1 Results | PSNR: 22.48dB | LPIPS: 0.2021 | DISTS: 0.1676
25-12-21 19:03:44.072 :   -> [Diagnosis] Init JSCC | PSNR: 24.68dB | LPIPS: 0.3103
25-12-21 19:03:44.072 : Batch 3/100: Processing Pixel-based Retransmission...
25-12-21 19:03:44.078 :   -> Retransmission Ratio: 10.00% (Target=0.1)
25-12-21 19:03:44.092 :   -> [Diagnosis] After Patching | PSNR: 25.65dB (+0.97dB)
25-12-21 19:03:44.093 : Batch 3/100: Phase 2 (Refinement)...
25-12-21 19:05:00.153 :   -> Phase 2 Results | PSNR: 23.78dB | LPIPS: 0.1799 | DISTS: 0.1673
25-12-21 19:05:00.153 :   -> Gain vs Phase 1 | PSNR: +1.30dB | LPIPS: -0.0223
25-12-21 19:05:00.345 : --------------------------------------------
25-12-21 19:05:00.363 : Batch 4/100: Phase 1 (Initial Reconstruction)...
25-12-21 19:06:16.291 :   -> Phase 1 Results | PSNR: 22.68dB | LPIPS: 0.1983 | DISTS: 0.1970
25-12-21 19:06:16.305 :   -> [Diagnosis] Init JSCC | PSNR: 25.00dB | LPIPS: 0.3484
25-12-21 19:06:16.306 : Batch 4/100: Processing Pixel-based Retransmission...
25-12-21 19:06:16.312 :   -> Retransmission Ratio: 10.00% (Target=0.1)
25-12-21 19:06:16.326 :   -> [Diagnosis] After Patching | PSNR: 26.34dB (+1.34dB)
25-12-21 19:06:16.326 : Batch 4/100: Phase 2 (Refinement)...
25-12-21 19:07:33.786 :   -> Phase 2 Results | PSNR: 24.42dB | LPIPS: 0.1515 | DISTS: 0.1496
25-12-21 19:07:33.787 :   -> Gain vs Phase 1 | PSNR: +1.74dB | LPIPS: -0.0469
25-12-21 19:07:33.980 : --------------------------------------------
25-12-21 19:07:33.999 : Batch 5/100: Phase 1 (Initial Reconstruction)...
25-12-21 19:08:50.298 :   -> Phase 1 Results | PSNR: 21.91dB | LPIPS: 0.1563 | DISTS: 0.1572
25-12-21 19:08:50.315 :   -> [Diagnosis] Init JSCC | PSNR: 23.86dB | LPIPS: 0.2583
25-12-21 19:08:50.315 : Batch 5/100: Processing Pixel-based Retransmission...
25-12-21 19:08:50.321 :   -> Retransmission Ratio: 10.00% (Target=0.1)
25-12-21 19:08:50.336 :   -> [Diagnosis] After Patching | PSNR: 25.34dB (+1.47dB)
25-12-21 19:08:50.336 : Batch 5/100: Phase 2 (Refinement)...
25-12-21 19:10:06.361 :   -> Phase 2 Results | PSNR: 23.44dB | LPIPS: 0.1455 | DISTS: 0.1250
25-12-21 19:10:06.361 :   -> Gain vs Phase 1 | PSNR: +1.53dB | LPIPS: -0.0107
25-12-21 19:10:06.590 : --------------------------------------------
25-12-21 19:10:06.608 : Batch 6/100: Phase 1 (Initial Reconstruction)...
25-12-21 19:11:24.168 :   -> Phase 1 Results | PSNR: 19.85dB | LPIPS: 0.2901 | DISTS: 0.1979
25-12-21 19:11:24.186 :   -> [Diagnosis] Init JSCC | PSNR: 21.98dB | LPIPS: 0.3688
25-12-21 19:11:24.186 : Batch 6/100: Processing Pixel-based Retransmission...
25-12-21 19:11:24.193 :   -> Retransmission Ratio: 10.00% (Target=0.1)
25-12-21 19:11:24.211 :   -> [Diagnosis] After Patching | PSNR: 23.40dB (+1.43dB)
25-12-21 19:11:24.211 : Batch 6/100: Phase 2 (Refinement)...
25-12-21 19:12:40.614 :   -> Phase 2 Results | PSNR: 21.25dB | LPIPS: 0.2266 | DISTS: 0.1947
25-12-21 19:12:40.614 :   -> Gain vs Phase 1 | PSNR: +1.40dB | LPIPS: -0.0635
25-12-21 19:12:40.805 : --------------------------------------------
25-12-21 19:12:40.822 : Batch 7/100: Phase 1 (Initial Reconstruction)...
25-12-21 19:14:00.244 :   -> Phase 1 Results | PSNR: 20.24dB | LPIPS: 0.2720 | DISTS: 0.1799
25-12-21 19:14:00.268 :   -> [Diagnosis] Init JSCC | PSNR: 22.05dB | LPIPS: 0.3610
25-12-21 19:14:00.268 : Batch 7/100: Processing Pixel-based Retransmission...
25-12-21 19:14:00.276 :   -> Retransmission Ratio: 10.00% (Target=0.1)
25-12-21 19:14:00.303 :   -> [Diagnosis] After Patching | PSNR: 22.71dB (+0.67dB)
25-12-21 19:14:00.303 : Batch 7/100: Phase 2 (Refinement)...
25-12-21 19:15:16.409 :   -> Phase 2 Results | PSNR: 21.15dB | LPIPS: 0.2233 | DISTS: 0.1744
25-12-21 19:15:16.409 :   -> Gain vs Phase 1 | PSNR: +0.91dB | LPIPS: -0.0487
25-12-21 19:15:16.576 : --------------------------------------------
25-12-21 19:15:16.593 : Batch 8/100: Phase 1 (Initial Reconstruction)...
25-12-21 19:16:34.304 :   -> Phase 1 Results | PSNR: 24.23dB | LPIPS: 0.1619 | DISTS: 0.1854
25-12-21 19:16:34.319 :   -> [Diagnosis] Init JSCC | PSNR: 27.23dB | LPIPS: 0.2594
25-12-21 19:16:34.319 : Batch 8/100: Processing Pixel-based Retransmission...
25-12-21 19:16:34.325 :   -> Retransmission Ratio: 10.00% (Target=0.1)
25-12-21 19:16:34.340 :   -> [Diagnosis] After Patching | PSNR: 28.38dB (+1.15dB)
25-12-21 19:16:34.340 : Batch 8/100: Phase 2 (Refinement)...
25-12-21 19:17:50.317 :   -> Phase 2 Results | PSNR: 25.52dB | LPIPS: 0.1545 | DISTS: 0.1862
25-12-21 19:17:50.317 :   -> Gain vs Phase 1 | PSNR: +1.29dB | LPIPS: -0.0074
25-12-21 19:17:50.500 : --------------------------------------------
25-12-21 19:17:50.518 : Batch 9/100: Phase 1 (Initial Reconstruction)...
25-12-21 19:19:09.236 :   -> Phase 1 Results | PSNR: 21.74dB | LPIPS: 0.2523 | DISTS: 0.1742
25-12-21 19:19:09.251 :   -> [Diagnosis] Init JSCC | PSNR: 23.67dB | LPIPS: 0.3960
25-12-21 19:19:09.251 : Batch 9/100: Processing Pixel-based Retransmission...
25-12-21 19:19:09.256 :   -> Retransmission Ratio: 10.00% (Target=0.1)
25-12-21 19:19:09.273 :   -> [Diagnosis] After Patching | PSNR: 24.31dB (+0.65dB)
25-12-21 19:19:09.273 : Batch 9/100: Phase 2 (Refinement)...
25-12-21 19:20:28.997 :   -> Phase 2 Results | PSNR: 22.58dB | LPIPS: 0.1920 | DISTS: 0.1385
25-12-21 19:20:28.997 :   -> Gain vs Phase 1 | PSNR: +0.83dB | LPIPS: -0.0603
25-12-21 19:20:29.174 : --------------------------------------------
25-12-21 19:20:29.195 : Batch 10/100: Phase 1 (Initial Reconstruction)...
25-12-21 19:21:45.483 :   -> Phase 1 Results | PSNR: 22.46dB | LPIPS: 0.1913 | DISTS: 0.2010
25-12-21 19:21:45.498 :   -> [Diagnosis] Init JSCC | PSNR: 25.00dB | LPIPS: 0.2477
25-12-21 19:21:45.498 : Batch 10/100: Processing Pixel-based Retransmission...
25-12-21 19:21:45.504 :   -> Retransmission Ratio: 10.00% (Target=0.1)
25-12-21 19:21:45.520 :   -> [Diagnosis] After Patching | PSNR: 25.74dB (+0.74dB)
25-12-21 19:21:45.520 : Batch 10/100: Phase 2 (Refinement)...
25-12-21 19:23:05.898 :   -> Phase 2 Results | PSNR: 23.69dB | LPIPS: 0.1424 | DISTS: 0.1373
25-12-21 19:23:05.898 :   -> Gain vs Phase 1 | PSNR: +1.23dB | LPIPS: -0.0489
25-12-21 19:23:06.101 : --------------------------------------------
25-12-21 19:23:06.123 : Batch 11/100: Phase 1 (Initial Reconstruction)...
25-12-21 19:24:22.822 :   -> Phase 1 Results | PSNR: 23.32dB | LPIPS: 0.1231 | DISTS: 0.1235
25-12-21 19:24:22.839 :   -> [Diagnosis] Init JSCC | PSNR: 24.81dB | LPIPS: 0.3075
25-12-21 19:24:22.839 : Batch 11/100: Processing Pixel-based Retransmission...
25-12-21 19:24:22.846 :   -> Retransmission Ratio: 10.00% (Target=0.1)
25-12-21 19:24:22.864 :   -> [Diagnosis] After Patching | PSNR: 25.99dB (+1.17dB)
25-12-21 19:24:22.864 : Batch 11/100: Phase 2 (Refinement)...
25-12-21 19:25:39.903 :   -> Phase 2 Results | PSNR: 24.70dB | LPIPS: 0.1026 | DISTS: 0.1142
25-12-21 19:25:39.903 :   -> Gain vs Phase 1 | PSNR: +1.38dB | LPIPS: -0.0205
25-12-21 19:25:40.123 : --------------------------------------------
25-12-21 19:25:40.140 : Batch 12/100: Phase 1 (Initial Reconstruction)...
25-12-21 19:26:59.181 :   -> Phase 1 Results | PSNR: 22.58dB | LPIPS: 0.1911 | DISTS: 0.1733
25-12-21 19:26:59.204 :   -> [Diagnosis] Init JSCC | PSNR: 24.66dB | LPIPS: 0.3115
25-12-21 19:26:59.205 : Batch 12/100: Processing Pixel-based Retransmission...
25-12-21 19:26:59.212 :   -> Retransmission Ratio: 10.00% (Target=0.1)
25-12-21 19:26:59.236 :   -> [Diagnosis] After Patching | PSNR: 25.90dB (+1.24dB)
25-12-21 19:26:59.236 : Batch 12/100: Phase 2 (Refinement)...
25-12-21 19:28:15.211 :   -> Phase 2 Results | PSNR: 23.99dB | LPIPS: 0.1597 | DISTS: 0.1502
25-12-21 19:28:15.211 :   -> Gain vs Phase 1 | PSNR: +1.41dB | LPIPS: -0.0314
25-12-21 19:28:15.412 : --------------------------------------------
25-12-21 19:28:15.430 : Batch 13/100: Phase 1 (Initial Reconstruction)...
25-12-21 19:29:33.793 :   -> Phase 1 Results | PSNR: 19.61dB | LPIPS: 0.2266 | DISTS: 0.1684
25-12-21 19:29:33.808 :   -> [Diagnosis] Init JSCC | PSNR: 21.39dB | LPIPS: 0.3240
25-12-21 19:29:33.808 : Batch 13/100: Processing Pixel-based Retransmission...
25-12-21 19:29:33.814 :   -> Retransmission Ratio: 10.00% (Target=0.1)
25-12-21 19:29:33.828 :   -> [Diagnosis] After Patching | PSNR: 22.15dB (+0.76dB)
25-12-21 19:29:33.828 : Batch 13/100: Phase 2 (Refinement)...
25-12-21 19:30:49.609 :   -> Phase 2 Results | PSNR: 20.35dB | LPIPS: 0.1957 | DISTS: 0.1527
25-12-21 19:30:49.609 :   -> Gain vs Phase 1 | PSNR: +0.75dB | LPIPS: -0.0309
25-12-21 19:30:49.777 : --------------------------------------------
25-12-21 19:30:49.794 : Batch 14/100: Phase 1 (Initial Reconstruction)...
25-12-21 19:32:07.630 :   -> Phase 1 Results | PSNR: 21.44dB | LPIPS: 0.2102 | DISTS: 0.1762
25-12-21 19:32:07.649 :   -> [Diagnosis] Init JSCC | PSNR: 23.54dB | LPIPS: 0.3302
25-12-21 19:32:07.649 : Batch 14/100: Processing Pixel-based Retransmission...
25-12-21 19:32:07.656 :   -> Retransmission Ratio: 10.00% (Target=0.1)
25-12-21 19:32:07.682 :   -> [Diagnosis] After Patching | PSNR: 24.32dB (+0.78dB)
25-12-21 19:32:07.682 : Batch 14/100: Phase 2 (Refinement)...
25-12-21 19:33:24.205 :   -> Phase 2 Results | PSNR: 22.53dB | LPIPS: 0.1663 | DISTS: 0.1669
25-12-21 19:33:24.205 :   -> Gain vs Phase 1 | PSNR: +1.10dB | LPIPS: -0.0439
25-12-21 19:33:24.429 : --------------------------------------------
25-12-21 19:33:24.447 : Batch 15/100: Phase 1 (Initial Reconstruction)...
25-12-21 19:34:41.527 :   -> Phase 1 Results | PSNR: 21.37dB | LPIPS: 0.2354 | DISTS: 0.1820
25-12-21 19:34:41.542 :   -> [Diagnosis] Init JSCC | PSNR: 23.31dB | LPIPS: 0.4137
25-12-21 19:34:41.542 : Batch 15/100: Processing Pixel-based Retransmission...
25-12-21 19:34:41.548 :   -> Retransmission Ratio: 10.00% (Target=0.1)
25-12-21 19:34:41.562 :   -> [Diagnosis] After Patching | PSNR: 24.37dB (+1.05dB)
25-12-21 19:34:41.563 : Batch 15/100: Phase 2 (Refinement)...
25-12-21 19:35:57.422 :   -> Phase 2 Results | PSNR: 22.40dB | LPIPS: 0.1948 | DISTS: 0.1645
25-12-21 19:35:57.422 :   -> Gain vs Phase 1 | PSNR: +1.04dB | LPIPS: -0.0406
25-12-21 19:35:57.610 : --------------------------------------------
25-12-21 19:35:57.627 : Batch 16/100: Phase 1 (Initial Reconstruction)...
25-12-21 19:37:14.416 :   -> Phase 1 Results | PSNR: 17.50dB | LPIPS: 0.3763 | DISTS: 0.2415
25-12-21 19:37:14.431 :   -> [Diagnosis] Init JSCC | PSNR: 18.53dB | LPIPS: 0.4776
25-12-21 19:37:14.431 : Batch 16/100: Processing Pixel-based Retransmission...
25-12-21 19:37:14.437 :   -> Retransmission Ratio: 10.00% (Target=0.1)
25-12-21 19:37:14.453 :   -> [Diagnosis] After Patching | PSNR: 19.95dB (+1.42dB)
25-12-21 19:37:14.453 : Batch 16/100: Phase 2 (Refinement)...
25-12-21 19:38:30.565 :   -> Phase 2 Results | PSNR: 18.87dB | LPIPS: 0.2596 | DISTS: 0.1883
25-12-21 19:38:30.565 :   -> Gain vs Phase 1 | PSNR: +1.37dB | LPIPS: -0.1167
25-12-21 19:38:30.750 : --------------------------------------------
25-12-21 19:38:30.768 : Batch 17/100: Phase 1 (Initial Reconstruction)...
25-12-21 19:39:46.532 :   -> Phase 1 Results | PSNR: 23.19dB | LPIPS: 0.2195 | DISTS: 0.1750
25-12-21 19:39:46.546 :   -> [Diagnosis] Init JSCC | PSNR: 25.61dB | LPIPS: 0.3524
25-12-21 19:39:46.547 : Batch 17/100: Processing Pixel-based Retransmission...
25-12-21 19:39:46.552 :   -> Retransmission Ratio: 10.00% (Target=0.1)
25-12-21 19:39:46.567 :   -> [Diagnosis] After Patching | PSNR: 28.04dB (+2.43dB)
25-12-21 19:39:46.567 : Batch 17/100: Phase 2 (Refinement)...
25-12-21 19:41:03.662 :   -> Phase 2 Results | PSNR: 25.94dB | LPIPS: 0.1777 | DISTS: 0.1555
25-12-21 19:41:03.662 :   -> Gain vs Phase 1 | PSNR: +2.75dB | LPIPS: -0.0418
25-12-21 19:41:03.871 : --------------------------------------------
25-12-21 19:41:03.890 : Batch 18/100: Phase 1 (Initial Reconstruction)...
25-12-21 19:42:20.071 :   -> Phase 1 Results | PSNR: 22.20dB | LPIPS: 0.1633 | DISTS: 0.1510
25-12-21 19:42:20.089 :   -> [Diagnosis] Init JSCC | PSNR: 24.19dB | LPIPS: 0.2778
25-12-21 19:42:20.090 : Batch 18/100: Processing Pixel-based Retransmission...
25-12-21 19:42:20.096 :   -> Retransmission Ratio: 10.00% (Target=0.1)
25-12-21 19:42:20.114 :   -> [Diagnosis] After Patching | PSNR: 25.64dB (+1.44dB)
25-12-21 19:42:20.114 : Batch 18/100: Phase 2 (Refinement)...
25-12-21 19:43:37.487 :   -> Phase 2 Results | PSNR: 23.80dB | LPIPS: 0.1424 | DISTS: 0.1306
25-12-21 19:43:37.488 :   -> Gain vs Phase 1 | PSNR: +1.60dB | LPIPS: -0.0208
25-12-21 19:43:37.686 : --------------------------------------------
25-12-21 19:43:37.703 : Batch 19/100: Phase 1 (Initial Reconstruction)...
25-12-21 19:44:56.226 :   -> Phase 1 Results | PSNR: 22.17dB | LPIPS: 0.1464 | DISTS: 0.1489
25-12-21 19:44:56.253 :   -> [Diagnosis] Init JSCC | PSNR: 23.69dB | LPIPS: 0.2839
25-12-21 19:44:56.253 : Batch 19/100: Processing Pixel-based Retransmission...
25-12-21 19:44:56.264 :   -> Retransmission Ratio: 10.00% (Target=0.1)
25-12-21 19:44:56.288 :   -> [Diagnosis] After Patching | PSNR: 25.05dB (+1.36dB)
25-12-21 19:44:56.288 : Batch 19/100: Phase 2 (Refinement)...
25-12-21 19:46:14.329 :   -> Phase 2 Results | PSNR: 23.60dB | LPIPS: 0.1275 | DISTS: 0.1510
25-12-21 19:46:14.330 :   -> Gain vs Phase 1 | PSNR: +1.43dB | LPIPS: -0.0190
25-12-21 19:46:14.528 : --------------------------------------------
25-12-21 19:46:14.545 : Batch 20/100: Phase 1 (Initial Reconstruction)...
25-12-21 19:47:30.871 :   -> Phase 1 Results | PSNR: 24.13dB | LPIPS: 0.1270 | DISTS: 0.1608
25-12-21 19:47:30.886 :   -> [Diagnosis] Init JSCC | PSNR: 26.79dB | LPIPS: 0.2457
25-12-21 19:47:30.887 : Batch 20/100: Processing Pixel-based Retransmission...
25-12-21 19:47:30.892 :   -> Retransmission Ratio: 10.00% (Target=0.1)
25-12-21 19:47:30.907 :   -> [Diagnosis] After Patching | PSNR: 27.79dB (+1.00dB)
25-12-21 19:47:30.907 : Batch 20/100: Phase 2 (Refinement)...
25-12-21 19:48:47.646 :   -> Phase 2 Results | PSNR: 25.62dB | LPIPS: 0.1033 | DISTS: 0.1334
25-12-21 19:48:47.646 :   -> Gain vs Phase 1 | PSNR: +1.49dB | LPIPS: -0.0237
25-12-21 19:48:47.826 : --------------------------------------------
25-12-21 19:48:47.845 : Batch 21/100: Phase 1 (Initial Reconstruction)...
25-12-21 19:50:05.078 :   -> Phase 1 Results | PSNR: 26.21dB | LPIPS: 0.2390 | DISTS: 0.1729
25-12-21 19:50:05.096 :   -> [Diagnosis] Init JSCC | PSNR: 27.38dB | LPIPS: 0.3632
25-12-21 19:50:05.096 : Batch 21/100: Processing Pixel-based Retransmission...
25-12-21 19:50:05.102 :   -> Retransmission Ratio: 10.00% (Target=0.1)
25-12-21 19:50:05.120 :   -> [Diagnosis] After Patching | PSNR: 28.55dB (+1.17dB)
25-12-21 19:50:05.120 : Batch 21/100: Phase 2 (Refinement)...
25-12-21 19:51:22.988 :   -> Phase 2 Results | PSNR: 27.72dB | LPIPS: 0.2596 | DISTS: 0.1703
25-12-21 19:51:22.988 :   -> Gain vs Phase 1 | PSNR: +1.51dB | LPIPS: 0.0206
25-12-21 19:51:23.212 : --------------------------------------------
25-12-21 19:51:23.231 : Batch 22/100: Phase 1 (Initial Reconstruction)...
25-12-21 19:52:39.046 :   -> Phase 1 Results | PSNR: 23.70dB | LPIPS: 0.1589 | DISTS: 0.1613
25-12-21 19:52:39.061 :   -> [Diagnosis] Init JSCC | PSNR: 26.20dB | LPIPS: 0.2819
25-12-21 19:52:39.061 : Batch 22/100: Processing Pixel-based Retransmission...
25-12-21 19:52:39.066 :   -> Retransmission Ratio: 10.00% (Target=0.1)
25-12-21 19:52:39.081 :   -> [Diagnosis] After Patching | PSNR: 27.23dB (+1.03dB)
25-12-21 19:52:39.081 : Batch 22/100: Phase 2 (Refinement)...
25-12-21 19:53:56.444 :   -> Phase 2 Results | PSNR: 25.22dB | LPIPS: 0.1335 | DISTS: 0.1309
25-12-21 19:53:56.444 :   -> Gain vs Phase 1 | PSNR: +1.52dB | LPIPS: -0.0254
25-12-21 19:53:56.672 : --------------------------------------------
25-12-21 19:53:56.689 : Batch 23/100: Phase 1 (Initial Reconstruction)...
25-12-21 19:55:12.830 :   -> Phase 1 Results | PSNR: 21.85dB | LPIPS: 0.3005 | DISTS: 0.1998
25-12-21 19:55:12.847 :   -> [Diagnosis] Init JSCC | PSNR: 23.88dB | LPIPS: 0.4209
25-12-21 19:55:12.847 : Batch 23/100: Processing Pixel-based Retransmission...
25-12-21 19:55:12.854 :   -> Retransmission Ratio: 10.00% (Target=0.1)
25-12-21 19:55:12.872 :   -> [Diagnosis] After Patching | PSNR: 24.95dB (+1.07dB)
25-12-21 19:55:12.872 : Batch 23/100: Phase 2 (Refinement)...
25-12-21 19:56:28.201 :   -> Phase 2 Results | PSNR: 23.22dB | LPIPS: 0.2829 | DISTS: 0.1808
25-12-21 19:56:28.201 :   -> Gain vs Phase 1 | PSNR: +1.37dB | LPIPS: -0.0176
25-12-21 19:56:28.387 : --------------------------------------------
25-12-21 19:56:28.404 : Batch 24/100: Phase 1 (Initial Reconstruction)...
25-12-21 19:57:46.628 :   -> Phase 1 Results | PSNR: 19.98dB | LPIPS: 0.2166 | DISTS: 0.1742
25-12-21 19:57:46.647 :   -> [Diagnosis] Init JSCC | PSNR: 21.31dB | LPIPS: 0.2562
25-12-21 19:57:46.647 : Batch 24/100: Processing Pixel-based Retransmission...
25-12-21 19:57:46.654 :   -> Retransmission Ratio: 10.00% (Target=0.1)
25-12-21 19:57:46.672 :   -> [Diagnosis] After Patching | PSNR: 22.31dB (+1.00dB)
25-12-21 19:57:46.672 : Batch 24/100: Phase 2 (Refinement)...
25-12-21 19:59:03.761 :   -> Phase 2 Results | PSNR: 21.27dB | LPIPS: 0.1725 | DISTS: 0.1476
25-12-21 19:59:03.761 :   -> Gain vs Phase 1 | PSNR: +1.30dB | LPIPS: -0.0441
25-12-21 19:59:03.973 : --------------------------------------------
25-12-21 19:59:03.991 : Batch 25/100: Phase 1 (Initial Reconstruction)...
25-12-21 20:00:20.519 :   -> Phase 1 Results | PSNR: 21.67dB | LPIPS: 0.2427 | DISTS: 0.1816
25-12-21 20:00:20.537 :   -> [Diagnosis] Init JSCC | PSNR: 23.46dB | LPIPS: 0.3605
25-12-21 20:00:20.537 : Batch 25/100: Processing Pixel-based Retransmission...
25-12-21 20:00:20.544 :   -> Retransmission Ratio: 10.00% (Target=0.1)
25-12-21 20:00:20.561 :   -> [Diagnosis] After Patching | PSNR: 24.05dB (+0.60dB)
25-12-21 20:00:20.562 : Batch 25/100: Phase 2 (Refinement)...
25-12-21 20:01:37.377 :   -> Phase 2 Results | PSNR: 22.48dB | LPIPS: 0.1977 | DISTS: 0.1744
25-12-21 20:01:37.378 :   -> Gain vs Phase 1 | PSNR: +0.81dB | LPIPS: -0.0450
25-12-21 20:01:37.558 : --------------------------------------------
25-12-21 20:01:37.600 : Batch 26/100: Phase 1 (Initial Reconstruction)...
25-12-21 20:02:54.435 :   -> Phase 1 Results | PSNR: 21.09dB | LPIPS: 0.2250 | DISTS: 0.1959
25-12-21 20:02:54.450 :   -> [Diagnosis] Init JSCC | PSNR: 23.48dB | LPIPS: 0.3102
25-12-21 20:02:54.450 : Batch 26/100: Processing Pixel-based Retransmission...
25-12-21 20:02:54.456 :   -> Retransmission Ratio: 10.00% (Target=0.1)
25-12-21 20:02:54.471 :   -> [Diagnosis] After Patching | PSNR: 25.09dB (+1.61dB)
25-12-21 20:02:54.471 : Batch 26/100: Phase 2 (Refinement)...
25-12-21 20:04:11.803 :   -> Phase 2 Results | PSNR: 23.12dB | LPIPS: 0.1850 | DISTS: 0.1573
25-12-21 20:04:11.804 :   -> Gain vs Phase 1 | PSNR: +2.04dB | LPIPS: -0.0400
25-12-21 20:04:12.026 : --------------------------------------------
25-12-21 20:04:12.070 : Batch 27/100: Phase 1 (Initial Reconstruction)...
25-12-21 20:05:28.320 :   -> Phase 1 Results | PSNR: 21.41dB | LPIPS: 0.1130 | DISTS: 0.1512
25-12-21 20:05:28.336 :   -> [Diagnosis] Init JSCC | PSNR: 22.83dB | LPIPS: 0.2267
25-12-21 20:05:28.336 : Batch 27/100: Processing Pixel-based Retransmission...
25-12-21 20:05:28.342 :   -> Retransmission Ratio: 10.00% (Target=0.1)
25-12-21 20:05:28.359 :   -> [Diagnosis] After Patching | PSNR: 23.53dB (+0.70dB)
25-12-21 20:05:28.359 : Batch 27/100: Phase 2 (Refinement)...
25-12-21 20:06:46.009 :   -> Phase 2 Results | PSNR: 22.31dB | LPIPS: 0.1022 | DISTS: 0.1470
25-12-21 20:06:46.009 :   -> Gain vs Phase 1 | PSNR: +0.90dB | LPIPS: -0.0108
25-12-21 20:06:46.212 : --------------------------------------------
25-12-21 20:06:46.260 : Batch 28/100: Phase 1 (Initial Reconstruction)...
25-12-21 20:08:02.459 :   -> Phase 1 Results | PSNR: 24.65dB | LPIPS: 0.1508 | DISTS: 0.1622
25-12-21 20:08:02.477 :   -> [Diagnosis] Init JSCC | PSNR: 27.23dB | LPIPS: 0.3441
25-12-21 20:08:02.477 : Batch 28/100: Processing Pixel-based Retransmission...
25-12-21 20:08:02.484 :   -> Retransmission Ratio: 10.00% (Target=0.1)
25-12-21 20:08:02.502 :   -> [Diagnosis] After Patching | PSNR: 27.96dB (+0.73dB)
25-12-21 20:08:02.502 : Batch 28/100: Phase 2 (Refinement)...
25-12-21 20:09:20.604 :   -> Phase 2 Results | PSNR: 25.78dB | LPIPS: 0.1346 | DISTS: 0.1739
25-12-21 20:09:20.604 :   -> Gain vs Phase 1 | PSNR: +1.12dB | LPIPS: -0.0161
25-12-21 20:09:20.781 : --------------------------------------------
25-12-21 20:09:20.826 : Batch 29/100: Phase 1 (Initial Reconstruction)...
25-12-21 20:10:38.362 :   -> Phase 1 Results | PSNR: 26.84dB | LPIPS: 0.1061 | DISTS: 0.1470
25-12-21 20:10:38.377 :   -> [Diagnosis] Init JSCC | PSNR: 29.09dB | LPIPS: 0.2069
25-12-21 20:10:38.377 : Batch 29/100: Processing Pixel-based Retransmission...
25-12-21 20:10:38.383 :   -> Retransmission Ratio: 10.00% (Target=0.1)
25-12-21 20:10:38.398 :   -> [Diagnosis] After Patching | PSNR: 30.44dB (+1.35dB)
25-12-21 20:10:38.398 : Batch 29/100: Phase 2 (Refinement)...
25-12-21 20:11:56.107 :   -> Phase 2 Results | PSNR: 28.42dB | LPIPS: 0.0628 | DISTS: 0.1237
25-12-21 20:11:56.107 :   -> Gain vs Phase 1 | PSNR: +1.58dB | LPIPS: -0.0433
25-12-21 20:11:56.298 : --------------------------------------------
25-12-21 20:11:56.325 : Batch 30/100: Phase 1 (Initial Reconstruction)...
25-12-21 20:13:12.601 :   -> Phase 1 Results | PSNR: 22.39dB | LPIPS: 0.1279 | DISTS: 0.1320
25-12-21 20:13:12.616 :   -> [Diagnosis] Init JSCC | PSNR: 24.28dB | LPIPS: 0.3112
25-12-21 20:13:12.616 : Batch 30/100: Processing Pixel-based Retransmission...
25-12-21 20:13:12.622 :   -> Retransmission Ratio: 10.00% (Target=0.1)
25-12-21 20:13:12.638 :   -> [Diagnosis] After Patching | PSNR: 25.42dB (+1.13dB)
25-12-21 20:13:12.638 : Batch 30/100: Phase 2 (Refinement)...
25-12-21 20:14:29.511 :   -> Phase 2 Results | PSNR: 23.81dB | LPIPS: 0.1116 | DISTS: 0.1057
25-12-21 20:14:29.511 :   -> Gain vs Phase 1 | PSNR: +1.42dB | LPIPS: -0.0163
25-12-21 20:14:29.720 : --------------------------------------------
25-12-21 20:14:29.759 : Batch 31/100: Phase 1 (Initial Reconstruction)...
25-12-21 20:15:47.033 :   -> Phase 1 Results | PSNR: 24.83dB | LPIPS: 0.1752 | DISTS: 0.1747
25-12-21 20:15:47.048 :   -> [Diagnosis] Init JSCC | PSNR: 27.49dB | LPIPS: 0.2799
25-12-21 20:15:47.048 : Batch 31/100: Processing Pixel-based Retransmission...
25-12-21 20:15:47.054 :   -> Retransmission Ratio: 10.00% (Target=0.1)
25-12-21 20:15:47.069 :   -> [Diagnosis] After Patching | PSNR: 28.38dB (+0.89dB)
25-12-21 20:15:47.070 : Batch 31/100: Phase 2 (Refinement)...
25-12-21 20:17:03.966 :   -> Phase 2 Results | PSNR: 26.01dB | LPIPS: 0.1399 | DISTS: 0.1546
25-12-21 20:17:03.966 :   -> Gain vs Phase 1 | PSNR: +1.17dB | LPIPS: -0.0353
25-12-21 20:17:04.183 : --------------------------------------------
25-12-21 20:17:04.227 : Batch 32/100: Phase 1 (Initial Reconstruction)...
25-12-21 20:18:21.098 :   -> Phase 1 Results | PSNR: 24.31dB | LPIPS: 0.1712 | DISTS: 0.1675
25-12-21 20:18:21.116 :   -> [Diagnosis] Init JSCC | PSNR: 26.29dB | LPIPS: 0.3043
25-12-21 20:18:21.116 : Batch 32/100: Processing Pixel-based Retransmission...
25-12-21 20:18:21.123 :   -> Retransmission Ratio: 10.00% (Target=0.1)
25-12-21 20:18:21.141 :   -> [Diagnosis] After Patching | PSNR: 27.92dB (+1.63dB)
25-12-21 20:18:21.141 : Batch 32/100: Phase 2 (Refinement)...
25-12-21 20:19:37.085 :   -> Phase 2 Results | PSNR: 26.31dB | LPIPS: 0.1737 | DISTS: 0.1523
25-12-21 20:19:37.086 :   -> Gain vs Phase 1 | PSNR: +2.00dB | LPIPS: 0.0025
25-12-21 20:19:37.273 : --------------------------------------------
25-12-21 20:19:37.297 : Batch 33/100: Phase 1 (Initial Reconstruction)...
25-12-21 20:20:53.610 :   -> Phase 1 Results | PSNR: 21.73dB | LPIPS: 0.1777 | DISTS: 0.1678
25-12-21 20:20:53.625 :   -> [Diagnosis] Init JSCC | PSNR: 23.26dB | LPIPS: 0.2847
25-12-21 20:20:53.625 : Batch 33/100: Processing Pixel-based Retransmission...
25-12-21 20:20:53.631 :   -> Retransmission Ratio: 10.00% (Target=0.1)
25-12-21 20:20:53.646 :   -> [Diagnosis] After Patching | PSNR: 24.33dB (+1.06dB)
25-12-21 20:20:53.646 : Batch 33/100: Phase 2 (Refinement)...
25-12-21 20:22:10.522 :   -> Phase 2 Results | PSNR: 22.99dB | LPIPS: 0.1429 | DISTS: 0.1237
25-12-21 20:22:10.522 :   -> Gain vs Phase 1 | PSNR: +1.26dB | LPIPS: -0.0347
25-12-21 20:22:10.698 : --------------------------------------------
25-12-21 20:22:10.724 : Batch 34/100: Phase 1 (Initial Reconstruction)...
25-12-21 20:23:27.897 :   -> Phase 1 Results | PSNR: 21.99dB | LPIPS: 0.2111 | DISTS: 0.1517
25-12-21 20:23:27.913 :   -> [Diagnosis] Init JSCC | PSNR: 24.45dB | LPIPS: 0.3823
25-12-21 20:23:27.913 : Batch 34/100: Processing Pixel-based Retransmission...
25-12-21 20:23:27.919 :   -> Retransmission Ratio: 10.00% (Target=0.1)
25-12-21 20:23:27.933 :   -> [Diagnosis] After Patching | PSNR: 25.25dB (+0.80dB)
25-12-21 20:23:27.933 : Batch 34/100: Phase 2 (Refinement)...
25-12-21 20:24:44.190 :   -> Phase 2 Results | PSNR: 23.16dB | LPIPS: 0.2233 | DISTS: 0.1436
25-12-21 20:24:44.190 :   -> Gain vs Phase 1 | PSNR: +1.17dB | LPIPS: 0.0122
25-12-21 20:24:44.367 : --------------------------------------------
25-12-21 20:24:44.396 : Batch 35/100: Phase 1 (Initial Reconstruction)...
25-12-21 20:26:03.494 :   -> Phase 1 Results | PSNR: 20.62dB | LPIPS: 0.2647 | DISTS: 0.2052
25-12-21 20:26:03.512 :   -> [Diagnosis] Init JSCC | PSNR: 23.29dB | LPIPS: 0.3650
25-12-21 20:26:03.512 : Batch 35/100: Processing Pixel-based Retransmission...
25-12-21 20:26:03.519 :   -> Retransmission Ratio: 10.00% (Target=0.1)
25-12-21 20:26:03.537 :   -> [Diagnosis] After Patching | PSNR: 24.57dB (+1.28dB)
25-12-21 20:26:03.537 : Batch 35/100: Phase 2 (Refinement)...
25-12-21 20:27:20.436 :   -> Phase 2 Results | PSNR: 22.16dB | LPIPS: 0.2042 | DISTS: 0.1339
25-12-21 20:27:20.436 :   -> Gain vs Phase 1 | PSNR: +1.53dB | LPIPS: -0.0604
25-12-21 20:27:20.638 : --------------------------------------------
25-12-21 20:27:20.664 : Batch 36/100: Phase 1 (Initial Reconstruction)...
25-12-21 20:28:38.495 :   -> Phase 1 Results | PSNR: 24.83dB | LPIPS: 0.1497 | DISTS: 0.1316
25-12-21 20:28:38.510 :   -> [Diagnosis] Init JSCC | PSNR: 27.46dB | LPIPS: 0.2291
25-12-21 20:28:38.510 : Batch 36/100: Processing Pixel-based Retransmission...
25-12-21 20:28:38.516 :   -> Retransmission Ratio: 10.00% (Target=0.1)
25-12-21 20:28:38.531 :   -> [Diagnosis] After Patching | PSNR: 28.14dB (+0.68dB)
25-12-21 20:28:38.532 : Batch 36/100: Phase 2 (Refinement)...
25-12-21 20:29:55.858 :   -> Phase 2 Results | PSNR: 25.79dB | LPIPS: 0.1302 | DISTS: 0.1270
25-12-21 20:29:55.858 :   -> Gain vs Phase 1 | PSNR: +0.96dB | LPIPS: -0.0195
25-12-21 20:29:56.071 : --------------------------------------------
25-12-21 20:29:56.097 : Batch 37/100: Phase 1 (Initial Reconstruction)...
25-12-21 20:31:13.107 :   -> Phase 1 Results | PSNR: 22.92dB | LPIPS: 0.1886 | DISTS: 0.1517
25-12-21 20:31:13.122 :   -> [Diagnosis] Init JSCC | PSNR: 25.09dB | LPIPS: 0.3100
25-12-21 20:31:13.122 : Batch 37/100: Processing Pixel-based Retransmission...
25-12-21 20:31:13.129 :   -> Retransmission Ratio: 10.00% (Target=0.1)
25-12-21 20:31:13.144 :   -> [Diagnosis] After Patching | PSNR: 26.03dB (+0.94dB)
25-12-21 20:31:13.144 : Batch 37/100: Phase 2 (Refinement)...
25-12-21 20:32:29.066 :   -> Phase 2 Results | PSNR: 24.34dB | LPIPS: 0.1567 | DISTS: 0.1342
25-12-21 20:32:29.066 :   -> Gain vs Phase 1 | PSNR: +1.41dB | LPIPS: -0.0319
25-12-21 20:32:29.265 : --------------------------------------------
25-12-21 20:32:29.292 : Batch 38/100: Phase 1 (Initial Reconstruction)...
25-12-21 20:33:46.494 :   -> Phase 1 Results | PSNR: 20.91dB | LPIPS: 0.1586 | DISTS: 0.1573
25-12-21 20:33:46.510 :   -> [Diagnosis] Init JSCC | PSNR: 22.73dB | LPIPS: 0.2187
25-12-21 20:33:46.510 : Batch 38/100: Processing Pixel-based Retransmission...
25-12-21 20:33:46.516 :   -> Retransmission Ratio: 10.00% (Target=0.1)
25-12-21 20:33:46.530 :   -> [Diagnosis] After Patching | PSNR: 23.92dB (+1.19dB)
25-12-21 20:33:46.530 : Batch 38/100: Phase 2 (Refinement)...
25-12-21 20:35:03.860 :   -> Phase 2 Results | PSNR: 22.27dB | LPIPS: 0.1357 | DISTS: 0.1340
25-12-21 20:35:03.860 :   -> Gain vs Phase 1 | PSNR: +1.35dB | LPIPS: -0.0228
25-12-21 20:35:04.062 : --------------------------------------------
25-12-21 20:35:04.091 : Batch 39/100: Phase 1 (Initial Reconstruction)...
25-12-21 20:36:19.852 :   -> Phase 1 Results | PSNR: 24.11dB | LPIPS: 0.1999 | DISTS: 0.1752
25-12-21 20:36:19.868 :   -> [Diagnosis] Init JSCC | PSNR: 26.12dB | LPIPS: 0.3322
25-12-21 20:36:19.868 : Batch 39/100: Processing Pixel-based Retransmission...
25-12-21 20:36:19.874 :   -> Retransmission Ratio: 10.00% (Target=0.1)
25-12-21 20:36:19.890 :   -> [Diagnosis] After Patching | PSNR: 27.20dB (+1.08dB)
25-12-21 20:36:19.890 : Batch 39/100: Phase 2 (Refinement)...
25-12-21 20:37:36.624 :   -> Phase 2 Results | PSNR: 25.80dB | LPIPS: 0.1534 | DISTS: 0.1403
25-12-21 20:37:36.625 :   -> Gain vs Phase 1 | PSNR: +1.70dB | LPIPS: -0.0465
25-12-21 20:37:36.837 : --------------------------------------------
25-12-21 20:37:36.863 : Batch 40/100: Phase 1 (Initial Reconstruction)...
25-12-21 20:38:53.560 :   -> Phase 1 Results | PSNR: 23.80dB | LPIPS: 0.1552 | DISTS: 0.1453
25-12-21 20:38:53.576 :   -> [Diagnosis] Init JSCC | PSNR: 26.13dB | LPIPS: 0.3354
25-12-21 20:38:53.576 : Batch 40/100: Processing Pixel-based Retransmission...
25-12-21 20:38:53.582 :   -> Retransmission Ratio: 10.00% (Target=0.1)
25-12-21 20:38:53.596 :   -> [Diagnosis] After Patching | PSNR: 27.25dB (+1.12dB)
25-12-21 20:38:53.596 : Batch 40/100: Phase 2 (Refinement)...
25-12-21 20:40:09.519 :   -> Phase 2 Results | PSNR: 25.28dB | LPIPS: 0.1224 | DISTS: 0.1196
25-12-21 20:40:09.519 :   -> Gain vs Phase 1 | PSNR: +1.48dB | LPIPS: -0.0329
25-12-21 20:40:09.720 : --------------------------------------------
25-12-21 20:40:09.766 : Batch 41/100: Phase 1 (Initial Reconstruction)...
25-12-21 20:41:27.302 :   -> Phase 1 Results | PSNR: 21.98dB | LPIPS: 0.1658 | DISTS: 0.1616
25-12-21 20:41:27.316 :   -> [Diagnosis] Init JSCC | PSNR: 23.39dB | LPIPS: 0.2628
25-12-21 20:41:27.317 : Batch 41/100: Processing Pixel-based Retransmission...
25-12-21 20:41:27.322 :   -> Retransmission Ratio: 10.00% (Target=0.1)
25-12-21 20:41:27.337 :   -> [Diagnosis] After Patching | PSNR: 24.44dB (+1.05dB)
25-12-21 20:41:27.338 : Batch 41/100: Phase 2 (Refinement)...
25-12-21 20:42:43.370 :   -> Phase 2 Results | PSNR: 23.30dB | LPIPS: 0.1501 | DISTS: 0.1370
25-12-21 20:42:43.371 :   -> Gain vs Phase 1 | PSNR: +1.32dB | LPIPS: -0.0157
25-12-21 20:42:43.566 : --------------------------------------------
25-12-21 20:42:43.591 : Batch 42/100: Phase 1 (Initial Reconstruction)...
25-12-21 20:44:00.118 :   -> Phase 1 Results | PSNR: 23.84dB | LPIPS: 0.1951 | DISTS: 0.1659
25-12-21 20:44:00.134 :   -> [Diagnosis] Init JSCC | PSNR: 26.35dB | LPIPS: 0.2648
25-12-21 20:44:00.134 : Batch 42/100: Processing Pixel-based Retransmission...
25-12-21 20:44:00.140 :   -> Retransmission Ratio: 10.00% (Target=0.1)
25-12-21 20:44:00.155 :   -> [Diagnosis] After Patching | PSNR: 27.00dB (+0.65dB)
25-12-21 20:44:00.155 : Batch 42/100: Phase 2 (Refinement)...
25-12-21 20:45:15.669 :   -> Phase 2 Results | PSNR: 24.74dB | LPIPS: 0.1521 | DISTS: 0.1336
25-12-21 20:45:15.670 :   -> Gain vs Phase 1 | PSNR: +0.90dB | LPIPS: -0.0430
25-12-21 20:45:15.859 : --------------------------------------------
25-12-21 20:45:15.901 : Batch 43/100: Phase 1 (Initial Reconstruction)...
25-12-21 20:46:31.678 :   -> Phase 1 Results | PSNR: 20.51dB | LPIPS: 0.1787 | DISTS: 0.1471
25-12-21 20:46:31.693 :   -> [Diagnosis] Init JSCC | PSNR: 22.77dB | LPIPS: 0.2958
25-12-21 20:46:31.693 : Batch 43/100: Processing Pixel-based Retransmission...
25-12-21 20:46:31.698 :   -> Retransmission Ratio: 10.00% (Target=0.1)
25-12-21 20:46:31.713 :   -> [Diagnosis] After Patching | PSNR: 23.48dB (+0.70dB)
25-12-21 20:46:31.714 : Batch 43/100: Phase 2 (Refinement)...
25-12-21 20:47:48.098 :   -> Phase 2 Results | PSNR: 21.28dB | LPIPS: 0.1679 | DISTS: 0.1508
25-12-21 20:47:48.099 :   -> Gain vs Phase 1 | PSNR: +0.77dB | LPIPS: -0.0108
25-12-21 20:47:48.299 : --------------------------------------------
25-12-21 20:47:48.333 : Batch 44/100: Phase 1 (Initial Reconstruction)...
25-12-21 20:49:03.807 :   -> Phase 1 Results | PSNR: 23.05dB | LPIPS: 0.2014 | DISTS: 0.1956
25-12-21 20:49:03.822 :   -> [Diagnosis] Init JSCC | PSNR: 25.19dB | LPIPS: 0.3793
25-12-21 20:49:03.822 : Batch 44/100: Processing Pixel-based Retransmission...
25-12-21 20:49:03.828 :   -> Retransmission Ratio: 10.00% (Target=0.1)
25-12-21 20:49:03.845 :   -> [Diagnosis] After Patching | PSNR: 25.93dB (+0.74dB)
25-12-21 20:49:03.845 : Batch 44/100: Phase 2 (Refinement)...
25-12-21 20:50:20.089 :   -> Phase 2 Results | PSNR: 24.09dB | LPIPS: 0.2044 | DISTS: 0.1597
25-12-21 20:50:20.089 :   -> Gain vs Phase 1 | PSNR: +1.05dB | LPIPS: 0.0031
25-12-21 20:50:20.272 : --------------------------------------------
25-12-21 20:50:20.300 : Batch 45/100: Phase 1 (Initial Reconstruction)...
25-12-21 20:51:37.202 :   -> Phase 1 Results | PSNR: 23.67dB | LPIPS: 0.1451 | DISTS: 0.1645
25-12-21 20:51:37.218 :   -> [Diagnosis] Init JSCC | PSNR: 25.16dB | LPIPS: 0.2878
25-12-21 20:51:37.218 : Batch 45/100: Processing Pixel-based Retransmission...
25-12-21 20:51:37.224 :   -> Retransmission Ratio: 10.00% (Target=0.1)
25-12-21 20:51:37.239 :   -> [Diagnosis] After Patching | PSNR: 26.14dB (+0.98dB)
25-12-21 20:51:37.240 : Batch 45/100: Phase 2 (Refinement)...
25-12-21 20:52:54.809 :   -> Phase 2 Results | PSNR: 24.72dB | LPIPS: 0.1338 | DISTS: 0.1539
25-12-21 20:52:54.809 :   -> Gain vs Phase 1 | PSNR: +1.05dB | LPIPS: -0.0112
25-12-21 20:52:55.026 : --------------------------------------------
25-12-21 20:52:55.066 : Batch 46/100: Phase 1 (Initial Reconstruction)...
25-12-21 20:54:10.593 :   -> Phase 1 Results | PSNR: 23.33dB | LPIPS: 0.1766 | DISTS: 0.1784
25-12-21 20:54:10.608 :   -> [Diagnosis] Init JSCC | PSNR: 25.44dB | LPIPS: 0.2388
25-12-21 20:54:10.609 : Batch 46/100: Processing Pixel-based Retransmission...
25-12-21 20:54:10.614 :   -> Retransmission Ratio: 10.00% (Target=0.1)
25-12-21 20:54:10.629 :   -> [Diagnosis] After Patching | PSNR: 27.92dB (+2.48dB)
25-12-21 20:54:10.629 : Batch 46/100: Phase 2 (Refinement)...
25-12-21 20:55:26.621 :   -> Phase 2 Results | PSNR: 25.83dB | LPIPS: 0.1391 | DISTS: 0.1331
25-12-21 20:55:26.621 :   -> Gain vs Phase 1 | PSNR: +2.51dB | LPIPS: -0.0375
25-12-21 20:55:26.809 : --------------------------------------------
25-12-21 20:55:26.834 : Batch 47/100: Phase 1 (Initial Reconstruction)...
25-12-21 20:56:42.009 :   -> Phase 1 Results | PSNR: 20.94dB | LPIPS: 0.2463 | DISTS: 0.2127
25-12-21 20:56:42.024 :   -> [Diagnosis] Init JSCC | PSNR: 23.55dB | LPIPS: 0.2772
25-12-21 20:56:42.024 : Batch 47/100: Processing Pixel-based Retransmission...
25-12-21 20:56:42.030 :   -> Retransmission Ratio: 10.00% (Target=0.1)
25-12-21 20:56:42.045 :   -> [Diagnosis] After Patching | PSNR: 24.46dB (+0.91dB)
25-12-21 20:56:42.045 : Batch 47/100: Phase 2 (Refinement)...
25-12-21 20:57:57.267 :   -> Phase 2 Results | PSNR: 22.20dB | LPIPS: 0.2005 | DISTS: 0.1856
25-12-21 20:57:57.267 :   -> Gain vs Phase 1 | PSNR: +1.26dB | LPIPS: -0.0458
25-12-21 20:57:57.439 : --------------------------------------------
25-12-21 20:57:57.473 : Batch 48/100: Phase 1 (Initial Reconstruction)...
25-12-21 20:59:12.305 :   -> Phase 1 Results | PSNR: 19.99dB | LPIPS: 0.2309 | DISTS: 0.1835
25-12-21 20:59:12.320 :   -> [Diagnosis] Init JSCC | PSNR: 21.91dB | LPIPS: 0.3784
25-12-21 20:59:12.320 : Batch 48/100: Processing Pixel-based Retransmission...
25-12-21 20:59:12.326 :   -> Retransmission Ratio: 10.00% (Target=0.1)
25-12-21 20:59:12.340 :   -> [Diagnosis] After Patching | PSNR: 23.05dB (+1.15dB)
25-12-21 20:59:12.340 : Batch 48/100: Phase 2 (Refinement)...
25-12-21 21:00:29.044 :   -> Phase 2 Results | PSNR: 21.25dB | LPIPS: 0.1935 | DISTS: 0.1460
25-12-21 21:00:29.044 :   -> Gain vs Phase 1 | PSNR: +1.26dB | LPIPS: -0.0374
25-12-21 21:00:29.221 : --------------------------------------------
25-12-21 21:00:29.249 : Batch 49/100: Phase 1 (Initial Reconstruction)...
25-12-21 21:01:44.710 :   -> Phase 1 Results | PSNR: 21.68dB | LPIPS: 0.2099 | DISTS: 0.1716
25-12-21 21:01:44.725 :   -> [Diagnosis] Init JSCC | PSNR: 23.85dB | LPIPS: 0.3062
25-12-21 21:01:44.726 : Batch 49/100: Processing Pixel-based Retransmission...
25-12-21 21:01:44.731 :   -> Retransmission Ratio: 10.00% (Target=0.1)
25-12-21 21:01:44.746 :   -> [Diagnosis] After Patching | PSNR: 24.76dB (+0.91dB)
25-12-21 21:01:44.746 : Batch 49/100: Phase 2 (Refinement)...
25-12-21 21:03:00.362 :   -> Phase 2 Results | PSNR: 22.77dB | LPIPS: 0.1697 | DISTS: 0.1483
25-12-21 21:03:00.362 :   -> Gain vs Phase 1 | PSNR: +1.09dB | LPIPS: -0.0401
25-12-21 21:03:00.540 : --------------------------------------------
25-12-21 21:03:00.581 : Batch 50/100: Phase 1 (Initial Reconstruction)...
25-12-21 21:04:15.914 :   -> Phase 1 Results | PSNR: 19.88dB | LPIPS: 0.2389 | DISTS: 0.1754
25-12-21 21:04:15.929 :   -> [Diagnosis] Init JSCC | PSNR: 21.43dB | LPIPS: 0.3448
25-12-21 21:04:15.929 : Batch 50/100: Processing Pixel-based Retransmission...
25-12-21 21:04:15.935 :   -> Retransmission Ratio: 10.00% (Target=0.1)
25-12-21 21:04:15.950 :   -> [Diagnosis] After Patching | PSNR: 22.21dB (+0.78dB)
25-12-21 21:04:15.950 : Batch 50/100: Phase 2 (Refinement)...
25-12-21 21:05:30.986 :   -> Phase 2 Results | PSNR: 20.78dB | LPIPS: 0.2250 | DISTS: 0.1959
25-12-21 21:05:30.986 :   -> Gain vs Phase 1 | PSNR: +0.90dB | LPIPS: -0.0139
25-12-21 21:05:31.162 : --------------------------------------------
25-12-21 21:05:31.179 : Batch 51/100: Phase 1 (Initial Reconstruction)...
25-12-21 21:06:47.747 :   -> Phase 1 Results | PSNR: 25.09dB | LPIPS: 0.2282 | DISTS: 0.1839
25-12-21 21:06:47.765 :   -> [Diagnosis] Init JSCC | PSNR: 27.30dB | LPIPS: 0.3417
25-12-21 21:06:47.765 : Batch 51/100: Processing Pixel-based Retransmission...
25-12-21 21:06:47.771 :   -> Retransmission Ratio: 10.00% (Target=0.1)
25-12-21 21:06:47.789 :   -> [Diagnosis] After Patching | PSNR: 28.51dB (+1.21dB)
25-12-21 21:06:47.789 : Batch 51/100: Phase 2 (Refinement)...
25-12-21 21:08:03.640 :   -> Phase 2 Results | PSNR: 26.72dB | LPIPS: 0.1686 | DISTS: 0.1487
25-12-21 21:08:03.640 :   -> Gain vs Phase 1 | PSNR: +1.63dB | LPIPS: -0.0596
25-12-21 21:08:03.826 : --------------------------------------------
25-12-21 21:08:03.852 : Batch 52/100: Phase 1 (Initial Reconstruction)...
25-12-21 21:09:18.829 :   -> Phase 1 Results | PSNR: 21.50dB | LPIPS: 0.1679 | DISTS: 0.1390
25-12-21 21:09:18.844 :   -> [Diagnosis] Init JSCC | PSNR: 23.90dB | LPIPS: 0.2907
25-12-21 21:09:18.844 : Batch 52/100: Processing Pixel-based Retransmission...
25-12-21 21:09:18.849 :   -> Retransmission Ratio: 10.00% (Target=0.1)
25-12-21 21:09:18.864 :   -> [Diagnosis] After Patching | PSNR: 24.97dB (+1.07dB)
25-12-21 21:09:18.864 : Batch 52/100: Phase 2 (Refinement)...
25-12-21 21:10:34.459 :   -> Phase 2 Results | PSNR: 23.01dB | LPIPS: 0.1304 | DISTS: 0.1137
25-12-21 21:10:34.460 :   -> Gain vs Phase 1 | PSNR: +1.51dB | LPIPS: -0.0375
25-12-21 21:10:34.640 : --------------------------------------------
25-12-21 21:10:34.666 : Batch 53/100: Phase 1 (Initial Reconstruction)...
25-12-21 21:11:49.104 :   -> Phase 1 Results | PSNR: 22.54dB | LPIPS: 0.2075 | DISTS: 0.1662
25-12-21 21:11:49.119 :   -> [Diagnosis] Init JSCC | PSNR: 24.84dB | LPIPS: 0.3867
25-12-21 21:11:49.120 : Batch 53/100: Processing Pixel-based Retransmission...
25-12-21 21:11:49.125 :   -> Retransmission Ratio: 10.00% (Target=0.1)
25-12-21 21:11:49.140 :   -> [Diagnosis] After Patching | PSNR: 25.83dB (+0.99dB)
25-12-21 21:11:49.140 : Batch 53/100: Phase 2 (Refinement)...
25-12-21 21:13:05.275 :   -> Phase 2 Results | PSNR: 23.87dB | LPIPS: 0.1629 | DISTS: 0.1461
25-12-21 21:13:05.276 :   -> Gain vs Phase 1 | PSNR: +1.33dB | LPIPS: -0.0447
25-12-21 21:13:05.472 : --------------------------------------------
25-12-21 21:13:05.506 : Batch 54/100: Phase 1 (Initial Reconstruction)...
25-12-21 21:14:22.007 :   -> Phase 1 Results | PSNR: 22.33dB | LPIPS: 0.1745 | DISTS: 0.1220
25-12-21 21:14:22.025 :   -> [Diagnosis] Init JSCC | PSNR: 24.49dB | LPIPS: 0.3263
25-12-21 21:14:22.025 : Batch 54/100: Processing Pixel-based Retransmission...
25-12-21 21:14:22.031 :   -> Retransmission Ratio: 10.00% (Target=0.1)
25-12-21 21:14:22.049 :   -> [Diagnosis] After Patching | PSNR: 25.55dB (+1.06dB)
25-12-21 21:14:22.049 : Batch 54/100: Phase 2 (Refinement)...
25-12-21 21:15:36.471 :   -> Phase 2 Results | PSNR: 23.81dB | LPIPS: 0.1363 | DISTS: 0.1292
25-12-21 21:15:36.471 :   -> Gain vs Phase 1 | PSNR: +1.48dB | LPIPS: -0.0382
25-12-21 21:15:36.660 : --------------------------------------------
25-12-21 21:15:36.686 : Batch 55/100: Phase 1 (Initial Reconstruction)...
25-12-21 21:16:51.476 :   -> Phase 1 Results | PSNR: 22.27dB | LPIPS: 0.2551 | DISTS: 0.1676
25-12-21 21:16:51.492 :   -> [Diagnosis] Init JSCC | PSNR: 24.83dB | LPIPS: 0.3633
25-12-21 21:16:51.492 : Batch 55/100: Processing Pixel-based Retransmission...
25-12-21 21:16:51.498 :   -> Retransmission Ratio: 10.00% (Target=0.1)
25-12-21 21:16:51.513 :   -> [Diagnosis] After Patching | PSNR: 25.63dB (+0.79dB)
25-12-21 21:16:51.513 : Batch 55/100: Phase 2 (Refinement)...
25-12-21 21:18:06.267 :   -> Phase 2 Results | PSNR: 23.29dB | LPIPS: 0.2300 | DISTS: 0.1665
25-12-21 21:18:06.267 :   -> Gain vs Phase 1 | PSNR: +1.02dB | LPIPS: -0.0251
25-12-21 21:18:06.440 : --------------------------------------------
25-12-21 21:18:06.474 : Batch 56/100: Phase 1 (Initial Reconstruction)...
25-12-21 21:19:21.730 :   -> Phase 1 Results | PSNR: 20.36dB | LPIPS: 0.1777 | DISTS: 0.1712
25-12-21 21:19:21.746 :   -> [Diagnosis] Init JSCC | PSNR: 22.28dB | LPIPS: 0.2693
25-12-21 21:19:21.746 : Batch 56/100: Processing Pixel-based Retransmission...
25-12-21 21:19:21.752 :   -> Retransmission Ratio: 10.00% (Target=0.1)
25-12-21 21:19:21.767 :   -> [Diagnosis] After Patching | PSNR: 23.45dB (+1.17dB)
25-12-21 21:19:21.767 : Batch 56/100: Phase 2 (Refinement)...
25-12-21 21:20:36.785 :   -> Phase 2 Results | PSNR: 21.53dB | LPIPS: 0.1374 | DISTS: 0.1444
25-12-21 21:20:36.785 :   -> Gain vs Phase 1 | PSNR: +1.17dB | LPIPS: -0.0403
25-12-21 21:20:36.968 : --------------------------------------------
25-12-21 21:20:37.001 : Batch 57/100: Phase 1 (Initial Reconstruction)...
25-12-21 21:21:52.013 :   -> Phase 1 Results | PSNR: 22.13dB | LPIPS: 0.1840 | DISTS: 0.1666
25-12-21 21:21:52.028 :   -> [Diagnosis] Init JSCC | PSNR: 24.03dB | LPIPS: 0.3244
25-12-21 21:21:52.028 : Batch 57/100: Processing Pixel-based Retransmission...
25-12-21 21:21:52.034 :   -> Retransmission Ratio: 10.00% (Target=0.1)
25-12-21 21:21:52.050 :   -> [Diagnosis] After Patching | PSNR: 25.08dB (+1.05dB)
25-12-21 21:21:52.050 : Batch 57/100: Phase 2 (Refinement)...
25-12-21 21:23:06.995 :   -> Phase 2 Results | PSNR: 23.35dB | LPIPS: 0.1615 | DISTS: 0.1353
25-12-21 21:23:06.995 :   -> Gain vs Phase 1 | PSNR: +1.21dB | LPIPS: -0.0225
25-12-21 21:23:07.173 : --------------------------------------------
25-12-21 21:23:07.215 : Batch 58/100: Phase 1 (Initial Reconstruction)...
25-12-21 21:24:22.069 :   -> Phase 1 Results | PSNR: 22.15dB | LPIPS: 0.1776 | DISTS: 0.1886
25-12-21 21:24:22.084 :   -> [Diagnosis] Init JSCC | PSNR: 24.16dB | LPIPS: 0.2782
25-12-21 21:24:22.085 : Batch 58/100: Processing Pixel-based Retransmission...
25-12-21 21:24:22.090 :   -> Retransmission Ratio: 10.00% (Target=0.1)
25-12-21 21:24:22.105 :   -> [Diagnosis] After Patching | PSNR: 25.40dB (+1.24dB)
25-12-21 21:24:22.106 : Batch 58/100: Phase 2 (Refinement)...
25-12-21 21:25:36.950 :   -> Phase 2 Results | PSNR: 23.74dB | LPIPS: 0.1498 | DISTS: 0.1455
25-12-21 21:25:36.951 :   -> Gain vs Phase 1 | PSNR: +1.59dB | LPIPS: -0.0278
25-12-21 21:25:37.132 : --------------------------------------------
25-12-21 21:25:37.167 : Batch 59/100: Phase 1 (Initial Reconstruction)...
25-12-21 21:26:52.167 :   -> Phase 1 Results | PSNR: 22.95dB | LPIPS: 0.2054 | DISTS: 0.1623
25-12-21 21:26:52.182 :   -> [Diagnosis] Init JSCC | PSNR: 25.01dB | LPIPS: 0.3718
25-12-21 21:26:52.182 : Batch 59/100: Processing Pixel-based Retransmission...
25-12-21 21:26:52.188 :   -> Retransmission Ratio: 10.00% (Target=0.1)
25-12-21 21:26:52.203 :   -> [Diagnosis] After Patching | PSNR: 26.05dB (+1.04dB)
25-12-21 21:26:52.203 : Batch 59/100: Phase 2 (Refinement)...
25-12-21 21:28:07.323 :   -> Phase 2 Results | PSNR: 24.19dB | LPIPS: 0.1392 | DISTS: 0.1527
25-12-21 21:28:07.323 :   -> Gain vs Phase 1 | PSNR: +1.24dB | LPIPS: -0.0661
25-12-21 21:28:07.505 : --------------------------------------------
25-12-21 21:28:07.532 : Batch 60/100: Phase 1 (Initial Reconstruction)...
25-12-21 21:29:22.625 :   -> Phase 1 Results | PSNR: 22.99dB | LPIPS: 0.1607 | DISTS: 0.1431
25-12-21 21:29:22.640 :   -> [Diagnosis] Init JSCC | PSNR: 25.19dB | LPIPS: 0.3317
25-12-21 21:29:22.640 : Batch 60/100: Processing Pixel-based Retransmission...
25-12-21 21:29:22.646 :   -> Retransmission Ratio: 10.00% (Target=0.1)
25-12-21 21:29:22.662 :   -> [Diagnosis] After Patching | PSNR: 26.06dB (+0.87dB)
25-12-21 21:29:22.662 : Batch 60/100: Phase 2 (Refinement)...
25-12-21 21:30:37.673 :   -> Phase 2 Results | PSNR: 24.09dB | LPIPS: 0.1384 | DISTS: 0.1225
25-12-21 21:30:37.674 :   -> Gain vs Phase 1 | PSNR: +1.10dB | LPIPS: -0.0223
25-12-21 21:30:37.863 : --------------------------------------------
25-12-21 21:30:37.904 : Batch 61/100: Phase 1 (Initial Reconstruction)...
25-12-21 21:31:53.304 :   -> Phase 1 Results | PSNR: 21.86dB | LPIPS: 0.2078 | DISTS: 0.2029
25-12-21 21:31:53.320 :   -> [Diagnosis] Init JSCC | PSNR: 23.88dB | LPIPS: 0.3454
25-12-21 21:31:53.320 : Batch 61/100: Processing Pixel-based Retransmission...
25-12-21 21:31:53.326 :   -> Retransmission Ratio: 10.00% (Target=0.1)
25-12-21 21:31:53.342 :   -> [Diagnosis] After Patching | PSNR: 24.83dB (+0.95dB)
25-12-21 21:31:53.342 : Batch 61/100: Phase 2 (Refinement)...
25-12-21 21:33:08.294 :   -> Phase 2 Results | PSNR: 23.30dB | LPIPS: 0.1827 | DISTS: 0.1554
25-12-21 21:33:08.294 :   -> Gain vs Phase 1 | PSNR: +1.44dB | LPIPS: -0.0251
25-12-21 21:33:08.474 : --------------------------------------------
25-12-21 21:33:08.509 : Batch 62/100: Phase 1 (Initial Reconstruction)...
25-12-21 21:34:23.704 :   -> Phase 1 Results | PSNR: 24.37dB | LPIPS: 0.2176 | DISTS: 0.1791
25-12-21 21:34:23.720 :   -> [Diagnosis] Init JSCC | PSNR: 26.33dB | LPIPS: 0.3249
25-12-21 21:34:23.720 : Batch 62/100: Processing Pixel-based Retransmission...
25-12-21 21:34:23.726 :   -> Retransmission Ratio: 10.00% (Target=0.1)
25-12-21 21:34:23.742 :   -> [Diagnosis] After Patching | PSNR: 27.05dB (+0.71dB)
25-12-21 21:34:23.743 : Batch 62/100: Phase 2 (Refinement)...
25-12-21 21:35:40.690 :   -> Phase 2 Results | PSNR: 25.49dB | LPIPS: 0.1820 | DISTS: 0.1599
25-12-21 21:35:40.691 :   -> Gain vs Phase 1 | PSNR: +1.12dB | LPIPS: -0.0356
25-12-21 21:35:40.878 : --------------------------------------------
25-12-21 21:35:40.913 : Batch 63/100: Phase 1 (Initial Reconstruction)...
25-12-21 21:36:55.869 :   -> Phase 1 Results | PSNR: 23.91dB | LPIPS: 0.2203 | DISTS: 0.1733
25-12-21 21:36:55.884 :   -> [Diagnosis] Init JSCC | PSNR: 26.47dB | LPIPS: 0.2908
25-12-21 21:36:55.884 : Batch 63/100: Processing Pixel-based Retransmission...
25-12-21 21:36:55.890 :   -> Retransmission Ratio: 10.00% (Target=0.1)
25-12-21 21:36:55.905 :   -> [Diagnosis] After Patching | PSNR: 27.51dB (+1.03dB)
25-12-21 21:36:55.905 : Batch 63/100: Phase 2 (Refinement)...
25-12-21 21:38:11.852 :   -> Phase 2 Results | PSNR: 25.48dB | LPIPS: 0.1691 | DISTS: 0.1424
25-12-21 21:38:11.853 :   -> Gain vs Phase 1 | PSNR: +1.57dB | LPIPS: -0.0513
25-12-21 21:38:12.043 : --------------------------------------------
25-12-21 21:38:12.085 : Batch 64/100: Phase 1 (Initial Reconstruction)...
25-12-21 21:39:28.487 :   -> Phase 1 Results | PSNR: 20.50dB | LPIPS: 0.1831 | DISTS: 0.1700
25-12-21 21:39:28.503 :   -> [Diagnosis] Init JSCC | PSNR: 22.28dB | LPIPS: 0.2616
25-12-21 21:39:28.503 : Batch 64/100: Processing Pixel-based Retransmission...
25-12-21 21:39:28.509 :   -> Retransmission Ratio: 10.00% (Target=0.1)
25-12-21 21:39:28.523 :   -> [Diagnosis] After Patching | PSNR: 23.31dB (+1.04dB)
25-12-21 21:39:28.524 : Batch 64/100: Phase 2 (Refinement)...
25-12-21 21:40:45.081 :   -> Phase 2 Results | PSNR: 21.73dB | LPIPS: 0.1565 | DISTS: 0.1464
25-12-21 21:40:45.081 :   -> Gain vs Phase 1 | PSNR: +1.23dB | LPIPS: -0.0265
25-12-21 21:40:45.258 : --------------------------------------------
25-12-21 21:40:45.276 : Batch 65/100: Phase 1 (Initial Reconstruction)...
25-12-21 21:42:00.981 :   -> Phase 1 Results | PSNR: 23.43dB | LPIPS: 0.1876 | DISTS: 0.1397
25-12-21 21:42:00.996 :   -> [Diagnosis] Init JSCC | PSNR: 25.39dB | LPIPS: 0.3510
25-12-21 21:42:00.996 : Batch 65/100: Processing Pixel-based Retransmission...
25-12-21 21:42:01.002 :   -> Retransmission Ratio: 10.00% (Target=0.1)
25-12-21 21:42:01.017 :   -> [Diagnosis] After Patching | PSNR: 26.52dB (+1.13dB)
25-12-21 21:42:01.017 : Batch 65/100: Phase 2 (Refinement)...
25-12-21 21:43:16.821 :   -> Phase 2 Results | PSNR: 24.87dB | LPIPS: 0.1493 | DISTS: 0.1138
25-12-21 21:43:16.821 :   -> Gain vs Phase 1 | PSNR: +1.45dB | LPIPS: -0.0383
25-12-21 21:43:17.017 : --------------------------------------------
25-12-21 21:43:17.046 : Batch 66/100: Phase 1 (Initial Reconstruction)...
25-12-21 21:44:33.494 :   -> Phase 1 Results | PSNR: 23.30dB | LPIPS: 0.1611 | DISTS: 0.1460
25-12-21 21:44:33.517 :   -> [Diagnosis] Init JSCC | PSNR: 25.25dB | LPIPS: 0.2952
25-12-21 21:44:33.517 : Batch 66/100: Processing Pixel-based Retransmission...
25-12-21 21:44:33.525 :   -> Retransmission Ratio: 10.00% (Target=0.1)
25-12-21 21:44:33.548 :   -> [Diagnosis] After Patching | PSNR: 26.10dB (+0.86dB)
25-12-21 21:44:33.548 : Batch 66/100: Phase 2 (Refinement)...
25-12-21 21:45:48.969 :   -> Phase 2 Results | PSNR: 24.44dB | LPIPS: 0.1554 | DISTS: 0.1449
25-12-21 21:45:48.969 :   -> Gain vs Phase 1 | PSNR: +1.14dB | LPIPS: -0.0058
25-12-21 21:45:49.154 : --------------------------------------------
25-12-21 21:45:49.179 : Batch 67/100: Phase 1 (Initial Reconstruction)...
25-12-21 21:47:06.633 :   -> Phase 1 Results | PSNR: 23.12dB | LPIPS: 0.1913 | DISTS: 0.1706
25-12-21 21:47:06.648 :   -> [Diagnosis] Init JSCC | PSNR: 25.59dB | LPIPS: 0.2667
25-12-21 21:47:06.649 : Batch 67/100: Processing Pixel-based Retransmission...
25-12-21 21:47:06.654 :   -> Retransmission Ratio: 10.00% (Target=0.1)
25-12-21 21:47:06.669 :   -> [Diagnosis] After Patching | PSNR: 26.79dB (+1.19dB)
25-12-21 21:47:06.670 : Batch 67/100: Phase 2 (Refinement)...
25-12-21 21:48:25.024 :   -> Phase 2 Results | PSNR: 25.06dB | LPIPS: 0.1839 | DISTS: 0.1502
25-12-21 21:48:25.025 :   -> Gain vs Phase 1 | PSNR: +1.95dB | LPIPS: -0.0074
25-12-21 21:48:25.219 : --------------------------------------------
25-12-21 21:48:25.250 : Batch 68/100: Phase 1 (Initial Reconstruction)...
25-12-21 21:49:41.316 :   -> Phase 1 Results | PSNR: 23.35dB | LPIPS: 0.1260 | DISTS: 0.1545
25-12-21 21:49:41.330 :   -> [Diagnosis] Init JSCC | PSNR: 25.01dB | LPIPS: 0.1636
25-12-21 21:49:41.331 : Batch 68/100: Processing Pixel-based Retransmission...
25-12-21 21:49:41.336 :   -> Retransmission Ratio: 10.00% (Target=0.1)
25-12-21 21:49:41.351 :   -> [Diagnosis] After Patching | PSNR: 26.79dB (+1.78dB)
25-12-21 21:49:41.351 : Batch 68/100: Phase 2 (Refinement)...
25-12-21 21:50:57.211 :   -> Phase 2 Results | PSNR: 25.92dB | LPIPS: 0.0879 | DISTS: 0.1199
25-12-21 21:50:57.212 :   -> Gain vs Phase 1 | PSNR: +2.56dB | LPIPS: -0.0381
25-12-21 21:50:57.399 : --------------------------------------------
25-12-21 21:50:57.445 : Batch 69/100: Phase 1 (Initial Reconstruction)...
25-12-21 21:52:13.233 :   -> Phase 1 Results | PSNR: 22.09dB | LPIPS: 0.2466 | DISTS: 0.2458
25-12-21 21:52:13.247 :   -> [Diagnosis] Init JSCC | PSNR: 25.09dB | LPIPS: 0.1870
25-12-21 21:52:13.248 : Batch 69/100: Processing Pixel-based Retransmission...
25-12-21 21:52:13.254 :   -> Retransmission Ratio: 10.00% (Target=0.1)
25-12-21 21:52:13.268 :   -> [Diagnosis] After Patching | PSNR: 26.12dB (+1.03dB)
25-12-21 21:52:13.269 : Batch 69/100: Phase 2 (Refinement)...
25-12-21 21:53:27.996 :   -> Phase 2 Results | PSNR: 23.94dB | LPIPS: 0.1903 | DISTS: 0.1894
25-12-21 21:53:27.997 :   -> Gain vs Phase 1 | PSNR: +1.85dB | LPIPS: -0.0563
25-12-21 21:53:28.176 : --------------------------------------------
25-12-21 21:53:28.211 : Batch 70/100: Phase 1 (Initial Reconstruction)...
25-12-21 21:54:43.999 :   -> Phase 1 Results | PSNR: 21.43dB | LPIPS: 0.1822 | DISTS: 0.1618
25-12-21 21:54:44.015 :   -> [Diagnosis] Init JSCC | PSNR: 23.17dB | LPIPS: 0.3343
25-12-21 21:54:44.015 : Batch 70/100: Processing Pixel-based Retransmission...
25-12-21 21:54:44.021 :   -> Retransmission Ratio: 10.00% (Target=0.1)
25-12-21 21:54:44.036 :   -> [Diagnosis] After Patching | PSNR: 24.01dB (+0.84dB)
25-12-21 21:54:44.037 : Batch 70/100: Phase 2 (Refinement)...
25-12-21 21:55:59.694 :   -> Phase 2 Results | PSNR: 22.36dB | LPIPS: 0.1804 | DISTS: 0.1453
25-12-21 21:55:59.694 :   -> Gain vs Phase 1 | PSNR: +0.93dB | LPIPS: -0.0018
25-12-21 21:55:59.870 : --------------------------------------------
25-12-21 21:55:59.911 : Batch 71/100: Phase 1 (Initial Reconstruction)...
25-12-21 21:57:16.381 :   -> Phase 1 Results | PSNR: 23.08dB | LPIPS: 0.1796 | DISTS: 0.1811
25-12-21 21:57:16.396 :   -> [Diagnosis] Init JSCC | PSNR: 26.51dB | LPIPS: 0.2690
25-12-21 21:57:16.396 : Batch 71/100: Processing Pixel-based Retransmission...
25-12-21 21:57:16.402 :   -> Retransmission Ratio: 10.00% (Target=0.1)
25-12-21 21:57:16.416 :   -> [Diagnosis] After Patching | PSNR: 27.94dB (+1.43dB)
25-12-21 21:57:16.417 : Batch 71/100: Phase 2 (Refinement)...
25-12-21 21:58:31.648 :   -> Phase 2 Results | PSNR: 24.63dB | LPIPS: 0.1616 | DISTS: 0.1419
25-12-21 21:58:31.648 :   -> Gain vs Phase 1 | PSNR: +1.54dB | LPIPS: -0.0180
25-12-21 21:58:31.814 : --------------------------------------------
25-12-21 21:58:31.840 : Batch 72/100: Phase 1 (Initial Reconstruction)...
25-12-21 21:59:47.371 :   -> Phase 1 Results | PSNR: 22.92dB | LPIPS: 0.2321 | DISTS: 0.1838
25-12-21 21:59:47.386 :   -> [Diagnosis] Init JSCC | PSNR: 25.03dB | LPIPS: 0.3597
25-12-21 21:59:47.386 : Batch 72/100: Processing Pixel-based Retransmission...
25-12-21 21:59:47.392 :   -> Retransmission Ratio: 10.00% (Target=0.1)
25-12-21 21:59:47.406 :   -> [Diagnosis] After Patching | PSNR: 26.17dB (+1.14dB)
25-12-21 21:59:47.406 : Batch 72/100: Phase 2 (Refinement)...
25-12-21 22:01:04.110 :   -> Phase 2 Results | PSNR: 24.22dB | LPIPS: 0.1805 | DISTS: 0.1609
25-12-21 22:01:04.111 :   -> Gain vs Phase 1 | PSNR: +1.30dB | LPIPS: -0.0516
25-12-21 22:01:04.283 : --------------------------------------------
25-12-21 22:01:04.305 : Batch 73/100: Phase 1 (Initial Reconstruction)...
25-12-21 22:02:19.973 :   -> Phase 1 Results | PSNR: 24.66dB | LPIPS: 0.1493 | DISTS: 0.1570
25-12-21 22:02:19.989 :   -> [Diagnosis] Init JSCC | PSNR: 27.57dB | LPIPS: 0.3194
25-12-21 22:02:19.989 : Batch 73/100: Processing Pixel-based Retransmission...
25-12-21 22:02:19.994 :   -> Retransmission Ratio: 10.00% (Target=0.1)
25-12-21 22:02:20.009 :   -> [Diagnosis] After Patching | PSNR: 28.46dB (+0.89dB)
25-12-21 22:02:20.010 : Batch 73/100: Phase 2 (Refinement)...
25-12-21 22:03:35.161 :   -> Phase 2 Results | PSNR: 25.91dB | LPIPS: 0.1331 | DISTS: 0.1378
25-12-21 22:03:35.161 :   -> Gain vs Phase 1 | PSNR: +1.25dB | LPIPS: -0.0161
25-12-21 22:03:35.343 : --------------------------------------------
25-12-21 22:03:35.385 : Batch 74/100: Phase 1 (Initial Reconstruction)...
25-12-21 22:04:53.318 :   -> Phase 1 Results | PSNR: 22.70dB | LPIPS: 0.1743 | DISTS: 0.1664
25-12-21 22:04:53.341 :   -> [Diagnosis] Init JSCC | PSNR: 24.86dB | LPIPS: 0.3148
25-12-21 22:04:53.341 : Batch 74/100: Processing Pixel-based Retransmission...
25-12-21 22:04:53.349 :   -> Retransmission Ratio: 10.00% (Target=0.1)
25-12-21 22:04:53.372 :   -> [Diagnosis] After Patching | PSNR: 25.71dB (+0.85dB)
25-12-21 22:04:53.373 : Batch 74/100: Phase 2 (Refinement)...
25-12-21 22:06:09.407 :   -> Phase 2 Results | PSNR: 23.52dB | LPIPS: 0.1540 | DISTS: 0.1323
25-12-21 22:06:09.407 :   -> Gain vs Phase 1 | PSNR: +0.82dB | LPIPS: -0.0203
25-12-21 22:06:09.587 : --------------------------------------------
25-12-21 22:06:09.629 : Batch 75/100: Phase 1 (Initial Reconstruction)...
25-12-21 22:07:25.596 :   -> Phase 1 Results | PSNR: 22.38dB | LPIPS: 0.1547 | DISTS: 0.1658
25-12-21 22:07:25.619 :   -> [Diagnosis] Init JSCC | PSNR: 23.76dB | LPIPS: 0.2449
25-12-21 22:07:25.619 : Batch 75/100: Processing Pixel-based Retransmission...
25-12-21 22:07:25.627 :   -> Retransmission Ratio: 10.00% (Target=0.1)
25-12-21 22:07:25.650 :   -> [Diagnosis] After Patching | PSNR: 24.88dB (+1.12dB)
25-12-21 22:07:25.651 : Batch 75/100: Phase 2 (Refinement)...
25-12-21 22:08:42.431 :   -> Phase 2 Results | PSNR: 23.93dB | LPIPS: 0.0970 | DISTS: 0.1167
25-12-21 22:08:42.431 :   -> Gain vs Phase 1 | PSNR: +1.56dB | LPIPS: -0.0577
25-12-21 22:08:42.629 : --------------------------------------------
25-12-21 22:08:42.660 : Batch 76/100: Phase 1 (Initial Reconstruction)...
25-12-21 22:09:59.817 :   -> Phase 1 Results | PSNR: 20.90dB | LPIPS: 0.2045 | DISTS: 0.1854
25-12-21 22:09:59.832 :   -> [Diagnosis] Init JSCC | PSNR: 22.78dB | LPIPS: 0.2682
25-12-21 22:09:59.832 : Batch 76/100: Processing Pixel-based Retransmission...
25-12-21 22:09:59.838 :   -> Retransmission Ratio: 10.00% (Target=0.1)
25-12-21 22:09:59.853 :   -> [Diagnosis] After Patching | PSNR: 23.68dB (+0.89dB)
25-12-21 22:09:59.853 : Batch 76/100: Phase 2 (Refinement)...
25-12-21 22:11:14.602 :   -> Phase 2 Results | PSNR: 21.99dB | LPIPS: 0.1670 | DISTS: 0.1798
25-12-21 22:11:14.602 :   -> Gain vs Phase 1 | PSNR: +1.10dB | LPIPS: -0.0375
25-12-21 22:11:14.789 : --------------------------------------------
25-12-21 22:11:14.823 : Batch 77/100: Phase 1 (Initial Reconstruction)...
25-12-21 22:12:30.877 :   -> Phase 1 Results | PSNR: 24.17dB | LPIPS: 0.1539 | DISTS: 0.1242
25-12-21 22:12:30.892 :   -> [Diagnosis] Init JSCC | PSNR: 25.83dB | LPIPS: 0.2827
25-12-21 22:12:30.892 : Batch 77/100: Processing Pixel-based Retransmission...
25-12-21 22:12:30.898 :   -> Retransmission Ratio: 10.00% (Target=0.1)
25-12-21 22:12:30.913 :   -> [Diagnosis] After Patching | PSNR: 27.20dB (+1.37dB)
25-12-21 22:12:30.913 : Batch 77/100: Phase 2 (Refinement)...
25-12-21 22:13:45.627 :   -> Phase 2 Results | PSNR: 25.97dB | LPIPS: 0.1540 | DISTS: 0.1055
25-12-21 22:13:45.627 :   -> Gain vs Phase 1 | PSNR: +1.80dB | LPIPS: 0.0002
25-12-21 22:13:45.805 : --------------------------------------------
25-12-21 22:13:45.822 : Batch 78/100: Phase 1 (Initial Reconstruction)...
25-12-21 22:15:02.718 :   -> Phase 1 Results | PSNR: 23.55dB | LPIPS: 0.1875 | DISTS: 0.1814
25-12-21 22:15:02.734 :   -> [Diagnosis] Init JSCC | PSNR: 26.08dB | LPIPS: 0.3135
25-12-21 22:15:02.734 : Batch 78/100: Processing Pixel-based Retransmission...
25-12-21 22:15:02.740 :   -> Retransmission Ratio: 10.00% (Target=0.1)
25-12-21 22:15:02.756 :   -> [Diagnosis] After Patching | PSNR: 26.93dB (+0.85dB)
25-12-21 22:15:02.756 : Batch 78/100: Phase 2 (Refinement)...
25-12-21 22:16:21.002 :   -> Phase 2 Results | PSNR: 25.13dB | LPIPS: 0.1469 | DISTS: 0.1598
25-12-21 22:16:21.002 :   -> Gain vs Phase 1 | PSNR: +1.59dB | LPIPS: -0.0406
25-12-21 22:16:21.220 : --------------------------------------------
25-12-21 22:16:21.253 : Batch 79/100: Phase 1 (Initial Reconstruction)...
25-12-21 22:17:38.144 :   -> Phase 1 Results | PSNR: 23.33dB | LPIPS: 0.2213 | DISTS: 0.1745
25-12-21 22:17:38.159 :   -> [Diagnosis] Init JSCC | PSNR: 25.09dB | LPIPS: 0.3899
25-12-21 22:17:38.160 : Batch 79/100: Processing Pixel-based Retransmission...
25-12-21 22:17:38.165 :   -> Retransmission Ratio: 10.00% (Target=0.1)
25-12-21 22:17:38.180 :   -> [Diagnosis] After Patching | PSNR: 25.81dB (+0.71dB)
25-12-21 22:17:38.181 : Batch 79/100: Phase 2 (Refinement)...
25-12-21 22:18:54.572 :   -> Phase 2 Results | PSNR: 24.30dB | LPIPS: 0.1687 | DISTS: 0.1515
25-12-21 22:18:54.572 :   -> Gain vs Phase 1 | PSNR: +0.97dB | LPIPS: -0.0526
25-12-21 22:18:54.762 : --------------------------------------------
25-12-21 22:18:54.799 : Batch 80/100: Phase 1 (Initial Reconstruction)...
25-12-21 22:20:10.350 :   -> Phase 1 Results | PSNR: 22.25dB | LPIPS: 0.1767 | DISTS: 0.1665
25-12-21 22:20:10.365 :   -> [Diagnosis] Init JSCC | PSNR: 24.34dB | LPIPS: 0.2381
25-12-21 22:20:10.365 : Batch 80/100: Processing Pixel-based Retransmission...
25-12-21 22:20:10.371 :   -> Retransmission Ratio: 10.00% (Target=0.1)
25-12-21 22:20:10.386 :   -> [Diagnosis] After Patching | PSNR: 25.66dB (+1.32dB)
25-12-21 22:20:10.386 : Batch 80/100: Phase 2 (Refinement)...
25-12-21 22:21:27.393 :   -> Phase 2 Results | PSNR: 23.92dB | LPIPS: 0.1484 | DISTS: 0.1403
25-12-21 22:21:27.394 :   -> Gain vs Phase 1 | PSNR: +1.67dB | LPIPS: -0.0283
25-12-21 22:21:27.587 : --------------------------------------------
25-12-21 22:21:27.610 : Batch 81/100: Phase 1 (Initial Reconstruction)...
25-12-21 22:22:43.508 :   -> Phase 1 Results | PSNR: 25.08dB | LPIPS: 0.1602 | DISTS: 0.1471
25-12-21 22:22:43.524 :   -> [Diagnosis] Init JSCC | PSNR: 27.14dB | LPIPS: 0.3548
25-12-21 22:22:43.524 : Batch 81/100: Processing Pixel-based Retransmission...
25-12-21 22:22:43.530 :   -> Retransmission Ratio: 10.00% (Target=0.1)
25-12-21 22:22:43.544 :   -> [Diagnosis] After Patching | PSNR: 28.16dB (+1.02dB)
25-12-21 22:22:43.545 : Batch 81/100: Phase 2 (Refinement)...
25-12-21 22:23:59.953 :   -> Phase 2 Results | PSNR: 26.21dB | LPIPS: 0.1299 | DISTS: 0.1305
25-12-21 22:23:59.954 :   -> Gain vs Phase 1 | PSNR: +1.13dB | LPIPS: -0.0304
25-12-21 22:24:00.155 : --------------------------------------------
25-12-21 22:24:00.182 : Batch 82/100: Phase 1 (Initial Reconstruction)...
25-12-21 22:25:18.445 :   -> Phase 1 Results | PSNR: 23.27dB | LPIPS: 0.2065 | DISTS: 0.1772
25-12-21 22:25:18.467 :   -> [Diagnosis] Init JSCC | PSNR: 25.90dB | LPIPS: 0.3349
25-12-21 22:25:18.467 : Batch 82/100: Processing Pixel-based Retransmission...
25-12-21 22:25:18.476 :   -> Retransmission Ratio: 10.00% (Target=0.1)
25-12-21 22:25:18.499 :   -> [Diagnosis] After Patching | PSNR: 26.57dB (+0.67dB)
25-12-21 22:25:18.499 : Batch 82/100: Phase 2 (Refinement)...
25-12-21 22:26:34.542 :   -> Phase 2 Results | PSNR: 24.49dB | LPIPS: 0.2063 | DISTS: 0.1982
25-12-21 22:26:34.542 :   -> Gain vs Phase 1 | PSNR: +1.21dB | LPIPS: -0.0002
25-12-21 22:26:34.741 : --------------------------------------------
25-12-21 22:26:34.780 : Batch 83/100: Phase 1 (Initial Reconstruction)...
25-12-21 22:27:51.736 :   -> Phase 1 Results | PSNR: 21.01dB | LPIPS: 0.1637 | DISTS: 0.1935
25-12-21 22:27:51.751 :   -> [Diagnosis] Init JSCC | PSNR: 22.14dB | LPIPS: 0.2607
25-12-21 22:27:51.752 : Batch 83/100: Processing Pixel-based Retransmission...
25-12-21 22:27:51.758 :   -> Retransmission Ratio: 10.00% (Target=0.1)
25-12-21 22:27:51.772 :   -> [Diagnosis] After Patching | PSNR: 22.76dB (+0.62dB)
25-12-21 22:27:51.773 : Batch 83/100: Phase 2 (Refinement)...
25-12-21 22:29:08.156 :   -> Phase 2 Results | PSNR: 21.78dB | LPIPS: 0.1654 | DISTS: 0.1833
25-12-21 22:29:08.156 :   -> Gain vs Phase 1 | PSNR: +0.77dB | LPIPS: 0.0017
25-12-21 22:29:08.339 : --------------------------------------------
25-12-21 22:29:08.386 : Batch 84/100: Phase 1 (Initial Reconstruction)...
25-12-21 22:30:25.627 :   -> Phase 1 Results | PSNR: 21.72dB | LPIPS: 0.2471 | DISTS: 0.1825
25-12-21 22:30:25.642 :   -> [Diagnosis] Init JSCC | PSNR: 24.38dB | LPIPS: 0.3798
25-12-21 22:30:25.643 : Batch 84/100: Processing Pixel-based Retransmission...
25-12-21 22:30:25.648 :   -> Retransmission Ratio: 10.00% (Target=0.1)
25-12-21 22:30:25.663 :   -> [Diagnosis] After Patching | PSNR: 24.90dB (+0.51dB)
25-12-21 22:30:25.664 : Batch 84/100: Phase 2 (Refinement)...
25-12-21 22:31:41.526 :   -> Phase 2 Results | PSNR: 22.78dB | LPIPS: 0.2203 | DISTS: 0.1482
25-12-21 22:31:41.526 :   -> Gain vs Phase 1 | PSNR: +1.07dB | LPIPS: -0.0268
25-12-21 22:31:41.700 : --------------------------------------------
25-12-21 22:31:41.742 : Batch 85/100: Phase 1 (Initial Reconstruction)...
25-12-21 22:33:00.761 :   -> Phase 1 Results | PSNR: 24.22dB | LPIPS: 0.2354 | DISTS: 0.1901
25-12-21 22:33:00.777 :   -> [Diagnosis] Init JSCC | PSNR: 26.06dB | LPIPS: 0.4122
25-12-21 22:33:00.777 : Batch 85/100: Processing Pixel-based Retransmission...
25-12-21 22:33:00.783 :   -> Retransmission Ratio: 10.00% (Target=0.1)
25-12-21 22:33:00.797 :   -> [Diagnosis] After Patching | PSNR: 26.74dB (+0.69dB)
25-12-21 22:33:00.797 : Batch 85/100: Phase 2 (Refinement)...
25-12-21 22:34:16.425 :   -> Phase 2 Results | PSNR: 25.13dB | LPIPS: 0.1911 | DISTS: 0.1422
25-12-21 22:34:16.426 :   -> Gain vs Phase 1 | PSNR: +0.92dB | LPIPS: -0.0443
25-12-21 22:34:16.627 : --------------------------------------------
25-12-21 22:34:16.653 : Batch 86/100: Phase 1 (Initial Reconstruction)...
25-12-21 22:35:32.350 :   -> Phase 1 Results | PSNR: 22.17dB | LPIPS: 0.1762 | DISTS: 0.1555
25-12-21 22:35:32.365 :   -> [Diagnosis] Init JSCC | PSNR: 24.37dB | LPIPS: 0.3066
25-12-21 22:35:32.366 : Batch 86/100: Processing Pixel-based Retransmission...
25-12-21 22:35:32.371 :   -> Retransmission Ratio: 10.00% (Target=0.1)
25-12-21 22:35:32.387 :   -> [Diagnosis] After Patching | PSNR: 25.30dB (+0.92dB)
25-12-21 22:35:32.387 : Batch 86/100: Phase 2 (Refinement)...
25-12-21 22:36:49.400 :   -> Phase 2 Results | PSNR: 23.65dB | LPIPS: 0.1536 | DISTS: 0.1356
25-12-21 22:36:49.400 :   -> Gain vs Phase 1 | PSNR: +1.47dB | LPIPS: -0.0225
25-12-21 22:36:49.582 : --------------------------------------------
25-12-21 22:36:49.609 : Batch 87/100: Phase 1 (Initial Reconstruction)...
25-12-21 22:38:05.755 :   -> Phase 1 Results | PSNR: 20.49dB | LPIPS: 0.2098 | DISTS: 0.1867
25-12-21 22:38:05.770 :   -> [Diagnosis] Init JSCC | PSNR: 22.05dB | LPIPS: 0.2664
25-12-21 22:38:05.770 : Batch 87/100: Processing Pixel-based Retransmission...
25-12-21 22:38:05.776 :   -> Retransmission Ratio: 10.00% (Target=0.1)
25-12-21 22:38:05.793 :   -> [Diagnosis] After Patching | PSNR: 22.73dB (+0.67dB)
25-12-21 22:38:05.793 : Batch 87/100: Phase 2 (Refinement)...
25-12-21 22:39:23.719 :   -> Phase 2 Results | PSNR: 21.35dB | LPIPS: 0.1809 | DISTS: 0.1712
25-12-21 22:39:23.719 :   -> Gain vs Phase 1 | PSNR: +0.86dB | LPIPS: -0.0289
25-12-21 22:39:23.904 : --------------------------------------------
25-12-21 22:39:23.937 : Batch 88/100: Phase 1 (Initial Reconstruction)...
25-12-21 22:40:40.134 :   -> Phase 1 Results | PSNR: 22.16dB | LPIPS: 0.2801 | DISTS: 0.2093
25-12-21 22:40:40.149 :   -> [Diagnosis] Init JSCC | PSNR: 25.17dB | LPIPS: 0.3945
25-12-21 22:40:40.149 : Batch 88/100: Processing Pixel-based Retransmission...
25-12-21 22:40:40.155 :   -> Retransmission Ratio: 10.00% (Target=0.1)
25-12-21 22:40:40.171 :   -> [Diagnosis] After Patching | PSNR: 26.35dB (+1.17dB)
25-12-21 22:40:40.171 : Batch 88/100: Phase 2 (Refinement)...
25-12-21 22:41:56.313 :   -> Phase 2 Results | PSNR: 23.66dB | LPIPS: 0.2548 | DISTS: 0.1716
25-12-21 22:41:56.313 :   -> Gain vs Phase 1 | PSNR: +1.50dB | LPIPS: -0.0252
25-12-21 22:41:56.501 : --------------------------------------------
25-12-21 22:41:56.532 : Batch 89/100: Phase 1 (Initial Reconstruction)...
25-12-21 22:43:12.796 :   -> Phase 1 Results | PSNR: 21.84dB | LPIPS: 0.1716 | DISTS: 0.1738
25-12-21 22:43:12.811 :   -> [Diagnosis] Init JSCC | PSNR: 24.38dB | LPIPS: 0.2398
25-12-21 22:43:12.811 : Batch 89/100: Processing Pixel-based Retransmission...
25-12-21 22:43:12.817 :   -> Retransmission Ratio: 10.00% (Target=0.1)
25-12-21 22:43:12.832 :   -> [Diagnosis] After Patching | PSNR: 25.32dB (+0.94dB)
25-12-21 22:43:12.832 : Batch 89/100: Phase 2 (Refinement)...
25-12-21 22:44:29.452 :   -> Phase 2 Results | PSNR: 23.20dB | LPIPS: 0.1445 | DISTS: 0.1509
25-12-21 22:44:29.452 :   -> Gain vs Phase 1 | PSNR: +1.36dB | LPIPS: -0.0271
25-12-21 22:44:29.633 : --------------------------------------------
25-12-21 22:44:29.651 : Batch 90/100: Phase 1 (Initial Reconstruction)...
25-12-21 22:45:46.172 :   -> Phase 1 Results | PSNR: 23.34dB | LPIPS: 0.1360 | DISTS: 0.1488
25-12-21 22:45:46.186 :   -> [Diagnosis] Init JSCC | PSNR: 25.58dB | LPIPS: 0.2679
25-12-21 22:45:46.187 : Batch 90/100: Processing Pixel-based Retransmission...
25-12-21 22:45:46.192 :   -> Retransmission Ratio: 10.00% (Target=0.1)
25-12-21 22:45:46.207 :   -> [Diagnosis] After Patching | PSNR: 26.63dB (+1.04dB)
25-12-21 22:45:46.207 : Batch 90/100: Phase 2 (Refinement)...
25-12-21 22:47:02.988 :   -> Phase 2 Results | PSNR: 24.79dB | LPIPS: 0.1194 | DISTS: 0.1401
25-12-21 22:47:02.988 :   -> Gain vs Phase 1 | PSNR: +1.45dB | LPIPS: -0.0165
25-12-21 22:47:03.168 : --------------------------------------------
25-12-21 22:47:03.210 : Batch 91/100: Phase 1 (Initial Reconstruction)...
25-12-21 22:48:20.038 :   -> Phase 1 Results | PSNR: 24.44dB | LPIPS: 0.1566 | DISTS: 0.1479
25-12-21 22:48:20.052 :   -> [Diagnosis] Init JSCC | PSNR: 27.09dB | LPIPS: 0.2573
25-12-21 22:48:20.053 : Batch 91/100: Processing Pixel-based Retransmission...
25-12-21 22:48:20.058 :   -> Retransmission Ratio: 10.00% (Target=0.1)
25-12-21 22:48:20.073 :   -> [Diagnosis] After Patching | PSNR: 27.98dB (+0.89dB)
25-12-21 22:48:20.074 : Batch 91/100: Phase 2 (Refinement)...
25-12-21 22:49:37.220 :   -> Phase 2 Results | PSNR: 25.61dB | LPIPS: 0.1354 | DISTS: 0.1507
25-12-21 22:49:37.220 :   -> Gain vs Phase 1 | PSNR: +1.17dB | LPIPS: -0.0212
25-12-21 22:49:37.419 : --------------------------------------------
25-12-21 22:49:37.437 : Batch 92/100: Phase 1 (Initial Reconstruction)...
25-12-21 22:50:53.515 :   -> Phase 1 Results | PSNR: 22.66dB | LPIPS: 0.1642 | DISTS: 0.1394
25-12-21 22:50:53.537 :   -> [Diagnosis] Init JSCC | PSNR: 24.79dB | LPIPS: 0.2860
25-12-21 22:50:53.537 : Batch 92/100: Processing Pixel-based Retransmission...
25-12-21 22:50:53.543 :   -> Retransmission Ratio: 10.00% (Target=0.1)
25-12-21 22:50:53.559 :   -> [Diagnosis] After Patching | PSNR: 25.54dB (+0.75dB)
25-12-21 22:50:53.559 : Batch 92/100: Phase 2 (Refinement)...
25-12-21 22:52:10.206 :   -> Phase 2 Results | PSNR: 23.54dB | LPIPS: 0.1296 | DISTS: 0.1313
25-12-21 22:52:10.207 :   -> Gain vs Phase 1 | PSNR: +0.88dB | LPIPS: -0.0346
25-12-21 22:52:10.403 : --------------------------------------------
25-12-21 22:52:10.429 : Batch 93/100: Phase 1 (Initial Reconstruction)...
25-12-21 22:53:26.052 :   -> Phase 1 Results | PSNR: 24.61dB | LPIPS: 0.1738 | DISTS: 0.1558
25-12-21 22:53:26.067 :   -> [Diagnosis] Init JSCC | PSNR: 27.43dB | LPIPS: 0.2656
25-12-21 22:53:26.067 : Batch 93/100: Processing Pixel-based Retransmission...
25-12-21 22:53:26.073 :   -> Retransmission Ratio: 10.00% (Target=0.1)
25-12-21 22:53:26.088 :   -> [Diagnosis] After Patching | PSNR: 28.25dB (+0.81dB)
25-12-21 22:53:26.088 : Batch 93/100: Phase 2 (Refinement)...
25-12-21 22:54:42.772 :   -> Phase 2 Results | PSNR: 25.95dB | LPIPS: 0.1563 | DISTS: 0.1453
25-12-21 22:54:42.772 :   -> Gain vs Phase 1 | PSNR: +1.34dB | LPIPS: -0.0175
25-12-21 22:54:42.949 : --------------------------------------------
25-12-21 22:54:42.976 : Batch 94/100: Phase 1 (Initial Reconstruction)...
25-12-21 22:55:58.293 :   -> Phase 1 Results | PSNR: 22.90dB | LPIPS: 0.2089 | DISTS: 0.1824
25-12-21 22:55:58.308 :   -> [Diagnosis] Init JSCC | PSNR: 25.09dB | LPIPS: 0.2820
25-12-21 22:55:58.309 : Batch 94/100: Processing Pixel-based Retransmission...
25-12-21 22:55:58.314 :   -> Retransmission Ratio: 10.00% (Target=0.1)
25-12-21 22:55:58.329 :   -> [Diagnosis] After Patching | PSNR: 25.97dB (+0.88dB)
25-12-21 22:55:58.329 : Batch 94/100: Phase 2 (Refinement)...
25-12-21 22:57:14.345 :   -> Phase 2 Results | PSNR: 23.89dB | LPIPS: 0.1936 | DISTS: 0.1628
25-12-21 22:57:14.345 :   -> Gain vs Phase 1 | PSNR: +1.00dB | LPIPS: -0.0153
25-12-21 22:57:14.570 : --------------------------------------------
25-12-21 22:57:14.619 : Batch 95/100: Phase 1 (Initial Reconstruction)...
25-12-21 22:58:30.437 :   -> Phase 1 Results | PSNR: 22.64dB | LPIPS: 0.2249 | DISTS: 0.2137
25-12-21 22:58:30.452 :   -> [Diagnosis] Init JSCC | PSNR: 24.82dB | LPIPS: 0.2565
25-12-21 22:58:30.452 : Batch 95/100: Processing Pixel-based Retransmission...
25-12-21 22:58:30.458 :   -> Retransmission Ratio: 10.00% (Target=0.1)
25-12-21 22:58:30.473 :   -> [Diagnosis] After Patching | PSNR: 25.79dB (+0.97dB)
25-12-21 22:58:30.473 : Batch 95/100: Phase 2 (Refinement)...
25-12-21 22:59:45.887 :   -> Phase 2 Results | PSNR: 23.92dB | LPIPS: 0.1620 | DISTS: 0.1685
25-12-21 22:59:45.887 :   -> Gain vs Phase 1 | PSNR: +1.28dB | LPIPS: -0.0628
25-12-21 22:59:46.093 : --------------------------------------------
25-12-21 22:59:46.135 : Batch 96/100: Phase 1 (Initial Reconstruction)...
25-12-21 23:01:02.291 :   -> Phase 1 Results | PSNR: 22.18dB | LPIPS: 0.1673 | DISTS: 0.1704
25-12-21 23:01:02.306 :   -> [Diagnosis] Init JSCC | PSNR: 24.43dB | LPIPS: 0.2593
25-12-21 23:01:02.306 : Batch 96/100: Processing Pixel-based Retransmission...
25-12-21 23:01:02.312 :   -> Retransmission Ratio: 10.00% (Target=0.1)
25-12-21 23:01:02.327 :   -> [Diagnosis] After Patching | PSNR: 25.15dB (+0.72dB)
25-12-21 23:01:02.327 : Batch 96/100: Phase 2 (Refinement)...
25-12-21 23:02:18.563 :   -> Phase 2 Results | PSNR: 23.59dB | LPIPS: 0.1479 | DISTS: 0.1590
25-12-21 23:02:18.563 :   -> Gain vs Phase 1 | PSNR: +1.41dB | LPIPS: -0.0194
25-12-21 23:02:18.774 : --------------------------------------------
25-12-21 23:02:18.800 : Batch 97/100: Phase 1 (Initial Reconstruction)...
25-12-21 23:03:34.547 :   -> Phase 1 Results | PSNR: 22.29dB | LPIPS: 0.1804 | DISTS: 0.1562
25-12-21 23:03:34.563 :   -> [Diagnosis] Init JSCC | PSNR: 24.11dB | LPIPS: 0.3132
25-12-21 23:03:34.563 : Batch 97/100: Processing Pixel-based Retransmission...
25-12-21 23:03:34.569 :   -> Retransmission Ratio: 10.00% (Target=0.1)
25-12-21 23:03:34.585 :   -> [Diagnosis] After Patching | PSNR: 24.75dB (+0.65dB)
25-12-21 23:03:34.585 : Batch 97/100: Phase 2 (Refinement)...
25-12-21 23:04:52.395 :   -> Phase 2 Results | PSNR: 23.17dB | LPIPS: 0.1733 | DISTS: 0.1437
25-12-21 23:04:52.395 :   -> Gain vs Phase 1 | PSNR: +0.87dB | LPIPS: -0.0071
25-12-21 23:04:52.579 : --------------------------------------------
25-12-21 23:04:52.622 : Batch 98/100: Phase 1 (Initial Reconstruction)...
25-12-21 23:06:08.844 :   -> Phase 1 Results | PSNR: 24.95dB | LPIPS: 0.1644 | DISTS: 0.1588
25-12-21 23:06:08.858 :   -> [Diagnosis] Init JSCC | PSNR: 27.08dB | LPIPS: 0.2849
25-12-21 23:06:08.859 : Batch 98/100: Processing Pixel-based Retransmission...
25-12-21 23:06:08.864 :   -> Retransmission Ratio: 10.00% (Target=0.1)
25-12-21 23:06:08.879 :   -> [Diagnosis] After Patching | PSNR: 28.42dB (+1.34dB)
25-12-21 23:06:08.879 : Batch 98/100: Phase 2 (Refinement)...
25-12-21 23:07:26.216 :   -> Phase 2 Results | PSNR: 26.43dB | LPIPS: 0.1515 | DISTS: 0.1484
25-12-21 23:07:26.216 :   -> Gain vs Phase 1 | PSNR: +1.48dB | LPIPS: -0.0129
25-12-21 23:07:26.435 : --------------------------------------------
25-12-21 23:07:26.472 : Batch 99/100: Phase 1 (Initial Reconstruction)...
25-12-21 23:08:45.111 :   -> Phase 1 Results | PSNR: 21.45dB | LPIPS: 0.2280 | DISTS: 0.1570
25-12-21 23:08:45.128 :   -> [Diagnosis] Init JSCC | PSNR: 23.52dB | LPIPS: 0.3325
25-12-21 23:08:45.128 : Batch 99/100: Processing Pixel-based Retransmission...
25-12-21 23:08:45.135 :   -> Retransmission Ratio: 10.00% (Target=0.1)
25-12-21 23:08:45.153 :   -> [Diagnosis] After Patching | PSNR: 24.35dB (+0.83dB)
25-12-21 23:08:45.153 : Batch 99/100: Phase 2 (Refinement)...
25-12-21 23:10:01.750 :   -> Phase 2 Results | PSNR: 22.72dB | LPIPS: 0.2023 | DISTS: 0.1801
25-12-21 23:10:01.750 :   -> Gain vs Phase 1 | PSNR: +1.26dB | LPIPS: -0.0257
25-12-21 23:10:01.964 : --------------------------------------------
25-12-21 23:10:02.006 : Batch 100/100: Phase 1 (Initial Reconstruction)...
25-12-21 23:11:19.708 :   -> Phase 1 Results | PSNR: 23.66dB | LPIPS: 0.1488 | DISTS: 0.1362
25-12-21 23:11:19.726 :   -> [Diagnosis] Init JSCC | PSNR: 26.24dB | LPIPS: 0.3235
25-12-21 23:11:19.726 : Batch 100/100: Processing Pixel-based Retransmission...
25-12-21 23:11:19.733 :   -> Retransmission Ratio: 10.00% (Target=0.1)
25-12-21 23:11:19.752 :   -> [Diagnosis] After Patching | PSNR: 27.17dB (+0.93dB)
25-12-21 23:11:19.752 : Batch 100/100: Phase 2 (Refinement)...
25-12-21 23:12:37.162 :   -> Phase 2 Results | PSNR: 24.91dB | LPIPS: 0.1252 | DISTS: 0.1195
25-12-21 23:12:37.162 :   -> Gain vs Phase 1 | PSNR: +1.25dB | LPIPS: -0.0235
25-12-21 23:12:37.354 : --------------------------------------------
25-12-21 23:12:37.357 : Average Phase 2 Results | PSNR: 23.86dB | LPIPS: 0.1641
