25-12-21 17:43:05.344 : 【Channel】: Built awgn channel, SNR 0 dB
25-12-21 17:43:05.617 : Start from timestep 252 with SNR from -4.394049644470215 to 3.999884605407715
25-12-21 17:43:05.617 : 【Config】: Retransmission Mode: rate, Value: 0.2
25-12-21 17:43:07.808 : Batch 1: Phase 1 (Initial Reconstruction)...
25-12-21 17:44:22.504 :   -> Phase 1 PSNR: 20.77dB
25-12-21 17:44:22.505 : Batch 1: Processing Retransmission...
25-12-21 17:44:22.521 :   -> Retransmission Ratio: 20.00% (Target=0.2)
25-12-21 17:44:22.522 :   -> Effective CBR: 0.0208 -> 0.0250
25-12-21 17:44:22.522 : Batch 1: Phase 2 (Refinement)...
25-12-21 17:45:38.181 :   -> Phase 2 PSNR: 21.94dB (+1.17)
25-12-21 17:45:38.321 : --------------------------------------------
25-12-21 17:45:38.338 : Batch 2: Phase 1 (Initial Reconstruction)...
25-12-21 17:46:54.589 :   -> Phase 1 PSNR: 20.70dB
25-12-21 17:46:54.589 : Batch 2: Processing Retransmission...
25-12-21 17:46:54.601 :   -> Retransmission Ratio: 20.00% (Target=0.2)
25-12-21 17:46:54.601 :   -> Effective CBR: 0.0208 -> 0.0250
25-12-21 17:46:54.601 : Batch 2: Phase 2 (Refinement)...
25-12-21 17:48:10.905 :   -> Phase 2 PSNR: 21.65dB (+0.95)
25-12-21 17:48:11.084 : --------------------------------------------
25-12-21 17:48:11.100 : Batch 3: Phase 1 (Initial Reconstruction)...
25-12-21 17:49:27.649 :   -> Phase 1 PSNR: 23.04dB
25-12-21 17:49:27.649 : Batch 3: Processing Retransmission...
25-12-21 17:49:27.664 :   -> Retransmission Ratio: 20.00% (Target=0.2)
25-12-21 17:49:27.664 :   -> Effective CBR: 0.0208 -> 0.0250
25-12-21 17:49:27.664 : Batch 3: Phase 2 (Refinement)...
25-12-21 17:50:44.370 :   -> Phase 2 PSNR: 24.14dB (+1.10)
25-12-21 17:50:44.526 : --------------------------------------------
25-12-21 17:50:44.542 : Batch 4: Phase 1 (Initial Reconstruction)...
25-12-21 17:52:00.326 :   -> Phase 1 PSNR: 23.04dB
25-12-21 17:52:00.326 : Batch 4: Processing Retransmission...
25-12-21 17:52:00.338 :   -> Retransmission Ratio: 20.00% (Target=0.2)
25-12-21 17:52:00.338 :   -> Effective CBR: 0.0208 -> 0.0250
25-12-21 17:52:00.338 : Batch 4: Phase 2 (Refinement)...
25-12-21 17:53:16.920 :   -> Phase 2 PSNR: 23.67dB (+0.63)
25-12-21 17:53:17.080 : --------------------------------------------
25-12-21 17:53:17.097 : Batch 5: Phase 1 (Initial Reconstruction)...
25-12-21 17:54:35.040 :   -> Phase 1 PSNR: 21.85dB
25-12-21 17:54:35.040 : Batch 5: Processing Retransmission...
25-12-21 17:54:35.062 :   -> Retransmission Ratio: 20.00% (Target=0.2)
25-12-21 17:54:35.063 :   -> Effective CBR: 0.0208 -> 0.0250
25-12-21 17:54:35.063 : Batch 5: Phase 2 (Refinement)...
25-12-21 17:55:22.700 : 【Channel】: Built awgn channel, SNR 0 dB
25-12-21 17:55:22.942 : Start from timestep 252 with SNR from -4.394049644470215 to 3.999884605407715
25-12-21 17:55:22.942 : 【Config】: Retransmission Mode: rate, Value: 0.2
25-12-21 17:55:25.358 : Batch 1: Phase 1 (Initial Reconstruction)...
25-12-21 17:56:42.301 :   -> Phase 1 PSNR: 20.77dB
25-12-21 17:56:42.301 : Batch 1: Processing Retransmission...
25-12-21 17:56:42.312 :   -> Retransmission Ratio: 20.00% (Target=0.2)
25-12-21 17:56:42.312 :   -> Effective CBR: 0.0208 -> 0.0250
25-12-21 17:58:45.530 : 【Channel】: Built awgn channel, SNR 0 dB
25-12-21 17:58:45.841 : Start from timestep 252 with SNR from -4.394049644470215 to 3.999884605407715
25-12-21 17:58:45.841 : 【Config】: Retransmission Mode: rate, Value: 0.2
25-12-21 17:58:48.158 : Batch 1: Phase 1 (Initial Reconstruction)...
25-12-21 18:00:03.348 :   -> Phase 1 PSNR: 20.77dB
25-12-21 18:00:03.363 :   -> [Diagnosis] Phase 1 JSCC PSNR: 22.82dB
25-12-21 18:00:03.363 : Batch 1: Processing Retransmission...
25-12-21 18:00:03.375 :   -> Retransmission Ratio: 20.00% (Target=0.2)
25-12-21 18:00:03.404 :   -> [Diagnosis] JSCC Decoder Only Gain: +0.82dB (PSNR: 22.82dB -> 23.63dB)
25-12-21 18:00:03.404 :   -> [Diagnosis] Warning: Low JSCC gain. The mask might be missing critical errors.
25-12-21 18:00:03.404 :   -> Effective CBR: 0.0208 -> 0.0250
25-12-21 18:00:03.404 : Batch 1: Phase 2 (Refinement)...
25-12-21 18:01:19.612 :   -> Phase 2 PSNR: 21.94dB (+1.17)
25-12-21 18:01:19.777 : --------------------------------------------
25-12-21 18:01:19.795 : Batch 2: Phase 1 (Initial Reconstruction)...
25-12-21 18:02:36.417 :   -> Phase 1 PSNR: 20.70dB
25-12-21 18:02:36.434 :   -> [Diagnosis] Phase 1 JSCC PSNR: 23.17dB
25-12-21 18:02:36.435 : Batch 2: Processing Retransmission...
25-12-21 18:02:36.447 :   -> Retransmission Ratio: 20.00% (Target=0.2)
25-12-21 18:02:36.475 :   -> [Diagnosis] JSCC Decoder Only Gain: +0.33dB (PSNR: 23.17dB -> 23.50dB)
25-12-21 18:02:36.475 :   -> [Diagnosis] Warning: Low JSCC gain. The mask might be missing critical errors.
25-12-21 18:02:36.475 :   -> Effective CBR: 0.0208 -> 0.0250
25-12-21 18:02:36.475 : Batch 2: Phase 2 (Refinement)...
25-12-21 18:03:54.036 :   -> Phase 2 PSNR: 21.65dB (+0.95)
25-12-21 18:03:54.221 : --------------------------------------------
25-12-21 18:03:54.239 : Batch 3: Phase 1 (Initial Reconstruction)...
