25-12-21 18:42:44.347 : 【Channel】: Built awgn channel, SNR 0 dB
25-12-21 18:42:44.623 : Start from timestep 252 with SNR from -4.394049644470215 to 3.999884605407715
25-12-21 18:42:44.624 : 【Config】: Retransmission Mode: oracle, Value: 0.2
25-12-21 18:42:46.897 : Batch 1: Phase 1 (Initial Reconstruction)...
25-12-21 18:44:02.523 :   -> Phase 1 PSNR: 20.77dB
25-12-21 18:44:02.538 :   -> [Diagnosis] Phase 1 JSCC PSNR: 22.82dB
25-12-21 18:44:02.538 : Batch 1: Processing Pixel-based Retransmission...
25-12-21 18:44:02.543 :   -> Retransmission Ratio: 20.00% (Target=0.2)
25-12-21 18:44:02.559 :   -> [Diagnosis] JSCC/Patched Gain: +7.84dB (PSNR: 22.82dB -> 30.65dB)
25-12-21 18:44:02.559 : Batch 1: Phase 2 (Refinement)...
25-12-21 18:45:18.420 :   -> Phase 2 PSNR: 26.25dB (+5.48)
25-12-21 18:45:18.612 : --------------------------------------------
25-12-21 18:45:18.630 : Batch 2: Phase 1 (Initial Reconstruction)...
25-12-21 18:46:34.859 :   -> Phase 1 PSNR: 20.78dB
25-12-21 18:46:34.875 :   -> [Diagnosis] Phase 1 JSCC PSNR: 22.44dB
25-12-21 18:46:34.875 : Batch 2: Processing Pixel-based Retransmission...
25-12-21 18:46:34.880 :   -> Retransmission Ratio: 20.00% (Target=0.2)
25-12-21 18:46:34.895 :   -> [Diagnosis] JSCC/Patched Gain: +5.39dB (PSNR: 22.44dB -> 27.84dB)
25-12-21 18:46:34.895 : Batch 2: Phase 2 (Refinement)...
25-12-21 18:47:51.310 :   -> Phase 2 PSNR: 25.60dB (+4.82)
25-12-21 18:47:51.515 : --------------------------------------------
25-12-21 18:47:51.531 : Batch 3: Phase 1 (Initial Reconstruction)...
25-12-21 18:49:08.373 :   -> Phase 1 PSNR: 22.48dB
25-12-21 18:49:08.388 :   -> [Diagnosis] Phase 1 JSCC PSNR: 24.68dB
25-12-21 18:49:08.388 : Batch 3: Processing Pixel-based Retransmission...
25-12-21 18:49:08.394 :   -> Retransmission Ratio: 20.00% (Target=0.2)
25-12-21 18:49:08.409 :   -> [Diagnosis] JSCC/Patched Gain: +4.36dB (PSNR: 24.68dB -> 29.04dB)
25-12-21 18:49:08.410 : Batch 3: Phase 2 (Refinement)...
25-12-21 18:50:25.142 :   -> Phase 2 PSNR: 27.10dB (+4.62)
25-12-21 18:50:25.325 : --------------------------------------------
25-12-21 18:50:25.343 : Batch 4: Phase 1 (Initial Reconstruction)...
25-12-21 18:51:42.523 :   -> Phase 1 PSNR: 22.68dB
25-12-21 18:51:42.539 :   -> [Diagnosis] Phase 1 JSCC PSNR: 25.00dB
25-12-21 18:51:42.539 : Batch 4: Processing Pixel-based Retransmission...
25-12-21 18:51:42.544 :   -> Retransmission Ratio: 20.00% (Target=0.2)
25-12-21 18:51:42.560 :   -> [Diagnosis] JSCC/Patched Gain: +5.15dB (PSNR: 25.00dB -> 30.15dB)
25-12-21 18:51:42.560 : Batch 4: Phase 2 (Refinement)...
25-12-21 18:52:58.112 :   -> Phase 2 PSNR: 26.94dB (+4.26)
25-12-21 18:52:58.283 : --------------------------------------------
25-12-21 18:52:58.299 : Batch 5: Phase 1 (Initial Reconstruction)...
25-12-21 18:54:14.406 :   -> Phase 1 PSNR: 21.91dB
25-12-21 18:54:14.421 :   -> [Diagnosis] Phase 1 JSCC PSNR: 23.86dB
25-12-21 18:54:14.421 : Batch 5: Processing Pixel-based Retransmission...
25-12-21 18:54:14.427 :   -> Retransmission Ratio: 20.00% (Target=0.2)
25-12-21 18:54:14.441 :   -> [Diagnosis] JSCC/Patched Gain: +5.15dB (PSNR: 23.86dB -> 29.02dB)
25-12-21 18:54:14.441 : Batch 5: Phase 2 (Refinement)...
25-12-21 18:55:31.069 :   -> Phase 2 PSNR: 26.85dB (+4.95)
25-12-21 18:55:31.263 : --------------------------------------------
25-12-21 18:55:31.279 : Batch 6: Phase 1 (Initial Reconstruction)...
25-12-21 18:56:48.936 :   -> Phase 1 PSNR: 19.85dB
25-12-21 18:56:48.951 :   -> [Diagnosis] Phase 1 JSCC PSNR: 21.98dB
25-12-21 18:56:48.951 : Batch 6: Processing Pixel-based Retransmission...
25-12-21 18:56:48.957 :   -> Retransmission Ratio: 20.00% (Target=0.2)
25-12-21 18:56:48.972 :   -> [Diagnosis] JSCC/Patched Gain: +5.80dB (PSNR: 21.98dB -> 27.78dB)
25-12-21 18:56:48.972 : Batch 6: Phase 2 (Refinement)...
