25-12-08 11:38:35.900 : Start from timestep 999 with SNR from -4.394049644470215 to 3.999884605407715
25-12-08 11:38:35.900 : 【Config】: model_name: ffhq_10m
25-12-08 11:38:35.900 : 【Config】: testset_name: ffhq_demo
25-12-08 11:38:35.900 : 【Config】: conditioning_method: blind_diffcom
25-12-08 11:38:35.900 : 【Config】: lr_schedule: constant
25-12-08 11:38:35.900 : 【Config】: learning_rate: 1.0
25-12-08 11:38:35.901 : 【Config】: zeta: 1.0
25-12-08 11:38:35.901 : 【Config】: gamma: 0.0
25-12-08 11:38:35.901 : 【Config】: h_lr: 0.2
25-12-08 11:38:35.901 : 【Config】: channel_type: ofdm_tdl
25-12-08 11:38:35.901 : 【Config】: CSNR: 10
25-12-08 11:38:35.901 : 【Config】: LMMSE channel estimation
25-12-08 11:38:35.901 : 【Config】: MMSE equalization
25-12-08 11:38:35.901 : 【Config】: 【BLIND MODE】
25-12-08 11:38:38.537 : batch---1--> 【Baseline】CBR: 0.0208,PSNR: 10.34dB, LPIPS: 0.8292, DISTS: 0.4744, MSSSIM: 0.1183
25-12-08 11:41:33.364 : batch---1--> 【Recon】H_Loss: 0.0305,L_m: 47.7725,L_c: 0.0000,PSNR: 25.63dB, LPIPS: 0.2189, DISTS: 0.2236, MSSSIM: 0.9173
25-12-08 11:41:33.364 : --------------------------------------------
25-12-08 11:41:33.475 : batch---2--> 【Baseline】CBR: 0.0208,PSNR: 7.17dB, LPIPS: 0.7879, DISTS: 0.5107, MSSSIM: 0.0000
25-12-08 11:44:27.714 : batch---2--> 【Recon】H_Loss: 1.0626,L_m: 111.5492,L_c: 0.0000,PSNR: 5.98dB, LPIPS: 0.8612, DISTS: 0.5771, MSSSIM: 0.2408
25-12-08 11:44:27.714 : --------------------------------------------
25-12-08 11:44:27.811 : batch---3--> 【Baseline】CBR: 0.0208,PSNR: 8.85dB, LPIPS: 0.7352, DISTS: 0.5066, MSSSIM: 0.0000
25-12-08 11:47:23.486 : batch---3--> 【Recon】H_Loss: 2.1804,L_m: 81.0765,L_c: 0.0000,PSNR: 5.46dB, LPIPS: 0.6469, DISTS: 0.4190, MSSSIM: 0.0000
25-12-08 11:47:23.487 : --------------------------------------------
25-12-08 11:47:23.607 : batch---4--> 【Baseline】CBR: 0.0208,PSNR: 8.62dB, LPIPS: 0.8005, DISTS: 0.4415, MSSSIM: 0.0000
25-12-08 11:50:20.400 : batch---4--> 【Recon】H_Loss: 0.1989,L_m: 73.1923,L_c: 0.0000,PSNR: 19.85dB, LPIPS: 0.4329, DISTS: 0.2731, MSSSIM: 0.7719
25-12-08 11:50:20.400 : --------------------------------------------
25-12-08 11:50:20.508 : batch---5--> 【Baseline】CBR: 0.0208,PSNR: 8.72dB, LPIPS: 0.7573, DISTS: 0.4477, MSSSIM: 0.0000
25-12-08 11:53:18.249 : batch---5--> 【Recon】H_Loss: 0.1838,L_m: 71.8981,L_c: 0.0000,PSNR: 17.00dB, LPIPS: 0.4184, DISTS: 0.2624, MSSSIM: 0.8072
25-12-08 11:53:18.249 : --------------------------------------------
25-12-08 11:53:18.360 : batch---6--> 【Baseline】CBR: 0.0208,PSNR: 8.71dB, LPIPS: 0.9078, DISTS: 0.5224, MSSSIM: 0.0000
25-12-08 13:07:33.271 : batch---6--> 【Recon】H_Loss: 2.4203,L_m: 95.4408,L_c: 0.0000,PSNR: 6.65dB, LPIPS: 0.8532, DISTS: 0.5249, MSSSIM: 0.1139
25-12-08 13:07:33.272 : --------------------------------------------
25-12-08 13:07:33.397 : batch---7--> 【Baseline】CBR: 0.0208,PSNR: 7.54dB, LPIPS: 0.8277, DISTS: 0.4944, MSSSIM: 0.0000
25-12-08 13:10:22.698 : batch---7--> 【Recon】H_Loss: 0.1628,L_m: 75.9570,L_c: 0.0000,PSNR: 18.57dB, LPIPS: 0.4228, DISTS: 0.3591, MSSSIM: 0.7393
25-12-08 13:10:22.699 : --------------------------------------------
25-12-08 13:10:22.783 : batch---8--> 【Baseline】CBR: 0.0208,PSNR: 8.03dB, LPIPS: 0.7993, DISTS: 0.4977, MSSSIM: 0.0000
25-12-08 13:13:11.848 : batch---8--> 【Recon】H_Loss: 1.9117,L_m: 104.3996,L_c: 0.0000,PSNR: 2.70dB, LPIPS: 0.9039, DISTS: 0.5067, MSSSIM: 0.2305
25-12-08 13:13:11.848 : --------------------------------------------
25-12-08 13:13:11.967 : batch---9--> 【Baseline】CBR: 0.0208,PSNR: 9.00dB, LPIPS: 0.8200, DISTS: 0.4858, MSSSIM: 0.0000
25-12-08 13:16:02.354 : batch---9--> 【Recon】H_Loss: 2.2416,L_m: 70.4859,L_c: 0.0000,PSNR: 5.52dB, LPIPS: 0.6046, DISTS: 0.4244, MSSSIM: 0.0000
25-12-08 13:16:02.354 : --------------------------------------------
25-12-08 13:16:02.430 : batch--10--> 【Baseline】CBR: 0.0208,PSNR: 8.53dB, LPIPS: 0.7808, DISTS: 0.4803, MSSSIM: 0.0000
25-12-08 13:18:53.227 : batch--10--> 【Recon】H_Loss: 2.3536,L_m: 68.2574,L_c: 0.0000,PSNR: 5.75dB, LPIPS: 0.5799, DISTS: 0.3841, MSSSIM: 0.0000
25-12-08 13:18:53.227 : --------------------------------------------
25-12-08 13:18:53.358 : batch--11--> 【Baseline】CBR: 0.0208,PSNR: 7.84dB, LPIPS: 0.6979, DISTS: 0.4578, MSSSIM: 0.0000
25-12-08 13:21:43.267 : batch--11--> 【Recon】H_Loss: 1.7746,L_m: 109.9675,L_c: 0.0000,PSNR: 2.22dB, LPIPS: 0.8403, DISTS: 0.4931, MSSSIM: 0.1993
25-12-08 13:21:43.268 : --------------------------------------------
25-12-08 13:21:43.334 : batch--12--> 【Baseline】CBR: 0.0208,PSNR: 7.82dB, LPIPS: 0.8252, DISTS: 0.4405, MSSSIM: 0.0000
25-12-08 13:24:34.147 : batch--12--> 【Recon】H_Loss: 1.0719,L_m: 112.8018,L_c: 0.0000,PSNR: 5.20dB, LPIPS: 0.9258, DISTS: 0.5306, MSSSIM: 0.2054
25-12-08 13:24:34.147 : --------------------------------------------
25-12-08 13:24:34.252 : batch--13--> 【Baseline】CBR: 0.0208,PSNR: 8.90dB, LPIPS: 0.8464, DISTS: 0.4568, MSSSIM: 0.0000
25-12-08 13:27:24.267 : batch--13--> 【Recon】H_Loss: 0.1178,L_m: 89.8710,L_c: 0.0000,PSNR: 18.11dB, LPIPS: 0.6790, DISTS: 0.3628, MSSSIM: 0.5317
25-12-08 13:27:24.267 : --------------------------------------------
25-12-08 13:27:24.381 : batch--14--> 【Baseline】CBR: 0.0208,PSNR: 8.83dB, LPIPS: 0.7565, DISTS: 0.4313, MSSSIM: 0.0000
25-12-08 13:30:14.052 : batch--14--> 【Recon】H_Loss: 2.2333,L_m: 85.7669,L_c: 0.0000,PSNR: 6.25dB, LPIPS: 0.7071, DISTS: 0.4397, MSSSIM: 0.0000
25-12-08 13:30:14.053 : --------------------------------------------
25-12-08 13:30:14.112 : batch--15--> 【Baseline】CBR: 0.0208,PSNR: 8.17dB, LPIPS: 0.7763, DISTS: 0.4538, MSSSIM: 0.0127
25-12-08 13:33:05.003 : batch--15--> 【Recon】H_Loss: 2.0099,L_m: 102.0164,L_c: 0.0000,PSNR: 2.29dB, LPIPS: 0.8506, DISTS: 0.5100, MSSSIM: 0.1950
25-12-08 13:33:05.004 : --------------------------------------------
25-12-08 13:33:05.076 : batch--16--> 【Baseline】CBR: 0.0208,PSNR: 9.68dB, LPIPS: 0.7499, DISTS: 0.4817, MSSSIM: 0.0000
25-12-08 13:35:56.314 : batch--16--> 【Recon】H_Loss: 2.1299,L_m: 84.3844,L_c: 0.0000,PSNR: 5.43dB, LPIPS: 0.6119, DISTS: 0.4287, MSSSIM: 0.0000
25-12-08 13:35:56.314 : --------------------------------------------
25-12-08 13:35:56.375 : batch--17--> 【Baseline】CBR: 0.0208,PSNR: 8.54dB, LPIPS: 0.7682, DISTS: 0.4564, MSSSIM: 0.0000
25-12-08 13:38:47.216 : batch--17--> 【Recon】H_Loss: 0.3184,L_m: 105.5879,L_c: 0.0000,PSNR: 8.69dB, LPIPS: 0.6230, DISTS: 0.4911, MSSSIM: 0.0000
25-12-08 13:38:47.216 : --------------------------------------------
25-12-08 13:38:47.320 : batch--18--> 【Baseline】CBR: 0.0208,PSNR: 10.03dB, LPIPS: 0.7457, DISTS: 0.4711, MSSSIM: 0.0000
25-12-08 13:41:36.398 : batch--18--> 【Recon】H_Loss: 0.1228,L_m: 66.5567,L_c: 0.0000,PSNR: 22.07dB, LPIPS: 0.2654, DISTS: 0.2324, MSSSIM: 0.8424
25-12-08 13:41:36.398 : --------------------------------------------
25-12-08 13:41:36.515 : batch--19--> 【Baseline】CBR: 0.0208,PSNR: 8.87dB, LPIPS: 0.6943, DISTS: 0.4719, MSSSIM: 0.0000
25-12-08 13:44:25.800 : batch--19--> 【Recon】H_Loss: 2.4650,L_m: 109.6394,L_c: 0.0000,PSNR: 9.62dB, LPIPS: 0.9928, DISTS: 0.6173, MSSSIM: 0.0000
25-12-08 13:44:25.800 : --------------------------------------------
25-12-08 13:44:25.855 : batch--20--> 【Baseline】CBR: 0.0208,PSNR: 9.05dB, LPIPS: 0.7841, DISTS: 0.4585, MSSSIM: 0.0000
25-12-08 13:47:16.306 : batch--20--> 【Recon】H_Loss: 0.1079,L_m: 62.5423,L_c: 0.0000,PSNR: 21.73dB, LPIPS: 0.2116, DISTS: 0.1968, MSSSIM: 0.8552
25-12-08 13:47:16.306 : --------------------------------------------
25-12-08 13:47:16.311 : -----------> Method: blind_diffcom
25-12-08 13:47:16.311 : -----------> Average PSNR (RGB) of (ffhq_demo), SNR: (10): 9.045263646872993 -> 10.737198415420595
25-12-08 13:47:16.311 : -----------> Average LPIPS of (ffhq_demo), SNR: (10): 0.7841407656669617 -> 0.6325177133083344
25-12-08 13:47:16.311 : -----------> Average DISTS of (ffhq_demo), SNR: (10): 0.4584916830062866 -> 0.4128411501646042
25-12-08 13:47:16.311 : -----------> Average MSSSIM of (ffhq_demo), SNR: (10): 0.0 -> 0.3325035605579615
25-12-08 13:47:16.312 : -----------> Average H_Loss of (ffhq_demo), SNR: (10): 1.254884186759591
25-12-08 13:47:16.312 : -----------> Average Measurement Loss L_m of ffhq_demo, SNR: 10dB: 86.4581729888916
25-12-08 13:47:16.312 : -----------> Average Confirming Loss L_c of ffhq_demo, SNR: 10dB: 0.0
25-12-08 13:47:16.312 : -----------> Results Save to /home/naaa/diffcom/results/ffhq_demo/blind_diffcom/djscc_2/ofdm_tdl_10dB/zeta1.0_seed22_gamma0.0_BLIND_h_lr0.2__NFE1000_ffhq_10m
25-12-17 11:28:39.147 : Start from timestep 999 with SNR from -4.394049644470215 to 3.999884605407715
25-12-17 11:28:39.148 : 【Config】: model_name: ffhq_10m
25-12-17 11:28:39.148 : 【Config】: testset_name: ffhq_demo
25-12-17 11:28:39.148 : 【Config】: conditioning_method: blind_diffcom
25-12-17 11:28:39.148 : 【Config】: lr_schedule: constant
25-12-17 11:28:39.148 : 【Config】: learning_rate: 1.0
25-12-17 11:28:39.148 : 【Config】: zeta: 1.0
25-12-17 11:28:39.148 : 【Config】: gamma: 0.0
25-12-17 11:28:39.148 : 【Config】: h_lr: 0.2
25-12-17 11:28:39.148 : 【Config】: channel_type: ofdm_tdl
25-12-17 11:28:39.148 : 【Config】: CSNR: 10
25-12-17 11:28:39.148 : 【Config】: LMMSE channel estimation
25-12-17 11:28:39.149 : 【Config】: MMSE equalization
25-12-17 11:28:39.149 : 【Config】: 【BLIND MODE】
25-12-17 11:28:41.761 : batch---1--> 【Baseline】CBR: 0.0208,PSNR: 9.32dB, LPIPS: 0.8276, DISTS: 0.4630, MSSSIM: 0.0000
25-12-17 11:28:41.762 : Running 5 ensemble sampling for Uncertainty Estimation...
25-12-17 11:42:27.636 : batch---1--> 【Recon (Last Sample)】H_Loss: 0.2073,L_m: 79.9770,L_c: 0.0000,PSNR: 6.88dB, LPIPS: 0.6353, DISTS: 0.4024, MSSSIM: 0.0000
25-12-17 11:42:27.637 : --------------------------------------------
25-12-17 11:42:27.804 : batch---2--> 【Baseline】CBR: 0.0208,PSNR: 8.55dB, LPIPS: 0.8337, DISTS: 0.4865, MSSSIM: 0.0000
25-12-17 11:42:27.804 : Running 5 ensemble sampling for Uncertainty Estimation...
25-12-17 11:55:46.069 : batch---2--> 【Recon (Last Sample)】H_Loss: 2.1312,L_m: 106.7558,L_c: 0.0000,PSNR: 8.13dB, LPIPS: 0.7197, DISTS: 0.4631, MSSSIM: 0.0866
25-12-17 11:55:46.070 : --------------------------------------------
25-12-17 11:55:46.190 : batch---3--> 【Baseline】CBR: 0.0208,PSNR: 10.09dB, LPIPS: 0.7860, DISTS: 0.4668, MSSSIM: 0.0000
25-12-17 11:55:46.190 : Running 5 ensemble sampling for Uncertainty Estimation...
25-12-17 12:08:58.032 : batch---3--> 【Recon (Last Sample)】H_Loss: 0.4801,L_m: 103.3932,L_c: 0.0000,PSNR: 7.40dB, LPIPS: 0.5704, DISTS: 0.3998, MSSSIM: 0.1775
25-12-17 12:08:58.032 : --------------------------------------------
25-12-17 12:08:58.164 : batch---4--> 【Baseline】CBR: 0.0208,PSNR: 8.67dB, LPIPS: 0.8275, DISTS: 0.5113, MSSSIM: 0.0000
25-12-17 12:08:58.164 : Running 5 ensemble sampling for Uncertainty Estimation...
25-12-17 12:22:12.144 : batch---4--> 【Recon (Last Sample)】H_Loss: 2.1889,L_m: 103.2565,L_c: 0.0000,PSNR: 6.62dB, LPIPS: 0.7716, DISTS: 0.5488, MSSSIM: 0.1923
25-12-17 12:22:12.144 : --------------------------------------------
25-12-17 12:22:12.282 : batch---5--> 【Baseline】CBR: 0.0208,PSNR: 8.15dB, LPIPS: 0.7642, DISTS: 0.4989, MSSSIM: 0.0584
25-12-17 12:22:12.283 : Running 5 ensemble sampling for Uncertainty Estimation...
25-12-17 12:35:56.511 : batch---5--> 【Recon (Last Sample)】H_Loss: 0.2975,L_m: 75.7975,L_c: 0.0000,PSNR: 8.22dB, LPIPS: 0.7542, DISTS: 0.4752, MSSSIM: 0.2904
25-12-17 12:35:56.512 : --------------------------------------------
25-12-17 12:35:56.640 : batch---6--> 【Baseline】CBR: 0.0208,PSNR: 10.49dB, LPIPS: 0.8601, DISTS: 0.4402, MSSSIM: 0.1036
25-12-17 12:35:56.640 : Running 5 ensemble sampling for Uncertainty Estimation...
25-12-17 12:49:27.807 : batch---6--> 【Recon (Last Sample)】H_Loss: 0.6503,L_m: 73.9604,L_c: 0.0000,PSNR: 7.50dB, LPIPS: 0.9521, DISTS: 0.6550, MSSSIM: 0.1155
25-12-17 12:49:27.807 : --------------------------------------------
25-12-17 12:49:27.968 : batch---7--> 【Baseline】CBR: 0.0208,PSNR: 9.25dB, LPIPS: 0.7964, DISTS: 0.4273, MSSSIM: 0.0000
25-12-17 12:49:27.968 : Running 5 ensemble sampling for Uncertainty Estimation...
25-12-17 13:03:03.025 : batch---7--> 【Recon (Last Sample)】H_Loss: 1.3692,L_m: 77.7776,L_c: 0.0000,PSNR: 6.07dB, LPIPS: 0.7579, DISTS: 0.4753, MSSSIM: 0.0000
25-12-17 13:03:03.025 : --------------------------------------------
25-12-17 13:03:03.164 : batch---8--> 【Baseline】CBR: 0.0208,PSNR: 8.91dB, LPIPS: 0.7613, DISTS: 0.4480, MSSSIM: 0.0300
25-12-17 13:03:03.165 : Running 5 ensemble sampling for Uncertainty Estimation...
25-12-17 13:18:18.584 : Start from timestep 999 with SNR from -4.394049644470215 to 3.999884605407715
25-12-17 13:18:18.584 : 【Config】: model_name: ffhq_10m
25-12-17 13:18:18.584 : 【Config】: testset_name: ffhq_demo
25-12-17 13:18:18.585 : 【Config】: conditioning_method: blind_diffcom
25-12-17 13:18:18.585 : 【Config】: lr_schedule: constant
25-12-17 13:18:18.585 : 【Config】: learning_rate: 1.0
25-12-17 13:18:18.585 : 【Config】: zeta: 1.0
25-12-17 13:18:18.585 : 【Config】: gamma: 0.0
25-12-17 13:18:18.585 : 【Config】: h_lr: 0.2
25-12-17 13:18:18.585 : 【Config】: channel_type: ofdm_tdl
25-12-17 13:18:18.585 : 【Config】: CSNR: 10
25-12-17 13:18:18.585 : 【Config】: LMMSE channel estimation
25-12-17 13:18:18.585 : 【Config】: MMSE equalization
25-12-17 13:18:18.585 : 【Config】: 【BLIND MODE】
25-12-17 13:18:21.809 : batch---1--> 【Baseline】CBR: 0.0208,PSNR: 9.32dB, LPIPS: 0.8276, DISTS: 0.4630, MSSSIM: 0.0000
25-12-17 13:18:21.810 : Running 5 ensemble sampling for Uncertainty Estimation...
25-12-17 13:21:23.804 : Start from timestep 999 with SNR from -4.394049644470215 to 3.999884605407715
25-12-17 13:21:23.805 : 【Config】: model_name: ffhq_10m
25-12-17 13:21:23.805 : 【Config】: testset_name: ffhq_demo
25-12-17 13:21:23.805 : 【Config】: conditioning_method: blind_diffcom
25-12-17 13:21:23.805 : 【Config】: lr_schedule: constant
25-12-17 13:21:23.805 : 【Config】: learning_rate: 1.0
25-12-17 13:21:23.806 : 【Config】: zeta: 1.0
25-12-17 13:21:23.806 : 【Config】: gamma: 0.0
25-12-17 13:21:23.806 : 【Config】: h_lr: 0.2
25-12-17 13:21:23.806 : 【Config】: channel_type: ofdm_tdl
25-12-17 13:21:23.806 : 【Config】: CSNR: 10
25-12-17 13:21:23.807 : 【Config】: LMMSE channel estimation
25-12-17 13:21:23.807 : 【Config】: MMSE equalization
25-12-17 13:21:23.807 : 【Config】: 【BLIND MODE】
25-12-17 13:21:26.972 : batch---1--> 【Baseline】CBR: 0.0208,PSNR: 10.85dB, LPIPS: 0.7899, DISTS: 0.4615, MSSSIM: 0.1112
